Archive member included to satisfy reference by file (symbol)

c:/progra~2/gnuarm~1/102021~1.10/bin/../lib/gcc/arm-none-eabi/10.3.1/thumb/v6-m/nofp\libgcc.a(_dvmd_tls.o)
                              CMakeFiles/PicoLED.dir/C_/Users/Steve/Documents/Pico/pico-sdk/src/rp2_common/pico_divider/divider.S.obj (__aeabi_idiv0)
c:/progra~2/gnuarm~1/102021~1.10/bin/../lib/gcc/arm-none-eabi/10.3.1/../../../../arm-none-eabi/lib/thumb/v6-m/nofp\libg.a(lib_a-atoi.o)
                              CMakeFiles/PicoLED.dir/C_/Users/Steve/Documents/Pico/pico-sdk/lib/lwip/src/core/netif.c.obj (atoi)
c:/progra~2/gnuarm~1/102021~1.10/bin/../lib/gcc/arm-none-eabi/10.3.1/../../../../arm-none-eabi/lib/thumb/v6-m/nofp\libg.a(lib_a-calloc.o)
                              CMakeFiles/PicoLED.dir/C_/Users/Steve/Documents/Pico/pico-sdk/src/rp2_common/pico_malloc/pico_malloc.c.obj (calloc)
c:/progra~2/gnuarm~1/102021~1.10/bin/../lib/gcc/arm-none-eabi/10.3.1/../../../../arm-none-eabi/lib/thumb/v6-m/nofp\libg.a(lib_a-callocr.o)
                              c:/progra~2/gnuarm~1/102021~1.10/bin/../lib/gcc/arm-none-eabi/10.3.1/../../../../arm-none-eabi/lib/thumb/v6-m/nofp\libg.a(lib_a-calloc.o) (_calloc_r)
c:/progra~2/gnuarm~1/102021~1.10/bin/../lib/gcc/arm-none-eabi/10.3.1/../../../../arm-none-eabi/lib/thumb/v6-m/nofp\libg.a(lib_a-ctype_.o)
                              CMakeFiles/PicoLED.dir/C_/Users/Steve/Documents/Pico/pico-sdk/lib/lwip/src/core/dns.c.obj (_ctype_)
c:/progra~2/gnuarm~1/102021~1.10/bin/../lib/gcc/arm-none-eabi/10.3.1/../../../../arm-none-eabi/lib/thumb/v6-m/nofp\libg.a(lib_a-errno.o)
                              c:/progra~2/gnuarm~1/102021~1.10/bin/../lib/gcc/arm-none-eabi/10.3.1/../../../../arm-none-eabi/lib/thumb/v6-m/nofp\libg.a(lib_a-callocr.o) (__errno)
c:/progra~2/gnuarm~1/102021~1.10/bin/../lib/gcc/arm-none-eabi/10.3.1/../../../../arm-none-eabi/lib/thumb/v6-m/nofp\libg.a(lib_a-impure.o)
                              c:/progra~2/gnuarm~1/102021~1.10/bin/../lib/gcc/arm-none-eabi/10.3.1/../../../../arm-none-eabi/lib/thumb/v6-m/nofp\libg.a(lib_a-calloc.o) (_impure_ptr)
c:/progra~2/gnuarm~1/102021~1.10/bin/../lib/gcc/arm-none-eabi/10.3.1/../../../../arm-none-eabi/lib/thumb/v6-m/nofp\libg.a(lib_a-init.o)
                              c:/progra~2/gnuarm~1/102021~1.10/bin/../lib/gcc/arm-none-eabi/10.3.1/../../../../arm-none-eabi/lib/thumb/v6-m/nofp/crt0.o (__libc_init_array)
c:/progra~2/gnuarm~1/102021~1.10/bin/../lib/gcc/arm-none-eabi/10.3.1/../../../../arm-none-eabi/lib/thumb/v6-m/nofp\libg.a(lib_a-malloc.o)
                              CMakeFiles/PicoLED.dir/C_/Users/Steve/Documents/Pico/pico-sdk/src/rp2_common/pico_malloc/pico_malloc.c.obj (malloc)
c:/progra~2/gnuarm~1/102021~1.10/bin/../lib/gcc/arm-none-eabi/10.3.1/../../../../arm-none-eabi/lib/thumb/v6-m/nofp\libg.a(lib_a-mallocr.o)
                              c:/progra~2/gnuarm~1/102021~1.10/bin/../lib/gcc/arm-none-eabi/10.3.1/../../../../arm-none-eabi/lib/thumb/v6-m/nofp\libg.a(lib_a-callocr.o) (_malloc_r)
c:/progra~2/gnuarm~1/102021~1.10/bin/../lib/gcc/arm-none-eabi/10.3.1/../../../../arm-none-eabi/lib/thumb/v6-m/nofp\libg.a(lib_a-memcmp.o)
                              CMakeFiles/PicoLED.dir/C_/Users/Steve/Documents/Pico/pico-sdk/lib/cyw43-driver/src/cyw43_ll.c.obj (memcmp)
c:/progra~2/gnuarm~1/102021~1.10/bin/../lib/gcc/arm-none-eabi/10.3.1/../../../../arm-none-eabi/lib/thumb/v6-m/nofp\libg.a(lib_a-memmove.o)
                              CMakeFiles/PicoLED.dir/C_/Users/Steve/Documents/Pico/pico-sdk/lib/cyw43-driver/src/cyw43_ll.c.obj (memmove)
c:/progra~2/gnuarm~1/102021~1.10/bin/../lib/gcc/arm-none-eabi/10.3.1/../../../../arm-none-eabi/lib/thumb/v6-m/nofp\libg.a(lib_a-mlock.o)
                              c:/progra~2/gnuarm~1/102021~1.10/bin/../lib/gcc/arm-none-eabi/10.3.1/../../../../arm-none-eabi/lib/thumb/v6-m/nofp\libg.a(lib_a-mallocr.o) (__malloc_lock)
c:/progra~2/gnuarm~1/102021~1.10/bin/../lib/gcc/arm-none-eabi/10.3.1/../../../../arm-none-eabi/lib/thumb/v6-m/nofp\libg.a(lib_a-realloc.o)
                              CMakeFiles/PicoLED.dir/C_/Users/Steve/Documents/Pico/pico-sdk/src/rp2_common/pico_malloc/pico_malloc.c.obj (realloc)
c:/progra~2/gnuarm~1/102021~1.10/bin/../lib/gcc/arm-none-eabi/10.3.1/../../../../arm-none-eabi/lib/thumb/v6-m/nofp\libg.a(lib_a-reallocr.o)
                              c:/progra~2/gnuarm~1/102021~1.10/bin/../lib/gcc/arm-none-eabi/10.3.1/../../../../arm-none-eabi/lib/thumb/v6-m/nofp\libg.a(lib_a-realloc.o) (_realloc_r)
c:/progra~2/gnuarm~1/102021~1.10/bin/../lib/gcc/arm-none-eabi/10.3.1/../../../../arm-none-eabi/lib/thumb/v6-m/nofp\libg.a(lib_a-sbrkr.o)
                              c:/progra~2/gnuarm~1/102021~1.10/bin/../lib/gcc/arm-none-eabi/10.3.1/../../../../arm-none-eabi/lib/thumb/v6-m/nofp\libg.a(lib_a-mallocr.o) (_sbrk_r)
c:/progra~2/gnuarm~1/102021~1.10/bin/../lib/gcc/arm-none-eabi/10.3.1/../../../../arm-none-eabi/lib/thumb/v6-m/nofp\libg.a(lib_a-strlen-stub.o)
[...]
Memory Configuration

Name             Origin             Length             Attributes
FLASH            0x10000000         0x00200000         xr
RAM              0x20000000         0x00040000         xrw
SCRATCH_X        0x20040000         0x00001000         xrw
SCRATCH_Y        0x20041000         0x00001000         xrw
*default*        0x00000000         0xffffffff

Linker script and memory map

LOAD c:/progra~2/gnuarm~1/102021~1.10/bin/../lib/gcc/arm-none-eabi/10.3.1/thumb/v6-m/nofp/crti.o
LOAD c:/progra~2/gnuarm~1/102021~1.10/bin/../lib/gcc/arm-none-eabi/10.3.1/thumb/v6-m/nofp/crtbegin.o
LOAD c:/progra~2/gnuarm~1/102021~1.10/bin/../lib/gcc/arm-none-eabi/10.3.1/../../../../arm-none-eabi/lib/thumb/v6-m/nofp/crt0.o

.flash_begin    0x10000000        0x0
                0x10000000                __flash_binary_start = .

.boot2          0x10000000      0x100
                0x10000000                __boot2_start__ = .
 *(.boot2)
 .boot2         0x10000000      0x100 C:\Users\Steve\AppData\Local\Temp\cc6NY8gv.o
                0x10000100                __boot2_end__ = .
                0x00000001                ASSERT (((__boot2_end__ - __boot2_start__) == 0x100), ERROR: Pico second stage bootloader must be 256 bytes in size)

.text           0x10000100     0x3930
                0x10000100                __logical_binary_start = .
 *(.vectors)
 .vectors       0x10000100       0xd4 CMakeFiles/PicoLED.dir/C_/Users/Steve/Documents/Pico/pico-sdk/src/rp2_common/pico_standard_link/crt0.S.obj
                0x10000100                __VECTOR_TABLE
                0x10000100                __vectors
                0x100001c0                isr_invalid
                0x100001c0                __default_isrs_start
                0x100001c2                isr_nmi
                0x100001c4                isr_hardfault
                0x100001c6                isr_svcall
                0x100001c8                isr_pendsv
                0x100001ca                isr_systick
                0x100001cc                isr_irq23
                0x100001cc                isr_irq18
                0x100001cc                isr_irq11
                0x100001cc                isr_irq28
                0x100001cc                isr_irq19
                0x100001cc                isr_irq0
                0x100001cc                isr_irq6
                0x100001cc                isr_irq5
                0x100001cc                isr_irq12
                0x100001cc                isr_irq22
                0x100001cc                isr_irq31
                0x100001cc                isr_irq17
                0x100001cc                isr_irq27
                0x100001cc                isr_irq30
                0x100001cc                isr_irq2
                0x100001cc                isr_irq10
                0x100001cc                isr_irq8
                0x100001cc                isr_irq24
                0x100001cc                isr_irq1
                0x100001cc                isr_irq7
                0x100001cc                isr_irq21
                0x100001cc                isr_irq20
                0x100001cc                isr_irq15
                0x100001cc                isr_irq25
                0x100001cc                isr_irq13
                0x100001cc                __unhandled_user_irq
                0x100001cc                isr_irq4
                0x100001cc                isr_irq16
                0x100001cc                isr_irq29
                0x100001cc                isr_irq26
                0x100001cc                __default_isrs_end
                0x100001cc                isr_irq3
                0x100001cc                isr_irq14
                0x100001cc                isr_irq9
                0x100001d2                unhandled_user_irq_num_in_r0
 *(.binary_info_header)
 .binary_info_header
                0x100001d4       0x14 CMakeFiles/PicoLED.dir/C_/Users/Steve/Documents/Pico/pico-sdk/src/rp2_common/pico_standard_link/crt0.S.obj
                0x100001e8                __binary_info_header_end = .
 *(.reset)
 .reset         0x100001e8       0xa8 CMakeFiles/PicoLED.dir/C_/Users/Steve/Documents/Pico/pico-sdk/src/rp2_common/pico_standard_link/crt0.S.obj
                0x100001e8                _entry_point
                0x10000266                __get_current_exception
 .reset         0x10000290       0x30 CMakeFiles/PicoLED.dir/C_/Users/Steve/Documents/Pico/pico-sdk/src/rp2_common/pico_standard_link/binary_info.c.obj
 *(.init)
 .init          0x100002c0        0x4 c:/progra~2/gnuarm~1/102021~1.10/bin/../lib/gcc/arm-none-eabi/10.3.1/thumb/v6-m/nofp/crti.o
                0x100002c0                _init
 *(EXCLUDE_FILE(*libm.a: *libc.a:*lib_a-mem*.o *libgcc.a:) .text*)
 .text          0x100002c4       0x48 c:/progra~2/gnuarm~1/102021~1.10/bin/../lib/gcc/arm-none-eabi/10.3.1/thumb/v6-m/nofp/crtbegin.o
 .text.main     0x1000030c       0x14 CMakeFiles/PicoLED.dir/PicoLED.cpp.obj
                0x1000030c                main
 .text.gpio_set_function
                0x10000320       0x30 CMakeFiles/PicoLED.dir/C_/Users/Steve/Documents/Pico/pico-sdk/src/rp2_common/hardware_gpio/gpio.c.obj
                0x10000320                gpio_set_function
 .text.hw_claim_lock
                0x10000350       0x18 CMakeFiles/PicoLED.dir/C_/Users/Steve/Documents/Pico/pico-sdk/src/rp2_common/hardware_claim/claim.c.obj
                0x10000350                hw_claim_lock
 .text.hw_claim_unlock
                0x10000368       0x14 CMakeFiles/PicoLED.dir/C_/Users/Steve/Documents/Pico/pico-sdk/src/rp2_common/hardware_claim/claim.c.obj
                0x10000368                hw_claim_unlock
 .text.hw_claim_or_assert
                0x1000037c       0x32 CMakeFiles/PicoLED.dir/C_/Users/Steve/Documents/Pico/pico-sdk/src/rp2_common/hardware_claim/claim.c.obj
                0x1000037c                hw_claim_or_assert
 *fill*         0x100003ae        0x2 
 .text.running_on_fpga
                0x100003b0       0x14 CMakeFiles/PicoLED.dir/C_/Users/Steve/Documents/Pico/pico-sdk/src/rp2_common/pico_platform/platform.c.obj
                0x100003b0                running_on_fpga
 .text.spin_locks_reset
                0x100003c4       0x20 CMakeFiles/PicoLED.dir/C_/Users/Steve/Documents/Pico/pico-sdk/src/rp2_common/hardware_sync/sync.c.obj
                0x100003c4                spin_locks_reset
 .text.next_striped_spin_lock_num
                0x100003e4       0x1c CMakeFiles/PicoLED.dir/C_/Users/Steve/Documents/Pico/pico-sdk/src/rp2_common/hardware_sync/sync.c.obj
                0x100003e4                next_striped_spin_lock_num
 .text.set_raw_irq_handler_and_unlock
                0x10000400       0x28 CMakeFiles/PicoLED.dir/C_/Users/Steve/Documents/Pico/pico-sdk/src/rp2_common/hardware_irq/irq.c.obj
 .text.make_branch
                0x10000428       0x48 CMakeFiles/PicoLED.dir/C_/Users/Steve/Documents/Pico/pico-sdk/src/rp2_common/hardware_irq/irq.c.obj
 .text.insert_branch_and_link
                0x10000470       0x40 CMakeFiles/PicoLED.dir/C_/Users/Steve/Documents/Pico/pico-sdk/src/rp2_common/hardware_irq/irq.c.obj
 .text.irq_is_enabled
                0x100004b0       0x18 CMakeFiles/PicoLED.dir/C_/Users/Steve/Documents/Pico/pico-sdk/src/rp2_common/hardware_irq/irq.c.obj
                0x100004b0                irq_is_enabled
 .text.irq_set_mask_enabled
                0x100004c8       0x20 CMakeFiles/PicoLED.dir/C_/Users/Steve/Documents/Pico/pico-sdk/src/rp2_common/hardware_irq/irq.c.obj
                0x100004c8                irq_set_mask_enabled
 .text.irq_set_enabled
                0x100004e8        0xe CMakeFiles/PicoLED.dir/C_/Users/Steve/Documents/Pico/pico-sdk/src/rp2_common/hardware_irq/irq.c.obj
                0x100004e8                irq_set_enabled
 *fill*         0x100004f6        0x2 
 .text.irq_get_vtable_handler
                0x100004f8       0x10 CMakeFiles/PicoLED.dir/C_/Users/Steve/Documents/Pico/pico-sdk/src/rp2_common/hardware_irq/irq.c.obj
                0x100004f8                irq_get_vtable_handler
 .text.irq_set_exclusive_handler
                0x10000508       0x54 CMakeFiles/PicoLED.dir/C_/Users/Steve/Documents/Pico/pico-sdk/src/rp2_common/hardware_irq/irq.c.obj
                0x10000508                irq_set_exclusive_handler
 .text.irq_remove_handler
                0x1000055c      0x1a8 CMakeFiles/PicoLED.dir/C_/Users/Steve/Documents/Pico/pico-sdk/src/rp2_common/hardware_irq/irq.c.obj
                0x1000055c                irq_remove_handler
 .text.irq_add_tail_to_free_list
                0x10000704       0xf0 CMakeFiles/PicoLED.dir/C_/Users/Steve/Documents/Pico/pico-sdk/src/rp2_common/hardware_irq/irq.c.obj
                0x10000704                irq_add_tail_to_free_list
 .text.irq_init_priorities
                0x100007f4       0x1c CMakeFiles/PicoLED.dir/C_/Users/Steve/Documents/Pico/pico-sdk/src/rp2_common/hardware_irq/irq.c.obj
                0x100007f4                irq_init_priorities
 .text.lock_init
                0x10000810       0x10 CMakeFiles/PicoLED.dir/C_/Users/Steve/Documents/Pico/pico-sdk/src/common/pico_sync/lock_core.c.obj
                0x10000810                lock_init
 .text.alarm_pool_post_alloc_init
                0x10000820       0x40 CMakeFiles/PicoLED.dir/C_/Users/Steve/Documents/Pico/pico-sdk/src/common/pico_time/time.c.obj
 .text.timer_pool_entry_comparator
                0x10000860       0x7c CMakeFiles/PicoLED.dir/C_/Users/Steve/Documents/Pico/pico-sdk/src/common/pico_time/time.c.obj
                0x10000860                timer_pool_entry_comparator
 .text.ph_add_child_node
                0x100008dc       0xa4 CMakeFiles/PicoLED.dir/C_/Users/Steve/Documents/Pico/pico-sdk/src/common/pico_time/time.c.obj
 .text.ph_merge_nodes
                0x10000980       0x3e CMakeFiles/PicoLED.dir/C_/Users/Steve/Documents/Pico/pico-sdk/src/common/pico_time/time.c.obj
 *fill*         0x100009be        0x2 
 .text.add_alarm_under_lock
                0x100009c0      0x174 CMakeFiles/PicoLED.dir/C_/Users/Steve/Documents/Pico/pico-sdk/src/common/pico_time/time.c.obj
 .text.alarm_pool_alarm_callback
                0x10000b34      0x328 CMakeFiles/PicoLED.dir/C_/Users/Steve/Documents/Pico/pico-sdk/src/common/pico_time/time.c.obj
 .text.alarm_pool_init_default
                0x10000e5c       0x38 CMakeFiles/PicoLED.dir/C_/Users/Steve/Documents/Pico/pico-sdk/src/common/pico_time/time.c.obj
                0x10000e5c                alarm_pool_init_default
 .text.hardware_alarm_irq_handler
                0x10000e94       0x8c CMakeFiles/PicoLED.dir/C_/Users/Steve/Documents/Pico/pico-sdk/src/rp2_common/hardware_timer/timer.c.obj
 .text.hardware_alarm_claim
                0x10000f20       0x18 CMakeFiles/PicoLED.dir/C_/Users/Steve/Documents/Pico/pico-sdk/src/rp2_common/hardware_timer/timer.c.obj
                0x10000f20                hardware_alarm_claim
 .text.time_us_64
                0x10000f38       0x18 CMakeFiles/PicoLED.dir/C_/Users/Steve/Documents/Pico/pico-sdk/src/rp2_common/hardware_timer/timer.c.obj
                0x10000f38                time_us_64
 .text.hardware_alarm_set_callback
                0x10000f50       0x90 CMakeFiles/PicoLED.dir/C_/Users/Steve/Documents/Pico/pico-sdk/src/rp2_common/hardware_timer/timer.c.obj
                0x10000f50                hardware_alarm_set_callback
 .text.hardware_alarm_set_target
                0x10000fe0       0xe8 CMakeFiles/PicoLED.dir/C_/Users/Steve/Documents/Pico/pico-sdk/src/rp2_common/hardware_timer/timer.c.obj
                0x10000fe0                hardware_alarm_set_target
 .text.hardware_alarm_cancel
                0x100010c8       0x40 CMakeFiles/PicoLED.dir/C_/Users/Steve/Documents/Pico/pico-sdk/src/rp2_common/hardware_timer/timer.c.obj
                0x100010c8                hardware_alarm_cancel
 .text.ph_add_child_node
                0x10001108       0xa4 CMakeFiles/PicoLED.dir/C_/Users/Steve/Documents/Pico/pico-sdk/src/common/pico_util/pheap.c.obj
 .text.ph_merge_nodes
                0x100011ac       0x3e CMakeFiles/PicoLED.dir/C_/Users/Steve/Documents/Pico/pico-sdk/src/common/pico_util/pheap.c.obj
 *fill*         0x100011ea        0x2 
 .text.ph_clear
                0x100011ec       0x70 CMakeFiles/PicoLED.dir/C_/Users/Steve/Documents/Pico/pico-sdk/src/common/pico_util/pheap.c.obj
                0x100011ec                ph_clear
 .text.ph_post_alloc_init
                0x1000125c        0xe CMakeFiles/PicoLED.dir/C_/Users/Steve/Documents/Pico/pico-sdk/src/common/pico_util/pheap.c.obj
                0x1000125c                ph_post_alloc_init
 *fill*         0x1000126a        0x2 
 .text.ph_merge_two_pass
                0x1000126c       0xa8 CMakeFiles/PicoLED.dir/C_/Users/Steve/Documents/Pico/pico-sdk/src/common/pico_util/pheap.c.obj
                0x1000126c                ph_merge_two_pass
 .text.ph_remove_any_head
                0x10001314      0x108 CMakeFiles/PicoLED.dir/C_/Users/Steve/Documents/Pico/pico-sdk/src/common/pico_util/pheap.c.obj
 .text.ph_remove_head
                0x1000141c       0x14 CMakeFiles/PicoLED.dir/C_/Users/Steve/Documents/Pico/pico-sdk/src/common/pico_util/pheap.c.obj
                0x1000141c                ph_remove_head
 .text.ph_remove_and_free_node
                0x10001430       0xf8 CMakeFiles/PicoLED.dir/C_/Users/Steve/Documents/Pico/pico-sdk/src/common/pico_util/pheap.c.obj
                0x10001430                ph_remove_and_free_node
 .text.mutex_init
                0x10001528       0x1a CMakeFiles/PicoLED.dir/C_/Users/Steve/Documents/Pico/pico-sdk/src/common/pico_sync/mutex.c.obj
                0x10001528                mutex_init
 .text.recursive_mutex_init
                0x10001542       0x1e CMakeFiles/PicoLED.dir/C_/Users/Steve/Documents/Pico/pico-sdk/src/common/pico_sync/mutex.c.obj
                0x10001542                recursive_mutex_init
 .text.uart_set_baudrate
                0x10001560       0x5c CMakeFiles/PicoLED.dir/C_/Users/Steve/Documents/Pico/pico-sdk/src/rp2_common/hardware_uart/uart.c.obj
                0x10001560                uart_set_baudrate
 .text.uart_set_translate_crlf
                0x100015bc       0x28 CMakeFiles/PicoLED.dir/C_/Users/Steve/Documents/Pico/pico-sdk/src/rp2_common/hardware_uart/uart.c.obj
                0x100015bc                uart_set_translate_crlf
 .text.uart_init
                0x100015e4       0x80 CMakeFiles/PicoLED.dir/C_/Users/Steve/Documents/Pico/pico-sdk/src/rp2_common/hardware_uart/uart.c.obj
                0x100015e4                uart_init
 .text._exit    0x10001664        0x4 CMakeFiles/PicoLED.dir/C_/Users/Steve/Documents/Pico/pico-sdk/src/rp2_common/pico_runtime/runtime.c.obj
                0x10001664                _exit
 .text.exit     0x10001668        0x6 CMakeFiles/PicoLED.dir/C_/Users/Steve/Documents/Pico/pico-sdk/src/rp2_common/pico_runtime/runtime.c.obj
                0x10001668                exit
 *fill*         0x1000166e        0x2 
 .text.__assert_func
                0x10001670       0x3c CMakeFiles/PicoLED.dir/C_/Users/Steve/Documents/Pico/pico-sdk/src/rp2_common/pico_runtime/runtime.c.obj
                0x10001670                __assert_func
 .text.runtime_init
                0x100016ac       0xf8 CMakeFiles/PicoLED.dir/C_/Users/Steve/Documents/Pico/pico-sdk/src/rp2_common/pico_runtime/runtime.c.obj
                0x100016ac                runtime_init
 .text.panic    0x100017a4       0x30 CMakeFiles/PicoLED.dir/C_/Users/Steve/Documents/Pico/pico-sdk/src/rp2_common/pico_runtime/runtime.c.obj
                0x100017a4                panic
 .text.clock_configure
                0x100017d4      0x104 CMakeFiles/PicoLED.dir/C_/Users/Steve/Documents/Pico/pico-sdk/src/rp2_common/hardware_clocks/clocks.c.obj
                0x100017d4                clock_configure
 .text.clocks_init
                0x100018d8      0x100 CMakeFiles/PicoLED.dir/C_/Users/Steve/Documents/Pico/pico-sdk/src/rp2_common/hardware_clocks/clocks.c.obj
                0x100018d8                clocks_init
 .text.clock_get_hz
                0x100019d8        0xc CMakeFiles/PicoLED.dir/C_/Users/Steve/Documents/Pico/pico-sdk/src/rp2_common/hardware_clocks/clocks.c.obj
                0x100019d8                clock_get_hz
 .text.pll_init
                0x100019e4      0x140 CMakeFiles/PicoLED.dir/C_/Users/Steve/Documents/Pico/pico-sdk/src/rp2_common/hardware_pll/pll.c.obj
                0x100019e4                pll_init
 .text.watchdog_start_tick
                0x10001b24       0x10 CMakeFiles/PicoLED.dir/C_/Users/Steve/Documents/Pico/pico-sdk/src/rp2_common/hardware_watchdog/watchdog.c.obj
                0x10001b24                watchdog_start_tick
 .text.xosc_init
                0x10001b34       0x28 CMakeFiles/PicoLED.dir/C_/Users/Steve/Documents/Pico/pico-sdk/src/rp2_common/hardware_xosc/xosc.c.obj
                0x10001b34                xosc_init
 .text._out_null
                0x10001b5c        0x2 CMakeFiles/PicoLED.dir/C_/Users/Steve/Documents/Pico/pico-sdk/src/rp2_common/pico_printf/printf.c.obj
 .text._out_fct
                0x10001b5e        0xe CMakeFiles/PicoLED.dir/C_/Users/Steve/Documents/Pico/pico-sdk/src/rp2_common/pico_printf/printf.c.obj
 .text._atoi    0x10001b6c       0x24 CMakeFiles/PicoLED.dir/C_/Users/Steve/Documents/Pico/pico-sdk/src/rp2_common/pico_printf/printf.c.obj
 .text._out_rev
                0x10001b90       0xae CMakeFiles/PicoLED.dir/C_/Users/Steve/Documents/Pico/pico-sdk/src/rp2_common/pico_printf/printf.c.obj
 .text._ntoa_format
                0x10001c3e      0x112 CMakeFiles/PicoLED.dir/C_/Users/Steve/Documents/Pico/pico-sdk/src/rp2_common/pico_printf/printf.c.obj
 .text._ntoa_long
                0x10001d50       0xbc CMakeFiles/PicoLED.dir/C_/Users/Steve/Documents/Pico/pico-sdk/src/rp2_common/pico_printf/printf.c.obj
 .text._ntoa_long_long
                0x10001e0c       0xe2 CMakeFiles/PicoLED.dir/C_/Users/Steve/Documents/Pico/pico-sdk/src/rp2_common/pico_printf/printf.c.obj
 *fill*         0x10001eee        0x2 
 .text._etoa    0x10001ef0      0x414 CMakeFiles/PicoLED.dir/C_/Users/Steve/Documents/Pico/pico-sdk/src/rp2_common/pico_printf/printf.c.obj
 .text._ftoa    0x10002304      0x354 CMakeFiles/PicoLED.dir/C_/Users/Steve/Documents/Pico/pico-sdk/src/rp2_common/pico_printf/printf.c.obj
 .text._vsnprintf
                0x10002658      0x624 CMakeFiles/PicoLED.dir/C_/Users/Steve/Documents/Pico/pico-sdk/src/rp2_common/pico_printf/printf.c.obj
 .text.vfctprintf
                0x10002c7c       0x20 CMakeFiles/PicoLED.dir/C_/Users/Steve/Documents/Pico/pico-sdk/src/rp2_common/pico_printf/printf.c.obj
                0x10002c7c                vfctprintf
 .text          0x10002c9c       0x10 CMakeFiles/PicoLED.dir/C_/Users/Steve/Documents/Pico/pico-sdk/src/rp2_common/pico_bit_ops/bit_ops_aeabi.S.obj
 .text.rom_func_lookup
                0x10002cac       0x10 CMakeFiles/PicoLED.dir/C_/Users/Steve/Documents/Pico/pico-sdk/src/rp2_common/pico_bootrom/bootrom.c.obj
                0x10002cac                rom_func_lookup
 .text.rom_data_lookup
                0x10002cbc       0x10 CMakeFiles/PicoLED.dir/C_/Users/Steve/Documents/Pico/pico-sdk/src/rp2_common/pico_bootrom/bootrom.c.obj
                0x10002cbc                rom_data_lookup
 .text.rom_funcs_lookup
                0x10002ccc       0x36 CMakeFiles/PicoLED.dir/C_/Users/Steve/Documents/Pico/pico-sdk/src/rp2_common/pico_bootrom/bootrom.c.obj
                0x10002ccc                rom_funcs_lookup
 *fill*         0x10002d02        0x2 
 .text.__wrap___aeabi_idiv
                0x10002d04       0x50 CMakeFiles/PicoLED.dir/C_/Users/Steve/Documents/Pico/pico-sdk/src/rp2_common/pico_divider/divider.S.obj
                0x10002d04                __wrap___aeabi_idivmod
                0x10002d04                divmod_s32s32
                0x10002d04                div_s32s32
                0x10002d04                __wrap___aeabi_idiv
                0x10002d0c                divmod_s32s32_unsafe
                0x10002d38                divmod_s32s32_savestate
 .text.__wrap___aeabi_uidiv
                0x10002d54       0x4c CMakeFiles/PicoLED.dir/C_/Users/Steve/Documents/Pico/pico-sdk/src/rp2_common/pico_divider/divider.S.obj
                0x10002d54                __wrap___aeabi_uidiv
                0x10002d54                __wrap___aeabi_uidivmod
                0x10002d54                div_u32u32
                0x10002d54                divmod_u32u32
                0x10002d5c                divmod_u32u32_unsafe
                0x10002d84                divmod_u32u32_savestate
 .text.__wrap___aeabi_ldiv
                0x10002da0      0x434 CMakeFiles/PicoLED.dir/C_/Users/Steve/Documents/Pico/pico-sdk/src/rp2_common/pico_divider/divider.S.obj
                0x10002da0                div_s64s64
                0x10002da0                divmod_s64s64
                0x10002da0                __wrap___aeabi_ldivmod
                0x10002dd8                divmod_u64u64
                0x10002dd8                div_u64u64
                0x10002dd8                __wrap___aeabi_uldivmod
                0x10002de8                divmod_u64u64_savestate
                0x10002e10                divmod_s64s64_unsafe
                0x10002e98                divmod_u64u64_unsafe
 .text.__wrap___aeabi_darithmetic
                0x100031d4       0x60 CMakeFiles/PicoLED.dir/C_/Users/Steve/Documents/Pico/pico-sdk/src/rp2_common/pico_double/double_aeabi.S.obj
                0x100031d4                __wrap___aeabi_drsub
                0x100031da                __wrap___aeabi_dsub
                0x100031e4                __wrap___aeabi_dadd
                0x100031ee                __wrap___aeabi_ddiv
                0x10003222                __wrap___aeabi_dmul
 .text.__wrap___aeabi_cdcmple
                0x10003234       0x6c CMakeFiles/PicoLED.dir/C_/Users/Steve/Documents/Pico/pico-sdk/src/rp2_common/pico_double/double_aeabi.S.obj
                0x10003234                __wrap___aeabi_cdrcmple
                0x10003244                __wrap___aeabi_cdcmpeq
                0x10003244                __wrap___aeabi_cdcmple
 .text.__wrap___aeabi_dcmplt
                0x100032a0        0xc CMakeFiles/PicoLED.dir/C_/Users/Steve/Documents/Pico/pico-sdk/src/rp2_common/pico_double/double_aeabi.S.obj
                0x100032a0                __wrap___aeabi_dcmplt
 .text.__wrap___aeabi_dcmple
                0x100032ac       0x10 CMakeFiles/PicoLED.dir/C_/Users/Steve/Documents/Pico/pico-sdk/src/rp2_common/pico_double/double_aeabi.S.obj
                0x100032ac                __wrap___aeabi_dcmple
 .text.__wrap___aeabi_dcmpge
                0x100032bc       0x10 CMakeFiles/PicoLED.dir/C_/Users/Steve/Documents/Pico/pico-sdk/src/rp2_common/pico_double/double_aeabi.S.obj
                0x100032bc                __wrap___aeabi_dcmpge
 .text.__wrap___aeabi_dcmpgt
                0x100032cc        0xa CMakeFiles/PicoLED.dir/C_/Users/Steve/Documents/Pico/pico-sdk/src/rp2_common/pico_double/double_aeabi.S.obj
                0x100032cc                __wrap___aeabi_dcmpgt
 .text.__wrap___aeabi_dcmpun
                0x100032d6       0x1c CMakeFiles/PicoLED.dir/C_/Users/Steve/Documents/Pico/pico-sdk/src/rp2_common/pico_double/double_aeabi.S.obj
                0x100032d6                __wrap___aeabi_dcmpun
 *fill*         0x100032f2        0x2 
 .text.__wrap___aeabi_i2d
                0x100032f4       0x38 CMakeFiles/PicoLED.dir/C_/Users/Steve/Documents/Pico/pico-sdk/src/rp2_common/pico_double/double_aeabi.S.obj
                0x100032f4                __wrap___aeabi_ui2d
                0x100032fc                __wrap___aeabi_i2d
 .text.__wrap___aeabi_d2iz
                0x1000332c       0x48 CMakeFiles/PicoLED.dir/C_/Users/Steve/Documents/Pico/pico-sdk/src/rp2_common/pico_double/double_aeabi.S.obj
                0x1000332c                double2int_z
                0x1000332c                __wrap___aeabi_d2iz
 .text.__wrap___aeabi_d2uiz
                0x10003374       0x10 CMakeFiles/PicoLED.dir/C_/Users/Steve/Documents/Pico/pico-sdk/src/rp2_common/pico_double/double_aeabi.S.obj
                0x10003374                __wrap___aeabi_d2uiz
                0x10003374                double2uint
 .text.missing_double_func_shim
                0x10003384        0xc CMakeFiles/PicoLED.dir/C_/Users/Steve/Documents/Pico/pico-sdk/src/rp2_common/pico_double/double_init_rom.c.obj
 .text.__aeabi_double_init
                0x10003390       0xcc CMakeFiles/PicoLED.dir/C_/Users/Steve/Documents/Pico/pico-sdk/src/rp2_common/pico_double/double_init_rom.c.obj
                0x10003390                __aeabi_double_init
 .text.double_table_shim_on_use_helper
                0x1000345c       0x34 CMakeFiles/PicoLED.dir/C_/Users/Steve/Documents/Pico/pico-sdk/src/rp2_common/pico_double/double_v1_rom_shim.S.obj
                0x1000345c                double_table_shim_on_use_helper
 .text.missing_float_func_shim
                0x10003490        0xc CMakeFiles/PicoLED.dir/C_/Users/Steve/Documents/Pico/pico-sdk/src/rp2_common/pico_float/float_init_rom.c.obj
 .text.__aeabi_float_init
                0x1000349c       0x88 CMakeFiles/PicoLED.dir/C_/Users/Steve/Documents/Pico/pico-sdk/src/rp2_common/pico_float/float_init_rom.c.obj
                0x1000349c                __aeabi_float_init
 .text          0x10003524       0x10 CMakeFiles/PicoLED.dir/C_/Users/Steve/Documents/Pico/pico-sdk/src/rp2_common/pico_mem_ops/mem_ops_aeabi.S.obj
                0x10003524                __aeabi_mem_init
 .text.memset   0x10003534        0xc CMakeFiles/PicoLED.dir/C_/Users/Steve/Documents/Pico/pico-sdk/src/rp2_common/pico_mem_ops/mem_ops_aeabi.S.obj
                0x10003534                __wrap_memset
 .text.memcpy   0x10003540        0xc CMakeFiles/PicoLED.dir/C_/Users/Steve/Documents/Pico/pico-sdk/src/rp2_common/pico_mem_ops/mem_ops_aeabi.S.obj
                0x10003540                __wrap_memcpy
                0x10003540                __wrap___aeabi_memcpy
 .text.stdio_out_chars_no_crlf
                0x1000354c        0xe CMakeFiles/PicoLED.dir/C_/Users/Steve/Documents/Pico/pico-sdk/src/rp2_common/pico_stdio/stdio.c.obj
 *fill*         0x1000355a        0x2 
 .text.stdio_out_chars_crlf
                0x1000355c       0x80 CMakeFiles/PicoLED.dir/C_/Users/Steve/Documents/Pico/pico-sdk/src/rp2_common/pico_stdio/stdio.c.obj
 .text.stdio_stack_buffer_flush
                0x100035dc       0x44 CMakeFiles/PicoLED.dir/C_/Users/Steve/Documents/Pico/pico-sdk/src/rp2_common/pico_stdio/stdio.c.obj
 .text.stdio_buffered_printer
                0x10003620       0x20 CMakeFiles/PicoLED.dir/C_/Users/Steve/Documents/Pico/pico-sdk/src/rp2_common/pico_stdio/stdio.c.obj
 .text.stdout_serialize_begin
                0x10003640       0x30 CMakeFiles/PicoLED.dir/C_/Users/Steve/Documents/Pico/pico-sdk/src/rp2_common/pico_stdio/stdio.c.obj
                0x10003640                stdout_serialize_begin
 .text.stdout_serialize_end
                0x10003670       0x10 CMakeFiles/PicoLED.dir/C_/Users/Steve/Documents/Pico/pico-sdk/src/rp2_common/pico_stdio/stdio.c.obj
                0x10003670                stdout_serialize_end
 .text.stdio_put_string
                0x10003680       0x98 CMakeFiles/PicoLED.dir/C_/Users/Steve/Documents/Pico/pico-sdk/src/rp2_common/pico_stdio/stdio.c.obj
 .text.stdio_set_driver_enabled
                0x10003718       0x2c CMakeFiles/PicoLED.dir/C_/Users/Steve/Documents/Pico/pico-sdk/src/rp2_common/pico_stdio/stdio.c.obj
                0x10003718                stdio_set_driver_enabled
 .text.stdio_flush
                0x10003744       0x20 CMakeFiles/PicoLED.dir/C_/Users/Steve/Documents/Pico/pico-sdk/src/rp2_common/pico_stdio/stdio.c.obj
                0x10003744                stdio_flush
 .text.__wrap_puts
                0x10003764       0x1e CMakeFiles/PicoLED.dir/C_/Users/Steve/Documents/Pico/pico-sdk/src/rp2_common/pico_stdio/stdio.c.obj
                0x10003764                __wrap_puts
 *fill*         0x10003782        0x2 
 .text.__wrap_vprintf
                0x10003784       0x44 CMakeFiles/PicoLED.dir/C_/Users/Steve/Documents/Pico/pico-sdk/src/rp2_common/pico_stdio/stdio.c.obj
                0x10003784                __wrap_vprintf
 .text.__wrap_printf
                0x100037c8       0x18 CMakeFiles/PicoLED.dir/C_/Users/Steve/Documents/Pico/pico-sdk/src/rp2_common/pico_stdio/stdio.c.obj
                0x100037c8                __wrap_printf
 .text.stdio_init_all
                0x100037e0        0x8 CMakeFiles/PicoLED.dir/C_/Users/Steve/Documents/Pico/pico-sdk/src/rp2_common/pico_stdio/stdio.c.obj
                0x100037e0                stdio_init_all
 .text.stdio_uart_out_chars
                0x100037e8       0x74 CMakeFiles/PicoLED.dir/C_/Users/Steve/Documents/Pico/pico-sdk/src/rp2_common/pico_stdio_uart/stdio_uart.c.obj
 .text.stdio_uart_in_chars
                0x1000385c       0x58 CMakeFiles/PicoLED.dir/C_/Users/Steve/Documents/Pico/pico-sdk/src/rp2_common/pico_stdio_uart/stdio_uart.c.obj
                0x1000385c                stdio_uart_in_chars
 .text.stdio_uart_init_full
                0x100038b4       0x3c CMakeFiles/PicoLED.dir/C_/Users/Steve/Documents/Pico/pico-sdk/src/rp2_common/pico_stdio_uart/stdio_uart.c.obj
                0x100038b4                stdio_uart_init_full
 .text.stdio_uart_init
                0x100038f0       0x28 CMakeFiles/PicoLED.dir/C_/Users/Steve/Documents/Pico/pico-sdk/src/rp2_common/pico_stdio_uart/stdio_uart.c.obj
                0x100038f0                stdio_uart_init
 .text._retrieve_unique_id_on_boot
                0x10003918       0x10 CMakeFiles/PicoLED.dir/C_/Users/Steve/Documents/Pico/pico-sdk/src/rp2_common/pico_unique_id/unique_id.c.obj
 .text.flash_get_unique_id
                0x10003928       0x46 CMakeFiles/PicoLED.dir/C_/Users/Steve/Documents/Pico/pico-sdk/src/rp2_common/hardware_flash/flash.c.obj
                0x10003928                flash_get_unique_id
 *fill*         0x1000396e        0x2 
 .text.strlen   0x10003970       0x5c c:/progra~2/gnuarm~1/102021~1.10/bin/../lib/gcc/arm-none-eabi/10.3.1/../../../../arm-none-eabi/lib/thumb/v6-m/nofp\libg.a(lib_a-strlen-stub.o)
                0x10003970                strlen
 *(.fini)
 .fini          0x100039cc        0x4 c:/progra~2/gnuarm~1/102021~1.10/bin/../lib/gcc/arm-none-eabi/10.3.1/thumb/v6-m/nofp/crti.o
                0x100039cc                _fini
 .fini.__stub   0x100039d0       0x60 linker stubs
 *crtbegin.o(.ctors)
 *crtbegin?.o(.ctors)
 *(EXCLUDE_FILE(*crtend.o *crtend?.o) .ctors)
 *(SORT_BY_NAME(.ctors.*))
 *(.ctors)
 *crtbegin.o(.dtors)
 *crtbegin?.o(.dtors)
 *(EXCLUDE_FILE(*crtend.o *crtend?.o) .dtors)
 *(SORT_BY_NAME(.dtors.*))
 *(.dtors)
 *(.eh_frame*)
 .eh_frame      0x10003a30        0x0 c:/progra~2/gnuarm~1/102021~1.10/bin/../lib/gcc/arm-none-eabi/10.3.1/thumb/v6-m/nofp/crtbegin.o
                0x10003a30                . = ALIGN (0x4)

.glue_7         0x10003a30        0x0
 .glue_7        0x10003a30        0x0 linker stubs

.glue_7t        0x10003a30        0x0
 .glue_7t       0x10003a30        0x0 linker stubs

.vfp11_veneer   0x10003a30        0x0
 .vfp11_veneer  0x10003a30        0x0 linker stubs

.v4_bx          0x10003a30        0x0
 .v4_bx         0x10003a30        0x0 linker stubs

.iplt           0x10003a30        0x0
 .iplt          0x10003a30        0x0 c:/progra~2/gnuarm~1/102021~1.10/bin/../lib/gcc/arm-none-eabi/10.3.1/thumb/v6-m/nofp/crtbegin.o

.rodata         0x10003a30     0x1078
 *(EXCLUDE_FILE(*libm.a: *libc.a:*lib_a-mem*.o *libgcc.a:) .rodata*)
 .rodata.main.str1.4
                0x10003a30        0xe CMakeFiles/PicoLED.dir/PicoLED.cpp.obj
 *fill*         0x10003a3e        0x2 
 .rodata.make_branch.str1.4
                0x10003a40       0x79 CMakeFiles/PicoLED.dir/C_/Users/Steve/Documents/Pico/pico-sdk/src/rp2_common/hardware_irq/irq.c.obj
 *fill*         0x10003ab9        0x3 
 .rodata.insert_branch_and_link.str1.4
                0x10003abc       0x10 CMakeFiles/PicoLED.dir/C_/Users/Steve/Documents/Pico/pico-sdk/src/rp2_common/hardware_irq/irq.c.obj
 .rodata.irq_set_exclusive_handler.str1.4
                0x10003acc       0x36 CMakeFiles/PicoLED.dir/C_/Users/Steve/Documents/Pico/pico-sdk/src/rp2_common/hardware_irq/irq.c.obj
 *fill*         0x10003b02        0x2 
 .rodata.irq_add_shared_handler.str1.4
                0x10003b04       0xd9 CMakeFiles/PicoLED.dir/C_/Users/Steve/Documents/Pico/pico-sdk/src/rp2_common/hardware_irq/irq.c.obj
 *fill*         0x10003bdd        0x3 
 .rodata.irq_remove_handler.str1.4
                0x10003be0       0x2a CMakeFiles/PicoLED.dir/C_/Users/Steve/Documents/Pico/pico-sdk/src/rp2_common/hardware_irq/irq.c.obj
 *fill*         0x10003c0a        0x2 
 .rodata.irq_add_tail_to_free_list.str1.4
                0x10003c0c       0x3a CMakeFiles/PicoLED.dir/C_/Users/Steve/Documents/Pico/pico-sdk/src/rp2_common/hardware_irq/irq.c.obj
 *fill*         0x10003c46        0x2 
 .rodata.__func__.0
                0x10003c48       0x1a CMakeFiles/PicoLED.dir/C_/Users/Steve/Documents/Pico/pico-sdk/src/rp2_common/hardware_irq/irq.c.obj
 *fill*         0x10003c62        0x2 
 .rodata.__func__.1
                0x10003c64       0x17 CMakeFiles/PicoLED.dir/C_/Users/Steve/Documents/Pico/pico-sdk/src/rp2_common/hardware_irq/irq.c.obj
 *fill*         0x10003c7b        0x1 
 .rodata.__func__.2
                0x10003c7c       0x13 CMakeFiles/PicoLED.dir/C_/Users/Steve/Documents/Pico/pico-sdk/src/rp2_common/hardware_irq/irq.c.obj
 *fill*         0x10003c8f        0x1 
 .rodata.__func__.3
                0x10003c90        0xc CMakeFiles/PicoLED.dir/C_/Users/Steve/Documents/Pico/pico-sdk/src/rp2_common/hardware_irq/irq.c.obj
 .rodata.__func__.4
                0x10003c9c        0xf CMakeFiles/PicoLED.dir/C_/Users/Steve/Documents/Pico/pico-sdk/src/rp2_common/hardware_irq/irq.c.obj
 *fill*         0x10003cab        0x1 
 .rodata.__func__.6
                0x10003cac       0x1a CMakeFiles/PicoLED.dir/C_/Users/Steve/Documents/Pico/pico-sdk/src/rp2_common/hardware_irq/irq.c.obj
 *fill*         0x10003cc6        0x2 
 .rodata.repeating_timer_callback.str1.4
                0x10003cc8       0x57 CMakeFiles/PicoLED.dir/C_/Users/Steve/Documents/Pico/pico-sdk/src/common/pico_time/time.c.obj
 *fill*         0x10003d1f        0x1 
 .rodata.alarm_pool_dump_key.str1.4
                0x10003d20       0x33 CMakeFiles/PicoLED.dir/C_/Users/Steve/Documents/Pico/pico-sdk/src/common/pico_time/time.c.obj
 *fill*         0x10003d53        0x1 
 .rodata.ph_add_child_node.str1.4
                0x10003d54       0xa2 CMakeFiles/PicoLED.dir/C_/Users/Steve/Documents/Pico/pico-sdk/src/common/pico_time/time.c.obj
 *fill*         0x10003df6        0x2 
 .rodata.add_alarm_under_lock.str1.4
                0x10003df8       0x28 CMakeFiles/PicoLED.dir/C_/Users/Steve/Documents/Pico/pico-sdk/src/common/pico_time/time.c.obj
                                 0x2b (size before relaxing)
 .rodata.alarm_pool_alarm_callback.str1.4
                0x10003e20       0xf2 CMakeFiles/PicoLED.dir/C_/Users/Steve/Documents/Pico/pico-sdk/src/common/pico_time/time.c.obj
 *fill*         0x10003f12        0x2 
 .rodata.__func__.10
                0x10003f14       0x15 CMakeFiles/PicoLED.dir/C_/Users/Steve/Documents/Pico/pico-sdk/src/common/pico_time/time.c.obj
 *fill*         0x10003f29        0x3 
 .rodata.__func__.11
                0x10003f2c       0x1a CMakeFiles/PicoLED.dir/C_/Users/Steve/Documents/Pico/pico-sdk/src/common/pico_time/time.c.obj
 *fill*         0x10003f46        0x2 
 .rodata.__func__.12
                0x10003f48        0xa CMakeFiles/PicoLED.dir/C_/Users/Steve/Documents/Pico/pico-sdk/src/common/pico_time/time.c.obj
 *fill*         0x10003f52        0x2 
 .rodata.__func__.4
                0x10003f54       0x12 CMakeFiles/PicoLED.dir/C_/Users/Steve/Documents/Pico/pico-sdk/src/common/pico_time/time.c.obj
 *fill*         0x10003f66        0x2 
 .rodata.__func__.5
                0x10003f68        0xd CMakeFiles/PicoLED.dir/C_/Users/Steve/Documents/Pico/pico-sdk/src/common/pico_time/time.c.obj
 *fill*         0x10003f75        0x3 
 .rodata.__func__.6
                0x10003f78       0x12 CMakeFiles/PicoLED.dir/C_/Users/Steve/Documents/Pico/pico-sdk/src/common/pico_time/time.c.obj
 *fill*         0x10003f8a        0x2 
 .rodata.__func__.7
                0x10003f8c        0xf CMakeFiles/PicoLED.dir/C_/Users/Steve/Documents/Pico/pico-sdk/src/common/pico_time/time.c.obj
 *fill*         0x10003f9b        0x1 
 .rodata.__func__.8
                0x10003f9c        0xc CMakeFiles/PicoLED.dir/C_/Users/Steve/Documents/Pico/pico-sdk/src/common/pico_time/time.c.obj
 .rodata.__func__.9
                0x10003fa8       0x15 CMakeFiles/PicoLED.dir/C_/Users/Steve/Documents/Pico/pico-sdk/src/common/pico_time/time.c.obj
 *fill*         0x10003fbd        0x3 
 .rodata.hardware_alarm_claim.str1.4
                0x10003fc0       0x22 CMakeFiles/PicoLED.dir/C_/Users/Steve/Documents/Pico/pico-sdk/src/rp2_common/hardware_timer/timer.c.obj
 *fill*         0x10003fe2        0x2 
 .rodata.hardware_alarm_set_target.str1.4
                0x10003fe4       0x71 CMakeFiles/PicoLED.dir/C_/Users/Steve/Documents/Pico/pico-sdk/src/rp2_common/hardware_timer/timer.c.obj
 *fill*         0x10004055        0x3 
 .rodata.__func__.0
                0x10004058       0x1a CMakeFiles/PicoLED.dir/C_/Users/Steve/Documents/Pico/pico-sdk/src/rp2_common/hardware_timer/timer.c.obj
 .rodata.ph_add_child_node.str1.4
                0x10004072       0xa2 CMakeFiles/PicoLED.dir/C_/Users/Steve/Documents/Pico/pico-sdk/src/common/pico_util/pheap.c.obj
 *fill*         0x10004072        0x2 
 .rodata.ph_remove_any_head.str1.4
                0x10004074       0x98 CMakeFiles/PicoLED.dir/C_/Users/Steve/Documents/Pico/pico-sdk/src/common/pico_util/pheap.c.obj
 .rodata.ph_remove_and_free_node.str1.4
                0x1000410c       0x1e CMakeFiles/PicoLED.dir/C_/Users/Steve/Documents/Pico/pico-sdk/src/common/pico_util/pheap.c.obj
                                 0x26 (size before relaxing)
 *fill*         0x1000412a        0x2 
 .rodata.__func__.0
                0x1000412c       0x18 CMakeFiles/PicoLED.dir/C_/Users/Steve/Documents/Pico/pico-sdk/src/common/pico_util/pheap.c.obj
 .rodata.__func__.1
                0x10004144       0x13 CMakeFiles/PicoLED.dir/C_/Users/Steve/Documents/Pico/pico-sdk/src/common/pico_util/pheap.c.obj
 *fill*         0x10004157        0x1 
 .rodata.__func__.2
                0x10004158       0x12 CMakeFiles/PicoLED.dir/C_/Users/Steve/Documents/Pico/pico-sdk/src/common/pico_util/pheap.c.obj
 *fill*         0x1000416a        0x2 
 .rodata.__func__.3
                0x1000416c        0xc CMakeFiles/PicoLED.dir/C_/Users/Steve/Documents/Pico/pico-sdk/src/common/pico_util/pheap.c.obj
 .rodata.str1.4
                0x10004178       0x95 CMakeFiles/PicoLED.dir/C_/Users/Steve/Documents/Pico/pico-sdk/src/common/pico_sync/mutex.c.obj
                                0x105 (size before relaxing)
 *fill*         0x1000420d        0x3 
 .rodata.__func__.1
                0x10004210        0xb CMakeFiles/PicoLED.dir/C_/Users/Steve/Documents/Pico/pico-sdk/src/common/pico_sync/mutex.c.obj
 *fill*         0x1000421b        0x1 
 .rodata.__assert_func.str1.4
                0x1000421c       0x3f CMakeFiles/PicoLED.dir/C_/Users/Steve/Documents/Pico/pico-sdk/src/rp2_common/pico_runtime/runtime.c.obj
                                 0x43 (size before relaxing)
 *fill*         0x1000425b        0x1 
 .rodata.runtime_init.str1.4
                0x1000425c       0x6d CMakeFiles/PicoLED.dir/C_/Users/Steve/Documents/Pico/pico-sdk/src/rp2_common/pico_runtime/runtime.c.obj
 *fill*         0x100042c9        0x3 
 .rodata.panic.str1.4
                0x100042cc       0x12 CMakeFiles/PicoLED.dir/C_/Users/Steve/Documents/Pico/pico-sdk/src/rp2_common/pico_runtime/runtime.c.obj
 *fill*         0x100042de        0x2 
 .rodata.__func__.1
                0x100042e0        0xd CMakeFiles/PicoLED.dir/C_/Users/Steve/Documents/Pico/pico-sdk/src/rp2_common/pico_runtime/runtime.c.obj
 *fill*         0x100042ed        0x3 
 .rodata.clock_configure.str1.4
                0x100042f0       0x63 CMakeFiles/PicoLED.dir/C_/Users/Steve/Documents/Pico/pico-sdk/src/rp2_common/hardware_clocks/clocks.c.obj
 *fill*         0x10004353        0x1 
 .rodata.__func__.1
                0x10004354       0x10 CMakeFiles/PicoLED.dir/C_/Users/Steve/Documents/Pico/pico-sdk/src/rp2_common/hardware_clocks/clocks.c.obj
 .rodata.pll_init.str1.4
                0x10004364      0x147 CMakeFiles/PicoLED.dir/C_/Users/Steve/Documents/Pico/pico-sdk/src/rp2_common/hardware_pll/pll.c.obj
 *fill*         0x100044ab        0x1 
 .rodata.__func__.0
                0x100044ac        0x9 CMakeFiles/PicoLED.dir/C_/Users/Steve/Documents/Pico/pico-sdk/src/rp2_common/hardware_pll/pll.c.obj
 *fill*         0x100044b5        0x3 
 .rodata._ftoa.str1.4
                0x100044b8       0x15 CMakeFiles/PicoLED.dir/C_/Users/Steve/Documents/Pico/pico-sdk/src/rp2_common/pico_printf/printf.c.obj
 *fill*         0x100044cd        0x3 
 .rodata._vsnprintf
                0x100044d0      0x1e0 CMakeFiles/PicoLED.dir/C_/Users/Steve/Documents/Pico/pico-sdk/src/rp2_common/pico_printf/printf.c.obj
 .rodata.pow10.0
                0x100046b0       0x50 CMakeFiles/PicoLED.dir/C_/Users/Steve/Documents/Pico/pico-sdk/src/rp2_common/pico_printf/printf.c.obj
 .rodata.missing_double_func_shim.str1.4
                0x10004700       0x18 CMakeFiles/PicoLED.dir/C_/Users/Steve/Documents/Pico/pico-sdk/src/rp2_common/pico_double/double_init_rom.c.obj
 .rodata.__aeabi_double_init.str1.4
                0x10004718       0xb4 CMakeFiles/PicoLED.dir/C_/Users/Steve/Documents/Pico/pico-sdk/src/rp2_common/pico_double/double_init_rom.c.obj
 .rodata.__func__.0
                0x100047cc       0x14 CMakeFiles/PicoLED.dir/C_/Users/Steve/Documents/Pico/pico-sdk/src/rp2_common/pico_double/double_init_rom.c.obj
 .rodata.missing_float_func_shim.str1.4
                0x100047e0        0x1 CMakeFiles/PicoLED.dir/C_/Users/Steve/Documents/Pico/pico-sdk/src/rp2_common/pico_float/float_init_rom.c.obj
 .rodata.__aeabi_float_init.str1.4
                0x100047e0       0x86 CMakeFiles/PicoLED.dir/C_/Users/Steve/Documents/Pico/pico-sdk/src/rp2_common/pico_float/float_init_rom.c.obj
 *fill*         0x10004866        0x2 
 .rodata.__func__.0
                0x10004868       0x13 CMakeFiles/PicoLED.dir/C_/Users/Steve/Documents/Pico/pico-sdk/src/rp2_common/pico_float/float_init_rom.c.obj
 *fill*         0x1000487b        0x1 
 .rodata.str1.4
                0x1000487c       0x40 CMakeFiles/PicoLED.dir/C_/Users/Steve/Documents/Pico/pico-sdk/src/rp2_common/pico_standard_link/binary_info.c.obj
 .rodata.__bi_44
                0x100048bc        0xc CMakeFiles/PicoLED.dir/C_/Users/Steve/Documents/Pico/pico-sdk/src/rp2_common/pico_standard_link/binary_info.c.obj
 .rodata.__bi_56
                0x100048c8        0xc CMakeFiles/PicoLED.dir/C_/Users/Steve/Documents/Pico/pico-sdk/src/rp2_common/pico_standard_link/binary_info.c.obj
 .rodata.__bi_75
                0x100048d4        0xc CMakeFiles/PicoLED.dir/C_/Users/Steve/Documents/Pico/pico-sdk/src/rp2_common/pico_standard_link/binary_info.c.obj
 .rodata.__bi_81
                0x100048e0        0xc CMakeFiles/PicoLED.dir/C_/Users/Steve/Documents/Pico/pico-sdk/src/rp2_common/pico_standard_link/binary_info.c.obj
 .rodata.crlf_str.3
                0x100048ec        0x2 CMakeFiles/PicoLED.dir/C_/Users/Steve/Documents/Pico/pico-sdk/src/rp2_common/pico_stdio/stdio.c.obj
 *fill*         0x100048ee        0x2 
 .rodata.str1.4
                0x100048f0       0x2c CMakeFiles/PicoLED.dir/C_/Users/Steve/Documents/Pico/pico-sdk/src/rp2_common/pico_stdio_uart/stdio_uart.c.obj
 .rodata.__bi_28.4
                0x1000491c        0xc CMakeFiles/PicoLED.dir/C_/Users/Steve/Documents/Pico/pico-sdk/src/rp2_common/pico_stdio_uart/stdio_uart.c.obj
 .rodata.__bi_29.5
                0x10004928        0x8 CMakeFiles/PicoLED.dir/C_/Users/Steve/Documents/Pico/pico-sdk/src/rp2_common/pico_stdio_uart/stdio_uart.c.obj
 .rodata.str1.4
                0x10004930      0x166 CMakeFiles/PicoLED.dir/C_/Users/Steve/Documents/Pico/pico-sdk/src/rp2_common/hardware_flash/flash.c.obj
 *fill*         0x10004a96        0x2 
 .rodata.__func__.0
                0x10004a98        0xd CMakeFiles/PicoLED.dir/C_/Users/Steve/Documents/Pico/pico-sdk/src/rp2_common/hardware_flash/flash.c.obj
                0x10004aa8                . = ALIGN (0x4)
 *fill*         0x10004aa5        0x3 
 *(SORT_BY_ALIGNMENT(SORT_BY_NAME(.flashdata*)))
                0x10004aa8                . = ALIGN (0x4)

.rel.dyn        0x10004aa8        0x0
 .rel.iplt      0x10004aa8        0x0 c:/progra~2/gnuarm~1/102021~1.10/bin/../lib/gcc/arm-none-eabi/10.3.1/thumb/v6-m/nofp/crtbegin.o

.ARM.extab
 *(.ARM.extab* .gnu.linkonce.armextab.*)
                0x10004aa8                __exidx_start = .

.ARM.exidx
 *(.ARM.exidx* .gnu.linkonce.armexidx.*)
                0x10004aa8                __exidx_end = .
                0x10004aa8                . = ALIGN (0x4)
                0x10004aa8                __binary_info_start = .

.binary_info    0x10004aa8       0x28
 *(.binary_info.keep.*)
 .binary_info.keep.__bi_ptr22
                0x10004aa8        0x4 CMakeFiles/PicoLED.dir/C_/Users/Steve/Documents/Pico/pico-sdk/src/rp2_common/pico_standard_link/binary_info.c.obj
 .binary_info.keep.__bi_ptr30
                0x10004aac        0x4 CMakeFiles/PicoLED.dir/C_/Users/Steve/Documents/Pico/pico-sdk/src/rp2_common/pico_standard_link/binary_info.c.obj
 .binary_info.keep.__bi_ptr38
                0x10004ab0        0x4 CMakeFiles/PicoLED.dir/C_/Users/Steve/Documents/Pico/pico-sdk/src/rp2_common/pico_standard_link/binary_info.c.obj
 .binary_info.keep.__bi_ptr44
                0x10004ab4        0x4 CMakeFiles/PicoLED.dir/C_/Users/Steve/Documents/Pico/pico-sdk/src/rp2_common/pico_standard_link/binary_info.c.obj
 .binary_info.keep.__bi_ptr50
                0x10004ab8        0x4 CMakeFiles/PicoLED.dir/C_/Users/Steve/Documents/Pico/pico-sdk/src/rp2_common/pico_standard_link/binary_info.c.obj
 .binary_info.keep.__bi_ptr56
                0x10004abc        0x4 CMakeFiles/PicoLED.dir/C_/Users/Steve/Documents/Pico/pico-sdk/src/rp2_common/pico_standard_link/binary_info.c.obj
 .binary_info.keep.__bi_ptr75
                0x10004ac0        0x4 CMakeFiles/PicoLED.dir/C_/Users/Steve/Documents/Pico/pico-sdk/src/rp2_common/pico_standard_link/binary_info.c.obj
 .binary_info.keep.__bi_ptr81
                0x10004ac4        0x4 CMakeFiles/PicoLED.dir/C_/Users/Steve/Documents/Pico/pico-sdk/src/rp2_common/pico_standard_link/binary_info.c.obj
 *(.binary_info.*)
 .binary_info.__bi_ptr28
                0x10004ac8        0x4 CMakeFiles/PicoLED.dir/C_/Users/Steve/Documents/Pico/pico-sdk/src/rp2_common/pico_stdio_uart/stdio_uart.c.obj
 .binary_info.__bi_ptr29
                0x10004acc        0x4 CMakeFiles/PicoLED.dir/C_/Users/Steve/Documents/Pico/pico-sdk/src/rp2_common/pico_stdio_uart/stdio_uart.c.obj
                0x10004ad0                __binary_info_end = .
                0x10004ad0                . = ALIGN (0x4)
                0x10004ad0                __etext = .

.ram_vector_table
                0x20000000       0xc0
 *(.ram_vector_table)
 .ram_vector_table
                0x20000000       0xc0 CMakeFiles/PicoLED.dir/C_/Users/Steve/Documents/Pico/pico-sdk/src/rp2_common/pico_runtime/runtime.c.obj
                0x20000000                ram_vector_table

.data           0x200000c0      0x304 load address 0x10004ad0
                0x200000c0                __data_start__ = .
 *(vtable)
 *(.time_critical*)
 .time_critical.mutex_enter_blocking
                0x200000c0       0x48 CMakeFiles/PicoLED.dir/C_/Users/Steve/Documents/Pico/pico-sdk/src/common/pico_sync/mutex.c.obj
                0x200000c0                mutex_enter_blocking
 .time_critical.mutex_try_enter
                0x20000108       0x46 CMakeFiles/PicoLED.dir/C_/Users/Steve/Documents/Pico/pico-sdk/src/common/pico_sync/mutex.c.obj
                0x20000108                mutex_try_enter
 *fill*         0x2000014e        0x2 
 .time_critical.mutex_exit
                0x20000150       0x4c CMakeFiles/PicoLED.dir/C_/Users/Steve/Documents/Pico/pico-sdk/src/common/pico_sync/mutex.c.obj
                0x20000150                mutex_exit
 .time_critical.flash_init_boot2_copyout
                0x2000019c       0x30 CMakeFiles/PicoLED.dir/C_/Users/Steve/Documents/Pico/pico-sdk/src/rp2_common/hardware_flash/flash.c.obj
 .time_critical.flash_enable_xip_via_boot2
                0x200001cc       0x10 CMakeFiles/PicoLED.dir/C_/Users/Steve/Documents/Pico/pico-sdk/src/rp2_common/hardware_flash/flash.c.obj
 .time_critical.flash_cs_force
                0x200001dc       0x28 CMakeFiles/PicoLED.dir/C_/Users/Steve/Documents/Pico/pico-sdk/src/rp2_common/hardware_flash/flash.c.obj
 .time_critical.flash_do_cmd
                0x20000204       0xd8 CMakeFiles/PicoLED.dir/C_/Users/Steve/Documents/Pico/pico-sdk/src/rp2_common/hardware_flash/flash.c.obj
                0x20000204                flash_do_cmd
 *(.text*)
 .text          0x200002dc        0x4 c:/progra~2/gnuarm~1/102021~1.10/bin/../lib/gcc/arm-none-eabi/10.3.1/thumb/v6-m/nofp\libgcc.a(_dvmd_tls.o)
                0x200002dc                __aeabi_idiv0
                0x200002dc                __aeabi_ldiv0
 .text.__stub   0x200002e0       0x10 linker stubs
                0x200002f0                . = ALIGN (0x4)
 *(.rodata*)
                0x200002f0                . = ALIGN (0x4)
 *(.data*)
 .data.striped_spin_lock_num
                0x200002f0        0x1 CMakeFiles/PicoLED.dir/C_/Users/Steve/Documents/Pico/pico-sdk/src/rp2_common/hardware_sync/sync.c.obj
 *fill*         0x200002f1        0x3 
 .data          0x200002f4       0x48 CMakeFiles/PicoLED.dir/C_/Users/Steve/Documents/Pico/pico-sdk/src/rp2_common/hardware_irq/irq_handler_chain.S.obj
                0x200002f4                irq_handler_chain_slots
                0x20000324                irq_handler_chain_first_slot
                0x2000032e                irq_handler_chain_remove_tail
 .data.default_alarm_pool
                0x2000033c       0x18 CMakeFiles/PicoLED.dir/C_/Users/Steve/Documents/Pico/pico-sdk/src/common/pico_time/time.c.obj
 .data.default_alarm_pool_heap
                0x20000354       0x10 CMakeFiles/PicoLED.dir/C_/Users/Steve/Documents/Pico/pico-sdk/src/common/pico_time/time.c.obj
 *fill*         0x20000364        0xc 
 .data.aeabi_bits_funcs
                0x20000370       0x10 CMakeFiles/PicoLED.dir/C_/Users/Steve/Documents/Pico/pico-sdk/src/rp2_common/pico_bit_ops/bit_ops_aeabi.S.obj
                0x20000370                aeabi_bits_funcs
                0x20000380                aeabi_bits_funcs_end
 .data.aeabi_mem_funcs
                0x20000380       0x10 CMakeFiles/PicoLED.dir/C_/Users/Steve/Documents/Pico/pico-sdk/src/rp2_common/pico_mem_ops/mem_ops_aeabi.S.obj
                0x20000380                aeabi_mem_funcs
                0x20000390                aeabi_mem_funcs_end
 .data.stdio_uart
                0x20000390       0x14 CMakeFiles/PicoLED.dir/C_/Users/Steve/Documents/Pico/pico-sdk/src/rp2_common/pico_stdio_uart/stdio_uart.c.obj
                0x20000390                stdio_uart
                0x200003a4                . = ALIGN (0x4)
 *(.after_data.*)
                0x200003a4                . = ALIGN (0x4)
                0x200003a4                PROVIDE (__mutex_array_start = .)
 *(SORT_BY_NAME(.mutex_array.*))
 *(.mutex_array)
 .mutex_array   0x200003a4        0x8 CMakeFiles/PicoLED.dir/C_/Users/Steve/Documents/Pico/pico-sdk/src/rp2_common/pico_stdio/stdio.c.obj
                0x200003ac                PROVIDE (__mutex_array_end = .)
                0x200003ac                . = ALIGN (0x4)
                0x200003ac                PROVIDE (__preinit_array_start = .)
 *(SORT_BY_NAME(.preinit_array.*))
 .preinit_array.00001
                0x200003ac        0x4 CMakeFiles/PicoLED.dir/C_/Users/Steve/Documents/Pico/pico-sdk/src/rp2_common/pico_mem_ops/mem_ops_aeabi.S.obj
 .preinit_array.00010
                0x200003b0        0x4 CMakeFiles/PicoLED.dir/C_/Users/Steve/Documents/Pico/pico-sdk/src/rp2_common/pico_bit_ops/bit_ops_aeabi.S.obj
 .preinit_array.00020
                0x200003b4        0x4 CMakeFiles/PicoLED.dir/C_/Users/Steve/Documents/Pico/pico-sdk/src/rp2_common/pico_double/double_aeabi.S.obj
 .preinit_array.00020
                0x200003b8        0x4 CMakeFiles/PicoLED.dir/C_/Users/Steve/Documents/Pico/pico-sdk/src/rp2_common/pico_float/float_aeabi.S.obj
 *(.preinit_array)
                0x200003bc                PROVIDE (__preinit_array_end = .)
                0x200003bc                . = ALIGN (0x4)
                0x200003bc                PROVIDE (__init_array_start = .)
 *(SORT_BY_NAME(.init_array.*))
 *(.init_array)
 .init_array    0x200003bc        0x4 c:/progra~2/gnuarm~1/102021~1.10/bin/../lib/gcc/arm-none-eabi/10.3.1/thumb/v6-m/nofp/crtbegin.o
 .init_array    0x200003c0        0x4 CMakeFiles/PicoLED.dir/C_/Users/Steve/Documents/Pico/pico-sdk/src/rp2_common/pico_unique_id/unique_id.c.obj
                0x200003c4                PROVIDE (__init_array_end = .)
                0x200003c4                . = ALIGN (0x4)
                [!provide]                PROVIDE (__fini_array_start = .)
 *(SORT_BY_NAME(.fini_array.*))
 *(.fini_array)
                [!provide]                PROVIDE (__fini_array_end = .)
 *(.jcr)
                0x200003c4                . = ALIGN (0x4)
                0x200003c4                __data_end__ = .

.igot.plt       0x200003c4        0x0 load address 0x10004dd4
 .igot.plt      0x200003c4        0x0 c:/progra~2/gnuarm~1/102021~1.10/bin/../lib/gcc/arm-none-eabi/10.3.1/thumb/v6-m/nofp/crtbegin.o

.uninitialized_data
                0x200003c4        0x0 load address 0x10004dd4
                0x200003c4                . = ALIGN (0x4)
 *(.uninitialized_data*)

.scratch_x      0x20040000        0x0 load address 0x10004dd4
                0x20040000                __scratch_x_start__ = .
 *(.scratch_x.*)
                0x20040000                . = ALIGN (0x4)
                0x20040000                __scratch_x_end__ = .
                0x10004dd4                __scratch_x_source__ = LOADADDR (.scratch_x)

.scratch_y      0x20041000        0x0 load address 0x10004dd4
                0x20041000                __scratch_y_start__ = .
 *(.scratch_y.*)
                0x20041000                . = ALIGN (0x4)
                0x20041000                __scratch_y_end__ = .
                0x10004dd4                __scratch_y_source__ = LOADADDR (.scratch_y)

.bss            0x200003c8      0x4d8
                0x200003c8                . = ALIGN (0x4)
                0x200003c8                __bss_start__ = .
 *(SORT_BY_ALIGNMENT(SORT_BY_NAME(.bss*)))
 .bss.default_alarm_pool_entries
                0x200003c8      0x100 CMakeFiles/PicoLED.dir/C_/Users/Steve/Documents/Pico/pico-sdk/src/common/pico_time/time.c.obj
 .bss           0x200004c8       0x1c c:/progra~2/gnuarm~1/102021~1.10/bin/../lib/gcc/arm-none-eabi/10.3.1/thumb/v6-m/nofp/crtbegin.o
 .bss.alarm_callbacks
                0x200004e4       0x10 CMakeFiles/PicoLED.dir/C_/Users/Steve/Documents/Pico/pico-sdk/src/rp2_common/hardware_timer/timer.c.obj
 .bss.boot2_copyout
                0x200004f4      0x100 CMakeFiles/PicoLED.dir/C_/Users/Steve/Documents/Pico/pico-sdk/src/rp2_common/hardware_flash/flash.c.obj
 .bss.configured_freq
                0x200005f4       0x28 CMakeFiles/PicoLED.dir/C_/Users/Steve/Documents/Pico/pico-sdk/src/rp2_common/hardware_clocks/clocks.c.obj
 .bss.default_alarm_pool_entry_ids_high
                0x2000061c       0x10 CMakeFiles/PicoLED.dir/C_/Users/Steve/Documents/Pico/pico-sdk/src/common/pico_time/time.c.obj
 .bss.default_alarm_pool_heap_nodes
                0x2000062c       0x30 CMakeFiles/PicoLED.dir/C_/Users/Steve/Documents/Pico/pico-sdk/src/common/pico_time/time.c.obj
 .bss.drivers   0x2000065c        0x4 CMakeFiles/PicoLED.dir/C_/Users/Steve/Documents/Pico/pico-sdk/src/rp2_common/pico_stdio/stdio.c.obj
 .bss.filter    0x20000660        0x4 CMakeFiles/PicoLED.dir/C_/Users/Steve/Documents/Pico/pico-sdk/src/rp2_common/pico_stdio/stdio.c.obj
 .bss.pools     0x20000664       0x10 CMakeFiles/PicoLED.dir/C_/Users/Steve/Documents/Pico/pico-sdk/src/common/pico_time/time.c.obj
 .bss.retrieved_id
                0x20000674        0x8 CMakeFiles/PicoLED.dir/C_/Users/Steve/Documents/Pico/pico-sdk/src/rp2_common/pico_unique_id/unique_id.c.obj
 .bss.sd_table  0x2000067c      0x100 CMakeFiles/PicoLED.dir/C_/Users/Steve/Documents/Pico/pico-sdk/src/rp2_common/pico_double/double_init_rom.c.obj
                0x2000067c                sd_table
 .bss.sf_clz_func
                0x2000077c        0x4 CMakeFiles/PicoLED.dir/C_/Users/Steve/Documents/Pico/pico-sdk/src/rp2_common/pico_double/double_init_rom.c.obj
                0x2000077c                sf_clz_func
 .bss.sf_table  0x20000780      0x100 CMakeFiles/PicoLED.dir/C_/Users/Steve/Documents/Pico/pico-sdk/src/rp2_common/pico_float/float_init_rom.c.obj
                0x20000780                sf_table
 .bss.sleep_notifier
                0x20000880        0x4 CMakeFiles/PicoLED.dir/C_/Users/Steve/Documents/Pico/pico-sdk/src/common/pico_time/time.c.obj
 .bss.target_hi
                0x20000884       0x10 CMakeFiles/PicoLED.dir/C_/Users/Steve/Documents/Pico/pico-sdk/src/rp2_common/hardware_timer/timer.c.obj
 .bss.uart_char_to_line_feed
                0x20000894        0x4 CMakeFiles/PicoLED.dir/C_/Users/Steve/Documents/Pico/pico-sdk/src/rp2_common/hardware_uart/uart.c.obj
                0x20000894                uart_char_to_line_feed
 .bss.uart_instance
                0x20000898        0x4 CMakeFiles/PicoLED.dir/C_/Users/Steve/Documents/Pico/pico-sdk/src/rp2_common/pico_stdio_uart/stdio_uart.c.obj
 .bss.boot2_copyout_valid
                0x2000089c        0x1 CMakeFiles/PicoLED.dir/C_/Users/Steve/Documents/Pico/pico-sdk/src/rp2_common/hardware_flash/flash.c.obj
 .bss.claimed   0x2000089d        0x1 CMakeFiles/PicoLED.dir/C_/Users/Steve/Documents/Pico/pico-sdk/src/rp2_common/hardware_timer/timer.c.obj
 .bss.irq_hander_chain_free_slot_head
                0x2000089e        0x1 CMakeFiles/PicoLED.dir/C_/Users/Steve/Documents/Pico/pico-sdk/src/rp2_common/hardware_irq/irq.c.obj
 .bss.timer_callbacks_pending
                0x2000089f        0x1 CMakeFiles/PicoLED.dir/C_/Users/Steve/Documents/Pico/pico-sdk/src/rp2_common/hardware_timer/timer.c.obj
 *(COMMON)
                0x200008a0                . = ALIGN (0x4)
                0x200008a0                __bss_end__ = .

.heap           0x200008a0      0x800
                0x200008a0                __end__ = .
                0x200008a0                end = __end__
 *(.heap*)
 .heap          0x200008a0      0x800 CMakeFiles/PicoLED.dir/C_/Users/Steve/Documents/Pico/pico-sdk/src/rp2_common/pico_standard_link/crt0.S.obj
                0x200010a0                __HeapLimit = .

.stack1_dummy   0x20040000        0x0
 *(.stack1*)

.stack_dummy    0x20041000      0x800
 *(.stack*)
 .stack         0x20041000      0x800 CMakeFiles/PicoLED.dir/C_/Users/Steve/Documents/Pico/pico-sdk/src/rp2_common/pico_standard_link/crt0.S.obj

.flash_end      0x10004dd4        0x0
                0x10004dd4                __flash_binary_end = .
                0x20040000                __StackLimit = (ORIGIN (RAM) + LENGTH (RAM))
                0x20041000                __StackOneTop = (ORIGIN (SCRATCH_X) + LENGTH (SCRATCH_X))
                0x20042000                __StackTop = (ORIGIN (SCRATCH_Y) + LENGTH (SCRATCH_Y))
                0x20041000                __StackOneBottom = (__StackOneTop - SIZEOF (.stack1_dummy))
                0x20041800                __StackBottom = (__StackTop - SIZEOF (.stack_dummy))
                0x20042000                PROVIDE (__stack = __StackTop)
                0x00000001                ASSERT ((__StackLimit >= __HeapLimit), region RAM overflowed)
                0x00000001                ASSERT (((__binary_info_header_end - __logical_binary_start) <= 0x100), Binary info must be in first 256 bytes of the binary)
LOAD CMakeFiles/PicoLED.dir/PicoLED.cpp.obj
LOAD CMakeFiles/PicoLED.dir/C_/Users/Steve/Documents/Pico/pico-sdk/src/rp2_common/pico_stdlib/stdlib.c.obj
LOAD CMakeFiles/PicoLED.dir/C_/Users/Steve/Documents/Pico/pico-sdk/src/rp2_common/hardware_gpio/gpio.c.obj
LOAD CMakeFiles/PicoLED.dir/C_/Users/Steve/Documents/Pico/pico-sdk/src/rp2_common/hardware_claim/claim.c.obj
LOAD CMakeFiles/PicoLED.dir/C_/Users/Steve/Documents/Pico/pico-sdk/src/rp2_common/pico_platform/platform.c.obj
LOAD CMakeFiles/PicoLED.dir/C_/Users/Steve/Documents/Pico/pico-sdk/src/rp2_common/hardware_sync/sync.c.obj
LOAD CMakeFiles/PicoLED.dir/C_/Users/Steve/Documents/Pico/pico-sdk/src/rp2_common/hardware_irq/irq.c.obj
LOAD CMakeFiles/PicoLED.dir/C_/Users/Steve/Documents/Pico/pico-sdk/src/rp2_common/hardware_irq/irq_handler_chain.S.obj
LOAD CMakeFiles/PicoLED.dir/C_/Users/Steve/Documents/Pico/pico-sdk/src/common/pico_sync/sem.c.obj
LOAD CMakeFiles/PicoLED.dir/C_/Users/Steve/Documents/Pico/pico-sdk/src/common/pico_sync/lock_core.c.obj
LOAD CMakeFiles/PicoLED.dir/C_/Users/Steve/Documents/Pico/pico-sdk/src/common/pico_time/time.c.obj
LOAD CMakeFiles/PicoLED.dir/C_/Users/Steve/Documents/Pico/pico-sdk/src/common/pico_time/timeout_helper.c.obj
LOAD CMakeFiles/PicoLED.dir/C_/Users/Steve/Documents/Pico/pico-sdk/src/rp2_common/hardware_timer/timer.c.obj
LOAD CMakeFiles/PicoLED.dir/C_/Users/Steve/Documents/Pico/pico-sdk/src/common/pico_util/datetime.c.obj
LOAD CMakeFiles/PicoLED.dir/C_/Users/Steve/Documents/Pico/pico-sdk/src/common/pico_util/pheap.c.obj
LOAD CMakeFiles/PicoLED.dir/C_/Users/Steve/Documents/Pico/pico-sdk/src/common/pico_util/queue.c.obj
LOAD CMakeFiles/PicoLED.dir/C_/Users/Steve/Documents/Pico/pico-sdk/src/common/pico_sync/mutex.c.obj
LOAD CMakeFiles/PicoLED.dir/C_/Users/Steve/Documents/Pico/pico-sdk/src/common/pico_sync/critical_section.c.obj
LOAD CMakeFiles/PicoLED.dir/C_/Users/Steve/Documents/Pico/pico-sdk/src/rp2_common/hardware_uart/uart.c.obj
LOAD CMakeFiles/PicoLED.dir/C_/Users/Steve/Documents/Pico/pico-sdk/src/rp2_common/hardware_divider/divider.S.obj
LOAD CMakeFiles/PicoLED.dir/C_/Users/Steve/Documents/Pico/pico-sdk/src/rp2_common/pico_runtime/runtime.c.obj
LOAD CMakeFiles/PicoLED.dir/C_/Users/Steve/Documents/Pico/pico-sdk/src/rp2_common/hardware_clocks/clocks.c.obj
LOAD CMakeFiles/PicoLED.dir/C_/Users/Steve/Documents/Pico/pico-sdk/src/rp2_common/hardware_pll/pll.c.obj
LOAD CMakeFiles/PicoLED.dir/C_/Users/Steve/Documents/Pico/pico-sdk/src/rp2_common/hardware_vreg/vreg.c.obj
LOAD CMakeFiles/PicoLED.dir/C_/Users/Steve/Documents/Pico/pico-sdk/src/rp2_common/hardware_watchdog/watchdog.c.obj
LOAD CMakeFiles/PicoLED.dir/C_/Users/Steve/Documents/Pico/pico-sdk/src/rp2_common/hardware_xosc/xosc.c.obj
LOAD CMakeFiles/PicoLED.dir/C_/Users/Steve/Documents/Pico/pico-sdk/src/rp2_common/pico_printf/printf.c.obj
LOAD CMakeFiles/PicoLED.dir/C_/Users/Steve/Documents/Pico/pico-sdk/src/rp2_common/pico_bit_ops/bit_ops_aeabi.S.obj
LOAD CMakeFiles/PicoLED.dir/C_/Users/Steve/Documents/Pico/pico-sdk/src/rp2_common/pico_bootrom/bootrom.c.obj
LOAD CMakeFiles/PicoLED.dir/C_/Users/Steve/Documents/Pico/pico-sdk/src/rp2_common/pico_divider/divider.S.obj
LOAD CMakeFiles/PicoLED.dir/C_/Users/Steve/Documents/Pico/pico-sdk/src/rp2_common/pico_double/double_aeabi.S.obj
LOAD CMakeFiles/PicoLED.dir/C_/Users/Steve/Documents/Pico/pico-sdk/src/rp2_common/pico_double/double_init_rom.c.obj
LOAD CMakeFiles/PicoLED.dir/C_/Users/Steve/Documents/Pico/pico-sdk/src/rp2_common/pico_double/double_math.c.obj
LOAD CMakeFiles/PicoLED.dir/C_/Users/Steve/Documents/Pico/pico-sdk/src/rp2_common/pico_double/double_v1_rom_shim.S.obj
LOAD CMakeFiles/PicoLED.dir/C_/Users/Steve/Documents/Pico/pico-sdk/src/rp2_common/pico_int64_ops/pico_int64_ops_aeabi.S.obj
LOAD CMakeFiles/PicoLED.dir/C_/Users/Steve/Documents/Pico/pico-sdk/src/rp2_common/pico_float/float_aeabi.S.obj
LOAD CMakeFiles/PicoLED.dir/C_/Users/Steve/Documents/Pico/pico-sdk/src/rp2_common/pico_float/float_init_rom.c.obj
LOAD CMakeFiles/PicoLED.dir/C_/Users/Steve/Documents/Pico/pico-sdk/src/rp2_common/pico_float/float_math.c.obj
LOAD CMakeFiles/PicoLED.dir/C_/Users/Steve/Documents/Pico/pico-sdk/src/rp2_common/pico_float/float_v1_rom_shim.S.obj
LOAD CMakeFiles/PicoLED.dir/C_/Users/Steve/Documents/Pico/pico-sdk/src/rp2_common/pico_malloc/pico_malloc.c.obj
LOAD CMakeFiles/PicoLED.dir/C_/Users/Steve/Documents/Pico/pico-sdk/src/rp2_common/pico_mem_ops/mem_ops_aeabi.S.obj
LOAD CMakeFiles/PicoLED.dir/C_/Users/Steve/Documents/Pico/pico-sdk/src/rp2_common/pico_standard_link/crt0.S.obj
LOAD CMakeFiles/PicoLED.dir/C_/Users/Steve/Documents/Pico/pico-sdk/src/rp2_common/pico_standard_link/new_delete.cpp.obj
LOAD CMakeFiles/PicoLED.dir/C_/Users/Steve/Documents/Pico/pico-sdk/src/rp2_common/pico_standard_link/binary_info.c.obj
LOAD CMakeFiles/PicoLED.dir/C_/Users/Steve/Documents/Pico/pico-sdk/src/rp2_common/pico_stdio/stdio.c.obj
LOAD CMakeFiles/PicoLED.dir/C_/Users/Steve/Documents/Pico/pico-sdk/src/rp2_common/pico_stdio_uart/stdio_uart.c.obj
LOAD CMakeFiles/PicoLED.dir/C_/Users/Steve/Documents/Pico/pico-sdk/src/rp2_common/hardware_dma/dma.c.obj
LOAD CMakeFiles/PicoLED.dir/C_/Users/Steve/Documents/Pico/pico-sdk/src/rp2_common/hardware_pio/pio.c.obj
LOAD CMakeFiles/PicoLED.dir/C_/Users/Steve/Documents/Pico/pico-sdk/src/rp2_common/pico_cyw43_arch/cyw43_arch.c.obj
LOAD CMakeFiles/PicoLED.dir/C_/Users/Steve/Documents/Pico/pico-sdk/src/rp2_common/pico_cyw43_arch/cyw43_arch_poll.c.obj
LOAD CMakeFiles/PicoLED.dir/C_/Users/Steve/Documents/Pico/pico-sdk/src/rp2_common/pico_cyw43_arch/cyw43_arch_threadsafe_background.c.obj
LOAD CMakeFiles/PicoLED.dir/C_/Users/Steve/Documents/Pico/pico-sdk/src/rp2_common/pico_cyw43_arch/cyw43_arch_freertos.c.obj
LOAD CMakeFiles/PicoLED.dir/C_/Users/Steve/Documents/Pico/pico-sdk/src/rp2_common/pico_unique_id/unique_id.c.obj
LOAD CMakeFiles/PicoLED.dir/C_/Users/Steve/Documents/Pico/pico-sdk/src/rp2_common/hardware_flash/flash.c.obj
LOAD CMakeFiles/PicoLED.dir/C_/Users/Steve/Documents/Pico/pico-sdk/src/rp2_common/cyw43_driver/cyw43_bus_pio_spi.c.obj
LOAD CMakeFiles/PicoLED.dir/C_/Users/Steve/Documents/Pico/pico-sdk/lib/cyw43-driver/src/cyw43_ll.c.obj
LOAD CMakeFiles/PicoLED.dir/C_/Users/Steve/Documents/Pico/pico-sdk/lib/cyw43-driver/src/cyw43_stats.c.obj
LOAD CMakeFiles/PicoLED.dir/C_/Users/Steve/Documents/Pico/pico-sdk/lib/cyw43-driver/src/cyw43_lwip.c.obj
LOAD CMakeFiles/PicoLED.dir/C_/Users/Steve/Documents/Pico/pico-sdk/lib/cyw43-driver/src/cyw43_ctrl.c.obj
LOAD CMakeFiles/PicoLED.dir/C_/Users/Steve/Documents/Pico/pico-sdk/src/rp2_common/hardware_exception/exception.c.obj
LOAD CMakeFiles/PicoLED.dir/C_/Users/Steve/Documents/Pico/pico-sdk/lib/lwip/src/core/init.c.obj
LOAD CMakeFiles/PicoLED.dir/C_/Users/Steve/Documents/Pico/pico-sdk/lib/lwip/src/core/def.c.obj
LOAD CMakeFiles/PicoLED.dir/C_/Users/Steve/Documents/Pico/pico-sdk/lib/lwip/src/core/dns.c.obj
LOAD CMakeFiles/PicoLED.dir/C_/Users/Steve/Documents/Pico/pico-sdk/lib/lwip/src/core/inet_chksum.c.obj
LOAD CMakeFiles/PicoLED.dir/C_/Users/Steve/Documents/Pico/pico-sdk/lib/lwip/src/core/ip.c.obj
LOAD CMakeFiles/PicoLED.dir/C_/Users/Steve/Documents/Pico/pico-sdk/lib/lwip/src/core/mem.c.obj
LOAD CMakeFiles/PicoLED.dir/C_/Users/Steve/Documents/Pico/pico-sdk/lib/lwip/src/core/memp.c.obj
LOAD CMakeFiles/PicoLED.dir/C_/Users/Steve/Documents/Pico/pico-sdk/lib/lwip/src/core/netif.c.obj
LOAD CMakeFiles/PicoLED.dir/C_/Users/Steve/Documents/Pico/pico-sdk/lib/lwip/src/core/pbuf.c.obj
LOAD CMakeFiles/PicoLED.dir/C_/Users/Steve/Documents/Pico/pico-sdk/lib/lwip/src/core/raw.c.obj
LOAD CMakeFiles/PicoLED.dir/C_/Users/Steve/Documents/Pico/pico-sdk/lib/lwip/src/core/stats.c.obj
LOAD CMakeFiles/PicoLED.dir/C_/Users/Steve/Documents/Pico/pico-sdk/lib/lwip/src/core/sys.c.obj
LOAD CMakeFiles/PicoLED.dir/C_/Users/Steve/Documents/Pico/pico-sdk/lib/lwip/src/core/altcp.c.obj
LOAD CMakeFiles/PicoLED.dir/C_/Users/Steve/Documents/Pico/pico-sdk/lib/lwip/src/core/altcp_alloc.c.obj
LOAD CMakeFiles/PicoLED.dir/C_/Users/Steve/Documents/Pico/pico-sdk/lib/lwip/src/core/altcp_tcp.c.obj
LOAD CMakeFiles/PicoLED.dir/C_/Users/Steve/Documents/Pico/pico-sdk/lib/lwip/src/core/tcp.c.obj
LOAD CMakeFiles/PicoLED.dir/C_/Users/Steve/Documents/Pico/pico-sdk/lib/lwip/src/core/tcp_in.c.obj
LOAD CMakeFiles/PicoLED.dir/C_/Users/Steve/Documents/Pico/pico-sdk/lib/lwip/src/core/tcp_out.c.obj
LOAD CMakeFiles/PicoLED.dir/C_/Users/Steve/Documents/Pico/pico-sdk/lib/lwip/src/core/timeouts.c.obj
LOAD CMakeFiles/PicoLED.dir/C_/Users/Steve/Documents/Pico/pico-sdk/lib/lwip/src/core/udp.c.obj
LOAD CMakeFiles/PicoLED.dir/C_/Users/Steve/Documents/Pico/pico-sdk/src/rp2_common/pico_lwip/random.c.obj
LOAD CMakeFiles/PicoLED.dir/C_/Users/Steve/Documents/Pico/pico-sdk/lib/lwip/src/core/ipv4/acd.c.obj
LOAD CMakeFiles/PicoLED.dir/C_/Users/Steve/Documents/Pico/pico-sdk/lib/lwip/src/core/ipv4/autoip.c.obj
LOAD CMakeFiles/PicoLED.dir/C_/Users/Steve/Documents/Pico/pico-sdk/lib/lwip/src/core/ipv4/dhcp.c.obj
LOAD CMakeFiles/PicoLED.dir/C_/Users/Steve/Documents/Pico/pico-sdk/lib/lwip/src/core/ipv4/etharp.c.obj
LOAD CMakeFiles/PicoLED.dir/C_/Users/Steve/Documents/Pico/pico-sdk/lib/lwip/src/core/ipv4/icmp.c.obj
LOAD CMakeFiles/PicoLED.dir/C_/Users/Steve/Documents/Pico/pico-sdk/lib/lwip/src/core/ipv4/igmp.c.obj
LOAD CMakeFiles/PicoLED.dir/C_/Users/Steve/Documents/Pico/pico-sdk/lib/lwip/src/core/ipv4/ip4_frag.c.obj
LOAD CMakeFiles/PicoLED.dir/C_/Users/Steve/Documents/Pico/pico-sdk/lib/lwip/src/core/ipv4/ip4.c.obj
LOAD CMakeFiles/PicoLED.dir/C_/Users/Steve/Documents/Pico/pico-sdk/lib/lwip/src/core/ipv4/ip4_addr.c.obj
LOAD CMakeFiles/PicoLED.dir/C_/Users/Steve/Documents/Pico/pico-sdk/lib/lwip/src/core/ipv6/dhcp6.c.obj
LOAD CMakeFiles/PicoLED.dir/C_/Users/Steve/Documents/Pico/pico-sdk/lib/lwip/src/core/ipv6/ethip6.c.obj
LOAD CMakeFiles/PicoLED.dir/C_/Users/Steve/Documents/Pico/pico-sdk/lib/lwip/src/core/ipv6/icmp6.c.obj
LOAD CMakeFiles/PicoLED.dir/C_/Users/Steve/Documents/Pico/pico-sdk/lib/lwip/src/core/ipv6/inet6.c.obj
LOAD CMakeFiles/PicoLED.dir/C_/Users/Steve/Documents/Pico/pico-sdk/lib/lwip/src/core/ipv6/ip6.c.obj
LOAD CMakeFiles/PicoLED.dir/C_/Users/Steve/Documents/Pico/pico-sdk/lib/lwip/src/core/ipv6/ip6_addr.c.obj
LOAD CMakeFiles/PicoLED.dir/C_/Users/Steve/Documents/Pico/pico-sdk/lib/lwip/src/core/ipv6/ip6_frag.c.obj
LOAD CMakeFiles/PicoLED.dir/C_/Users/Steve/Documents/Pico/pico-sdk/lib/lwip/src/core/ipv6/mld6.c.obj
LOAD CMakeFiles/PicoLED.dir/C_/Users/Steve/Documents/Pico/pico-sdk/lib/lwip/src/core/ipv6/nd6.c.obj
LOAD CMakeFiles/PicoLED.dir/C_/Users/Steve/Documents/Pico/pico-sdk/lib/lwip/src/api/api_lib.c.obj
LOAD CMakeFiles/PicoLED.dir/C_/Users/Steve/Documents/Pico/pico-sdk/lib/lwip/src/api/api_msg.c.obj
LOAD CMakeFiles/PicoLED.dir/C_/Users/Steve/Documents/Pico/pico-sdk/lib/lwip/src/api/err.c.obj
LOAD CMakeFiles/PicoLED.dir/C_/Users/Steve/Documents/Pico/pico-sdk/lib/lwip/src/api/if_api.c.obj
LOAD CMakeFiles/PicoLED.dir/C_/Users/Steve/Documents/Pico/pico-sdk/lib/lwip/src/api/netbuf.c.obj
LOAD CMakeFiles/PicoLED.dir/C_/Users/Steve/Documents/Pico/pico-sdk/lib/lwip/src/api/netdb.c.obj
LOAD CMakeFiles/PicoLED.dir/C_/Users/Steve/Documents/Pico/pico-sdk/lib/lwip/src/api/netifapi.c.obj
LOAD CMakeFiles/PicoLED.dir/C_/Users/Steve/Documents/Pico/pico-sdk/lib/lwip/src/api/sockets.c.obj
LOAD CMakeFiles/PicoLED.dir/C_/Users/Steve/Documents/Pico/pico-sdk/lib/lwip/src/api/tcpip.c.obj
LOAD CMakeFiles/PicoLED.dir/C_/Users/Steve/Documents/Pico/pico-sdk/lib/lwip/src/netif/ethernet.c.obj
LOAD CMakeFiles/PicoLED.dir/C_/Users/Steve/Documents/Pico/pico-sdk/lib/lwip/src/netif/bridgeif.c.obj
LOAD CMakeFiles/PicoLED.dir/C_/Users/Steve/Documents/Pico/pico-sdk/lib/lwip/src/netif/bridgeif_fdb.c.obj
LOAD CMakeFiles/PicoLED.dir/C_/Users/Steve/Documents/Pico/pico-sdk/lib/lwip/src/netif/slipif.c.obj
LOAD CMakeFiles/PicoLED.dir/C_/Users/Steve/Documents/Pico/pico-sdk/lib/lwip/src/netif/lowpan6_common.c.obj
LOAD CMakeFiles/PicoLED.dir/C_/Users/Steve/Documents/Pico/pico-sdk/lib/lwip/src/netif/lowpan6.c.obj
LOAD CMakeFiles/PicoLED.dir/C_/Users/Steve/Documents/Pico/pico-sdk/lib/lwip/src/netif/lowpan6_ble.c.obj
LOAD CMakeFiles/PicoLED.dir/C_/Users/Steve/Documents/Pico/pico-sdk/lib/lwip/src/netif/zepif.c.obj
LOAD CMakeFiles/PicoLED.dir/C_/Users/Steve/Documents/Pico/pico-sdk/lib/lwip/src/netif/ppp/auth.c.obj
LOAD CMakeFiles/PicoLED.dir/C_/Users/Steve/Documents/Pico/pico-sdk/lib/lwip/src/netif/ppp/ccp.c.obj
LOAD CMakeFiles/PicoLED.dir/C_/Users/Steve/Documents/Pico/pico-sdk/lib/lwip/src/netif/ppp/chap-md5.c.obj
LOAD CMakeFiles/PicoLED.dir/C_/Users/Steve/Documents/Pico/pico-sdk/lib/lwip/src/netif/ppp/chap_ms.c.obj
LOAD CMakeFiles/PicoLED.dir/C_/Users/Steve/Documents/Pico/pico-sdk/lib/lwip/src/netif/ppp/chap-new.c.obj
LOAD CMakeFiles/PicoLED.dir/C_/Users/Steve/Documents/Pico/pico-sdk/lib/lwip/src/netif/ppp/demand.c.obj
LOAD CMakeFiles/PicoLED.dir/C_/Users/Steve/Documents/Pico/pico-sdk/lib/lwip/src/netif/ppp/eap.c.obj
LOAD CMakeFiles/PicoLED.dir/C_/Users/Steve/Documents/Pico/pico-sdk/lib/lwip/src/netif/ppp/ecp.c.obj
LOAD CMakeFiles/PicoLED.dir/C_/Users/Steve/Documents/Pico/pico-sdk/lib/lwip/src/netif/ppp/eui64.c.obj
LOAD CMakeFiles/PicoLED.dir/C_/Users/Steve/Documents/Pico/pico-sdk/lib/lwip/src/netif/ppp/fsm.c.obj
LOAD CMakeFiles/PicoLED.dir/C_/Users/Steve/Documents/Pico/pico-sdk/lib/lwip/src/netif/ppp/ipcp.c.obj
LOAD CMakeFiles/PicoLED.dir/C_/Users/Steve/Documents/Pico/pico-sdk/lib/lwip/src/netif/ppp/ipv6cp.c.obj
LOAD CMakeFiles/PicoLED.dir/C_/Users/Steve/Documents/Pico/pico-sdk/lib/lwip/src/netif/ppp/lcp.c.obj
LOAD CMakeFiles/PicoLED.dir/C_/Users/Steve/Documents/Pico/pico-sdk/lib/lwip/src/netif/ppp/magic.c.obj
LOAD CMakeFiles/PicoLED.dir/C_/Users/Steve/Documents/Pico/pico-sdk/lib/lwip/src/netif/ppp/mppe.c.obj
LOAD CMakeFiles/PicoLED.dir/C_/Users/Steve/Documents/Pico/pico-sdk/lib/lwip/src/netif/ppp/multilink.c.obj
LOAD CMakeFiles/PicoLED.dir/C_/Users/Steve/Documents/Pico/pico-sdk/lib/lwip/src/netif/ppp/ppp.c.obj
LOAD CMakeFiles/PicoLED.dir/C_/Users/Steve/Documents/Pico/pico-sdk/lib/lwip/src/netif/ppp/pppapi.c.obj
LOAD CMakeFiles/PicoLED.dir/C_/Users/Steve/Documents/Pico/pico-sdk/lib/lwip/src/netif/ppp/pppcrypt.c.obj
LOAD CMakeFiles/PicoLED.dir/C_/Users/Steve/Documents/Pico/pico-sdk/lib/lwip/src/netif/ppp/pppoe.c.obj
LOAD CMakeFiles/PicoLED.dir/C_/Users/Steve/Documents/Pico/pico-sdk/lib/lwip/src/netif/ppp/pppol2tp.c.obj
LOAD CMakeFiles/PicoLED.dir/C_/Users/Steve/Documents/Pico/pico-sdk/lib/lwip/src/netif/ppp/pppos.c.obj
LOAD CMakeFiles/PicoLED.dir/C_/Users/Steve/Documents/Pico/pico-sdk/lib/lwip/src/netif/ppp/upap.c.obj
LOAD CMakeFiles/PicoLED.dir/C_/Users/Steve/Documents/Pico/pico-sdk/lib/lwip/src/netif/ppp/utils.c.obj
LOAD CMakeFiles/PicoLED.dir/C_/Users/Steve/Documents/Pico/pico-sdk/lib/lwip/src/netif/ppp/vj.c.obj
LOAD CMakeFiles/PicoLED.dir/C_/Users/Steve/Documents/Pico/pico-sdk/lib/lwip/src/netif/ppp/polarssl/arc4.c.obj
LOAD CMakeFiles/PicoLED.dir/C_/Users/Steve/Documents/Pico/pico-sdk/lib/lwip/src/netif/ppp/polarssl/des.c.obj
LOAD CMakeFiles/PicoLED.dir/C_/Users/Steve/Documents/Pico/pico-sdk/lib/lwip/src/netif/ppp/polarssl/md4.c.obj
LOAD CMakeFiles/PicoLED.dir/C_/Users/Steve/Documents/Pico/pico-sdk/lib/lwip/src/netif/ppp/polarssl/md5.c.obj
LOAD CMakeFiles/PicoLED.dir/C_/Users/Steve/Documents/Pico/pico-sdk/lib/lwip/src/netif/ppp/polarssl/sha1.c.obj
LOAD CMakeFiles/PicoLED.dir/C_/Users/Steve/Documents/Pico/pico-sdk/src/rp2_common/pico_lwip/nosys.c.obj
LOAD pico-sdk\src\rp2_common\cyw43_driver\cyw43_resource.o
LOAD C:\Users\Steve\AppData\Local\Temp\cc6NY8gv.o
LOAD c:/progra~2/gnuarm~1/102021~1.10/bin/../lib/gcc/arm-none-eabi/10.3.1/../../../../arm-none-eabi/lib/thumb/v6-m/nofp\libstdc++.a
LOAD c:/progra~2/gnuarm~1/102021~1.10/bin/../lib/gcc/arm-none-eabi/10.3.1/../../../../arm-none-eabi/lib/thumb/v6-m/nofp\libm.a
START GROUP
LOAD c:/progra~2/gnuarm~1/102021~1.10/bin/../lib/gcc/arm-none-eabi/10.3.1/thumb/v6-m/nofp\libgcc.a
LOAD c:/progra~2/gnuarm~1/102021~1.10/bin/../lib/gcc/arm-none-eabi/10.3.1/../../../../arm-none-eabi/lib/thumb/v6-m/nofp\libg.a
LOAD c:/progra~2/gnuarm~1/102021~1.10/bin/../lib/gcc/arm-none-eabi/10.3.1/../../../../arm-none-eabi/lib/thumb/v6-m/nofp\libc.a
END GROUP
START GROUP
LOAD c:/progra~2/gnuarm~1/102021~1.10/bin/../lib/gcc/arm-none-eabi/10.3.1/thumb/v6-m/nofp\libgcc.a
LOAD c:/progra~2/gnuarm~1/102021~1.10/bin/../lib/gcc/arm-none-eabi/10.3.1/../../../../arm-none-eabi/lib/thumb/v6-m/nofp\libc.a
LOAD c:/progra~2/gnuarm~1/102021~1.10/bin/../lib/gcc/arm-none-eabi/10.3.1/../../../../arm-none-eabi/lib/thumb/v6-m/nofp\libnosys.a
END GROUP
LOAD c:/progra~2/gnuarm~1/102021~1.10/bin/../lib/gcc/arm-none-eabi/10.3.1/thumb/v6-m/nofp/crtend.o
LOAD c:/progra~2/gnuarm~1/102021~1.10/bin/../lib/gcc/arm-none-eabi/10.3.1/thumb/v6-m/nofp/crtn.o
OUTPUT(PicoLED.elf elf32-littlearm)
LOAD linker stubs

.ARM.attributes
                0x00000000       0x28
 .ARM.attributes
                0x00000000       0x1e c:/progra~2/gnuarm~1/102021~1.10/bin/../lib/gcc/arm-none-eabi/10.3.1/thumb/v6-m/nofp/crti.o
 .ARM.attributes
                0x0000001e       0x2c c:/progra~2/gnuarm~1/102021~1.10/bin/../lib/gcc/arm-none-eabi/10.3.1/thumb/v6-m/nofp/crtbegin.o
 .ARM.attributes
                0x0000004a       0x2c CMakeFiles/PicoLED.dir/PicoLED.cpp.obj
 .ARM.attributes
                0x00000076       0x2c CMakeFiles/PicoLED.dir/C_/Users/Steve/Documents/Pico/pico-sdk/src/rp2_common/hardware_gpio/gpio.c.obj
 .ARM.attributes
                0x000000a2       0x2c CMakeFiles/PicoLED.dir/C_/Users/Steve/Documents/Pico/pico-sdk/src/rp2_common/hardware_claim/claim.c.obj
 .ARM.attributes
                0x000000ce       0x2c CMakeFiles/PicoLED.dir/C_/Users/Steve/Documents/Pico/pico-sdk/src/rp2_common/pico_platform/platform.c.obj
 .ARM.attributes
                0x000000fa       0x2c CMakeFiles/PicoLED.dir/C_/Users/Steve/Documents/Pico/pico-sdk/src/rp2_common/hardware_sync/sync.c.obj
 .ARM.attributes
                0x00000126       0x2c CMakeFiles/PicoLED.dir/C_/Users/Steve/Documents/Pico/pico-sdk/src/rp2_common/hardware_irq/irq.c.obj
 .ARM.attributes
                0x00000152       0x22 CMakeFiles/PicoLED.dir/C_/Users/Steve/Documents/Pico/pico-sdk/src/rp2_common/hardware_irq/irq_handler_chain.S.obj
 .ARM.attributes
                0x00000174       0x2c CMakeFiles/PicoLED.dir/C_/Users/Steve/Documents/Pico/pico-sdk/src/common/pico_sync/lock_core.c.obj
 .ARM.attributes
                0x000001a0       0x2c CMakeFiles/PicoLED.dir/C_/Users/Steve/Documents/Pico/pico-sdk/src/common/pico_time/time.c.obj
 .ARM.attributes
                0x000001cc       0x2c CMakeFiles/PicoLED.dir/C_/Users/Steve/Documents/Pico/pico-sdk/src/rp2_common/hardware_timer/timer.c.obj
 .ARM.attributes
                0x000001f8       0x2c CMakeFiles/PicoLED.dir/C_/Users/Steve/Documents/Pico/pico-sdk/src/common/pico_util/pheap.c.obj
 .ARM.attributes
                0x00000224       0x2c CMakeFiles/PicoLED.dir/C_/Users/Steve/Documents/Pico/pico-sdk/src/common/pico_sync/mutex.c.obj
 .ARM.attributes
                0x00000250       0x2c CMakeFiles/PicoLED.dir/C_/Users/Steve/Documents/Pico/pico-sdk/src/rp2_common/hardware_uart/uart.c.obj
 .ARM.attributes
                0x0000027c       0x2c CMakeFiles/PicoLED.dir/C_/Users/Steve/Documents/Pico/pico-sdk/src/rp2_common/pico_runtime/runtime.c.obj
 .ARM.attributes
                0x000002a8       0x2c CMakeFiles/PicoLED.dir/C_/Users/Steve/Documents/Pico/pico-sdk/src/rp2_common/hardware_clocks/clocks.c.obj
 .ARM.attributes
                0x000002d4       0x2c CMakeFiles/PicoLED.dir/C_/Users/Steve/Documents/Pico/pico-sdk/src/rp2_common/hardware_pll/pll.c.obj
 .ARM.attributes
                0x00000300       0x2c CMakeFiles/PicoLED.dir/C_/Users/Steve/Documents/Pico/pico-sdk/src/rp2_common/hardware_watchdog/watchdog.c.obj
 .ARM.attributes
                0x0000032c       0x2c CMakeFiles/PicoLED.dir/C_/Users/Steve/Documents/Pico/pico-sdk/src/rp2_common/hardware_xosc/xosc.c.obj
 .ARM.attributes
                0x00000358       0x2c CMakeFiles/PicoLED.dir/C_/Users/Steve/Documents/Pico/pico-sdk/src/rp2_common/pico_printf/printf.c.obj
 .ARM.attributes
                0x00000384       0x22 CMakeFiles/PicoLED.dir/C_/Users/Steve/Documents/Pico/pico-sdk/src/rp2_common/pico_bit_ops/bit_ops_aeabi.S.obj
 .ARM.attributes
                0x000003a6       0x2c CMakeFiles/PicoLED.dir/C_/Users/Steve/Documents/Pico/pico-sdk/src/rp2_common/pico_bootrom/bootrom.c.obj
 .ARM.attributes
                0x000003d2       0x22 CMakeFiles/PicoLED.dir/C_/Users/Steve/Documents/Pico/pico-sdk/src/rp2_common/pico_divider/divider.S.obj
 .ARM.attributes
                0x000003f4       0x22 CMakeFiles/PicoLED.dir/C_/Users/Steve/Documents/Pico/pico-sdk/src/rp2_common/pico_double/double_aeabi.S.obj
 .ARM.attributes
                0x00000416       0x2c CMakeFiles/PicoLED.dir/C_/Users/Steve/Documents/Pico/pico-sdk/src/rp2_common/pico_double/double_init_rom.c.obj
 .ARM.attributes
                0x00000442       0x22 CMakeFiles/PicoLED.dir/C_/Users/Steve/Documents/Pico/pico-sdk/src/rp2_common/pico_double/double_v1_rom_shim.S.obj
 .ARM.attributes
                0x00000464       0x22 CMakeFiles/PicoLED.dir/C_/Users/Steve/Documents/Pico/pico-sdk/src/rp2_common/pico_float/float_aeabi.S.obj
 .ARM.attributes
                0x00000486       0x2c CMakeFiles/PicoLED.dir/C_/Users/Steve/Documents/Pico/pico-sdk/src/rp2_common/pico_float/float_init_rom.c.obj
 .ARM.attributes
                0x000004b2       0x22 CMakeFiles/PicoLED.dir/C_/Users/Steve/Documents/Pico/pico-sdk/src/rp2_common/pico_mem_ops/mem_ops_aeabi.S.obj
 .ARM.attributes
                0x000004d4       0x22 CMakeFiles/PicoLED.dir/C_/Users/Steve/Documents/Pico/pico-sdk/src/rp2_common/pico_standard_link/crt0.S.obj
 .ARM.attributes
                0x000004f6       0x2c CMakeFiles/PicoLED.dir/C_/Users/Steve/Documents/Pico/pico-sdk/src/rp2_common/pico_standard_link/binary_info.c.obj
 .ARM.attributes
                0x00000522       0x2c CMakeFiles/PicoLED.dir/C_/Users/Steve/Documents/Pico/pico-sdk/src/rp2_common/pico_stdio/stdio.c.obj
 .ARM.attributes
                0x0000054e       0x2c CMakeFiles/PicoLED.dir/C_/Users/Steve/Documents/Pico/pico-sdk/src/rp2_common/pico_stdio_uart/stdio_uart.c.obj
 .ARM.attributes
                0x0000057a       0x2c CMakeFiles/PicoLED.dir/C_/Users/Steve/Documents/Pico/pico-sdk/src/rp2_common/pico_unique_id/unique_id.c.obj
 .ARM.attributes
                0x000005a6       0x2c CMakeFiles/PicoLED.dir/C_/Users/Steve/Documents/Pico/pico-sdk/src/rp2_common/hardware_flash/flash.c.obj
 .ARM.attributes
                0x000005d2       0x22 C:\Users\Steve\AppData\Local\Temp\cc6NY8gv.o
 .ARM.attributes
                0x000005f4       0x1e c:/progra~2/gnuarm~1/102021~1.10/bin/../lib/gcc/arm-none-eabi/10.3.1/thumb/v6-m/nofp\libgcc.a(_dvmd_tls.o)
 .ARM.attributes
                0x00000612       0x2c c:/progra~2/gnuarm~1/102021~1.10/bin/../lib/gcc/arm-none-eabi/10.3.1/../../../../arm-none-eabi/lib/thumb/v6-m/nofp\libg.a(lib_a-strlen-stub.o)

.comment        0x00000000       0x49
 .comment       0x00000000       0x49 CMakeFiles/PicoLED.dir/PicoLED.cpp.obj
                                 0x4a (size before relaxing)
 .comment       0x00000049       0x4a CMakeFiles/PicoLED.dir/C_/Users/Steve/Documents/Pico/pico-sdk/src/rp2_common/hardware_gpio/gpio.c.obj
 .comment       0x00000049       0x4a CMakeFiles/PicoLED.dir/C_/Users/Steve/Documents/Pico/pico-sdk/src/rp2_common/hardware_claim/claim.c.obj
 .comment       0x00000049       0x4a CMakeFiles/PicoLED.dir/C_/Users/Steve/Documents/Pico/pico-sdk/src/rp2_common/pico_platform/platform.c.obj
 .comment       0x00000049       0x4a CMakeFiles/PicoLED.dir/C_/Users/Steve/Documents/Pico/pico-sdk/src/rp2_common/hardware_sync/sync.c.obj
 .comment       0x00000049       0x4a CMakeFiles/PicoLED.dir/C_/Users/Steve/Documents/Pico/pico-sdk/src/rp2_common/hardware_irq/irq.c.obj
 .comment       0x00000049       0x4a CMakeFiles/PicoLED.dir/C_/Users/Steve/Documents/Pico/pico-sdk/src/common/pico_sync/lock_core.c.obj
 .comment       0x00000049       0x4a CMakeFiles/PicoLED.dir/C_/Users/Steve/Documents/Pico/pico-sdk/src/common/pico_time/time.c.obj
 .comment       0x00000049       0x4a CMakeFiles/PicoLED.dir/C_/Users/Steve/Documents/Pico/pico-sdk/src/rp2_common/hardware_timer/timer.c.obj
 .comment       0x00000049       0x4a CMakeFiles/PicoLED.dir/C_/Users/Steve/Documents/Pico/pico-sdk/src/common/pico_util/pheap.c.obj
 .comment       0x00000049       0x4a CMakeFiles/PicoLED.dir/C_/Users/Steve/Documents/Pico/pico-sdk/src/common/pico_sync/mutex.c.obj
 .comment       0x00000049       0x4a CMakeFiles/PicoLED.dir/C_/Users/Steve/Documents/Pico/pico-sdk/src/rp2_common/hardware_uart/uart.c.obj
 .comment       0x00000049       0x4a CMakeFiles/PicoLED.dir/C_/Users/Steve/Documents/Pico/pico-sdk/src/rp2_common/pico_runtime/runtime.c.obj
 .comment       0x00000049       0x4a CMakeFiles/PicoLED.dir/C_/Users/Steve/Documents/Pico/pico-sdk/src/rp2_common/hardware_clocks/clocks.c.obj
 .comment       0x00000049       0x4a CMakeFiles/PicoLED.dir/C_/Users/Steve/Documents/Pico/pico-sdk/src/rp2_common/hardware_pll/pll.c.obj
 .comment       0x00000049       0x4a CMakeFiles/PicoLED.dir/C_/Users/Steve/Documents/Pico/pico-sdk/src/rp2_common/hardware_watchdog/watchdog.c.obj
 .comment       0x00000049       0x4a CMakeFiles/PicoLED.dir/C_/Users/Steve/Documents/Pico/pico-sdk/src/rp2_common/hardware_xosc/xosc.c.obj
 .comment       0x00000049       0x4a CMakeFiles/PicoLED.dir/C_/Users/Steve/Documents/Pico/pico-sdk/src/rp2_common/pico_printf/printf.c.obj
 .comment       0x00000049       0x4a CMakeFiles/PicoLED.dir/C_/Users/Steve/Documents/Pico/pico-sdk/src/rp2_common/pico_bootrom/bootrom.c.obj
 .comment       0x00000049       0x4a CMakeFiles/PicoLED.dir/C_/Users/Steve/Documents/Pico/pico-sdk/src/rp2_common/pico_double/double_init_rom.c.obj
 .comment       0x00000049       0x4a CMakeFiles/PicoLED.dir/C_/Users/Steve/Documents/Pico/pico-sdk/src/rp2_common/pico_float/float_init_rom.c.obj
 .comment       0x00000049       0x4a CMakeFiles/PicoLED.dir/C_/Users/Steve/Documents/Pico/pico-sdk/src/rp2_common/pico_standard_link/binary_info.c.obj
 .comment       0x00000049       0x4a CMakeFiles/PicoLED.dir/C_/Users/Steve/Documents/Pico/pico-sdk/src/rp2_common/pico_stdio/stdio.c.obj
 .comment       0x00000049       0x4a CMakeFiles/PicoLED.dir/C_/Users/Steve/Documents/Pico/pico-sdk/src/rp2_common/pico_stdio_uart/stdio_uart.c.obj
 .comment       0x00000049       0x4a CMakeFiles/PicoLED.dir/C_/Users/Steve/Documents/Pico/pico-sdk/src/rp2_common/pico_unique_id/unique_id.c.obj
 .comment       0x00000049       0x4a CMakeFiles/PicoLED.dir/C_/Users/Steve/Documents/Pico/pico-sdk/src/rp2_common/hardware_flash/flash.c.obj

.debug_info     0x00000000    0x15227
 .debug_info    0x00000000      0x7b6 CMakeFiles/PicoLED.dir/PicoLED.cpp.obj
 .debug_info    0x000007b6     0x16d7 CMakeFiles/PicoLED.dir/C_/Users/Steve/Documents/Pico/pico-sdk/src/rp2_common/hardware_gpio/gpio.c.obj
 .debug_info    0x00001e8d      0x6bb CMakeFiles/PicoLED.dir/C_/Users/Steve/Documents/Pico/pico-sdk/src/rp2_common/hardware_claim/claim.c.obj
 .debug_info    0x00002548      0x1e3 CMakeFiles/PicoLED.dir/C_/Users/Steve/Documents/Pico/pico-sdk/src/rp2_common/pico_platform/platform.c.obj
 .debug_info    0x0000272b      0x58e CMakeFiles/PicoLED.dir/C_/Users/Steve/Documents/Pico/pico-sdk/src/rp2_common/hardware_sync/sync.c.obj
 .debug_info    0x00002cb9     0x1c49 CMakeFiles/PicoLED.dir/C_/Users/Steve/Documents/Pico/pico-sdk/src/rp2_common/hardware_irq/irq.c.obj
 .debug_info    0x00004902      0x1a4 CMakeFiles/PicoLED.dir/C_/Users/Steve/Documents/Pico/pico-sdk/src/common/pico_sync/lock_core.c.obj
 .debug_info    0x00004aa6     0x3b3b CMakeFiles/PicoLED.dir/C_/Users/Steve/Documents/Pico/pico-sdk/src/common/pico_time/time.c.obj
 .debug_info    0x000085e1     0x1134 CMakeFiles/PicoLED.dir/C_/Users/Steve/Documents/Pico/pico-sdk/src/rp2_common/hardware_timer/timer.c.obj
 .debug_info    0x00009715     0x120c CMakeFiles/PicoLED.dir/C_/Users/Steve/Documents/Pico/pico-sdk/src/common/pico_util/pheap.c.obj
 .debug_info    0x0000a921     0x2022 CMakeFiles/PicoLED.dir/C_/Users/Steve/Documents/Pico/pico-sdk/src/common/pico_sync/mutex.c.obj
 .debug_info    0x0000c943      0xb65 CMakeFiles/PicoLED.dir/C_/Users/Steve/Documents/Pico/pico-sdk/src/rp2_common/hardware_uart/uart.c.obj
 .debug_info    0x0000d4a8      0xa87 CMakeFiles/PicoLED.dir/C_/Users/Steve/Documents/Pico/pico-sdk/src/rp2_common/pico_runtime/runtime.c.obj
 .debug_info    0x0000df2f      0xf63 CMakeFiles/PicoLED.dir/C_/Users/Steve/Documents/Pico/pico-sdk/src/rp2_common/hardware_clocks/clocks.c.obj
 .debug_info    0x0000ee92      0x54a CMakeFiles/PicoLED.dir/C_/Users/Steve/Documents/Pico/pico-sdk/src/rp2_common/hardware_pll/pll.c.obj
 .debug_info    0x0000f3dc      0x4ee CMakeFiles/PicoLED.dir/C_/Users/Steve/Documents/Pico/pico-sdk/src/rp2_common/hardware_watchdog/watchdog.c.obj
 .debug_info    0x0000f8ca      0x1d8 CMakeFiles/PicoLED.dir/C_/Users/Steve/Documents/Pico/pico-sdk/src/rp2_common/hardware_xosc/xosc.c.obj
 .debug_info    0x0000faa2     0x1a5f CMakeFiles/PicoLED.dir/C_/Users/Steve/Documents/Pico/pico-sdk/src/rp2_common/pico_printf/printf.c.obj
 .debug_info    0x00011501       0x22 CMakeFiles/PicoLED.dir/C_/Users/Steve/Documents/Pico/pico-sdk/src/rp2_common/pico_bit_ops/bit_ops_aeabi.S.obj
 .debug_info    0x00011523      0x27c CMakeFiles/PicoLED.dir/C_/Users/Steve/Documents/Pico/pico-sdk/src/rp2_common/pico_bootrom/bootrom.c.obj
 .debug_info    0x0001179f       0x22 CMakeFiles/PicoLED.dir/C_/Users/Steve/Documents/Pico/pico-sdk/src/rp2_common/pico_divider/divider.S.obj
 .debug_info    0x000117c1       0x22 CMakeFiles/PicoLED.dir/C_/Users/Steve/Documents/Pico/pico-sdk/src/rp2_common/pico_double/double_aeabi.S.obj
 .debug_info    0x000117e3      0x2fb CMakeFiles/PicoLED.dir/C_/Users/Steve/Documents/Pico/pico-sdk/src/rp2_common/pico_double/double_init_rom.c.obj
 .debug_info    0x00011ade       0x26 CMakeFiles/PicoLED.dir/C_/Users/Steve/Documents/Pico/pico-sdk/src/rp2_common/pico_double/double_v1_rom_shim.S.obj
 .debug_info    0x00011b04       0x22 CMakeFiles/PicoLED.dir/C_/Users/Steve/Documents/Pico/pico-sdk/src/rp2_common/pico_float/float_aeabi.S.obj
 .debug_info    0x00011b26      0x2d8 CMakeFiles/PicoLED.dir/C_/Users/Steve/Documents/Pico/pico-sdk/src/rp2_common/pico_float/float_init_rom.c.obj
 .debug_info    0x00011dfe       0x22 CMakeFiles/PicoLED.dir/C_/Users/Steve/Documents/Pico/pico-sdk/src/rp2_common/pico_mem_ops/mem_ops_aeabi.S.obj
 .debug_info    0x00011e20       0x22 CMakeFiles/PicoLED.dir/C_/Users/Steve/Documents/Pico/pico-sdk/src/rp2_common/pico_standard_link/crt0.S.obj
 .debug_info    0x00011e42      0x327 CMakeFiles/PicoLED.dir/C_/Users/Steve/Documents/Pico/pico-sdk/src/rp2_common/pico_standard_link/binary_info.c.obj
 .debug_info    0x00012169     0x12ee CMakeFiles/PicoLED.dir/C_/Users/Steve/Documents/Pico/pico-sdk/src/rp2_common/pico_stdio/stdio.c.obj
 .debug_info    0x00013457      0xc57 CMakeFiles/PicoLED.dir/C_/Users/Steve/Documents/Pico/pico-sdk/src/rp2_common/pico_stdio_uart/stdio_uart.c.obj
 .debug_info    0x000140ae      0x257 CMakeFiles/PicoLED.dir/C_/Users/Steve/Documents/Pico/pico-sdk/src/rp2_common/pico_unique_id/unique_id.c.obj
 .debug_info    0x00014305      0xf22 CMakeFiles/PicoLED.dir/C_/Users/Steve/Documents/Pico/pico-sdk/src/rp2_common/hardware_flash/flash.c.obj

.debug_abbrev   0x00000000     0x43ff
 .debug_abbrev  0x00000000      0x1cc CMakeFiles/PicoLED.dir/PicoLED.cpp.obj
 .debug_abbrev  0x000001cc      0x326 CMakeFiles/PicoLED.dir/C_/Users/Steve/Documents/Pico/pico-sdk/src/rp2_common/hardware_gpio/gpio.c.obj
 .debug_abbrev  0x000004f2      0x2e9 CMakeFiles/PicoLED.dir/C_/Users/Steve/Documents/Pico/pico-sdk/src/rp2_common/hardware_claim/claim.c.obj
 .debug_abbrev  0x000007db       0xeb CMakeFiles/PicoLED.dir/C_/Users/Steve/Documents/Pico/pico-sdk/src/rp2_common/pico_platform/platform.c.obj
 .debug_abbrev  0x000008c6      0x21b CMakeFiles/PicoLED.dir/C_/Users/Steve/Documents/Pico/pico-sdk/src/rp2_common/hardware_sync/sync.c.obj
 .debug_abbrev  0x00000ae1      0x4fc CMakeFiles/PicoLED.dir/C_/Users/Steve/Documents/Pico/pico-sdk/src/rp2_common/hardware_irq/irq.c.obj
 .debug_abbrev  0x00000fdd      0x116 CMakeFiles/PicoLED.dir/C_/Users/Steve/Documents/Pico/pico-sdk/src/common/pico_sync/lock_core.c.obj
 .debug_abbrev  0x000010f3      0x54d CMakeFiles/PicoLED.dir/C_/Users/Steve/Documents/Pico/pico-sdk/src/common/pico_time/time.c.obj
 .debug_abbrev  0x00001640      0x3a2 CMakeFiles/PicoLED.dir/C_/Users/Steve/Documents/Pico/pico-sdk/src/rp2_common/hardware_timer/timer.c.obj
 .debug_abbrev  0x000019e2      0x297 CMakeFiles/PicoLED.dir/C_/Users/Steve/Documents/Pico/pico-sdk/src/common/pico_util/pheap.c.obj
 .debug_abbrev  0x00001c79      0x386 CMakeFiles/PicoLED.dir/C_/Users/Steve/Documents/Pico/pico-sdk/src/common/pico_sync/mutex.c.obj
 .debug_abbrev  0x00001fff      0x2d2 CMakeFiles/PicoLED.dir/C_/Users/Steve/Documents/Pico/pico-sdk/src/rp2_common/hardware_uart/uart.c.obj
 .debug_abbrev  0x000022d1      0x3aa CMakeFiles/PicoLED.dir/C_/Users/Steve/Documents/Pico/pico-sdk/src/rp2_common/pico_runtime/runtime.c.obj
 .debug_abbrev  0x0000267b      0x3a5 CMakeFiles/PicoLED.dir/C_/Users/Steve/Documents/Pico/pico-sdk/src/rp2_common/hardware_clocks/clocks.c.obj