Archive member included to satisfy reference by file (symbol)

c:/progra~2/gnuarm~1/102021~1.10/bin/../lib/gcc/arm-none-eabi/10.3.1/thumb/v6-m/nofp\libgcc.a(_dvmd_tls.o)
                              CMakeFiles/PicoLED.dir/C_/Users/Steve/Documents/Pico/pico-sdk/src/rp2_common/pico_divider/divider.S.obj (__aeabi_idiv0)
c:/progra~2/gnuarm~1/102021~1.10/bin/../lib/gcc/arm-none-eabi/10.3.1/../../../../arm-none-eabi/lib/thumb/v6-m/nofp\libg.a(lib_a-atoi.o)
                              CMakeFiles/PicoLED.dir/C_/Users/Steve/Documents/Pico/pico-sdk/lib/lwip/src/core/netif.c.obj (atoi)
c:/progra~2/gnuarm~1/102021~1.10/bin/../lib/gcc/arm-none-eabi/10.3.1/../../../../arm-none-eabi/lib/thumb/v6-m/nofp\libg.a(lib_a-calloc.o)
                              CMakeFiles/PicoLED.dir/C_/Users/Steve/Documents/Pico/pico-sdk/src/rp2_common/pico_malloc/pico_malloc.c.obj (calloc)
c:/progra~2/gnuarm~1/102021~1.10/bin/../lib/gcc/arm-none-eabi/10.3.1/../../../../arm-none-eabi/lib/thumb/v6-m/nofp\libg.a(lib_a-callocr.o)
                              c:/progra~2/gnuarm~1/102021~1.10/bin/../lib/gcc/arm-none-eabi/10.3.1/../../../../arm-none-eabi/lib/thumb/v6-m/nofp\libg.a(lib_a-calloc.o) (_calloc_r)
c:/progra~2/gnuarm~1/102021~1.10/bin/../lib/gcc/arm-none-eabi/10.3.1/../../../../arm-none-eabi/lib/thumb/v6-m/nofp\libg.a(lib_a-ctype_.o)
                              CMakeFiles/PicoLED.dir/C_/Users/Steve/Documents/Pico/pico-sdk/lib/lwip/src/core/dns.c.obj (_ctype_)
c:/progra~2/gnuarm~1/102021~1.10/bin/../lib/gcc/arm-none-eabi/10.3.1/../../../../arm-none-eabi/lib/thumb/v6-m/nofp\libg.a(lib_a-errno.o)
                              c:/progra~2/gnuarm~1/102021~1.10/bin/../lib/gcc/arm-none-eabi/10.3.1/../../../../arm-none-eabi/lib/thumb/v6-m/nofp\libg.a(lib_a-callocr.o) (__errno)
c:/progra~2/gnuarm~1/102021~1.10/bin/../lib/gcc/arm-none-eabi/10.3.1/../../../../arm-none-eabi/lib/thumb/v6-m/nofp\libg.a(lib_a-impure.o)
                              c:/progra~2/gnuarm~1/102021~1.10/bin/../lib/gcc/arm-none-eabi/10.3.1/../../../../arm-none-eabi/lib/thumb/v6-m/nofp\libg.a(lib_a-calloc.o) (_impure_ptr)
c:/progra~2/gnuarm~1/102021~1.10/bin/../lib/gcc/arm-none-eabi/10.3.1/../../../../arm-none-eabi/lib/thumb/v6-m/nofp\libg.a(lib_a-malloc.o)
                              CMakeFiles/PicoLED.dir/C_/Users/Steve/Documents/Pico/pico-sdk/src/rp2_common/pico_malloc/pico_malloc.c.obj (malloc)
c:/progra~2/gnuarm~1/102021~1.10/bin/../lib/gcc/arm-none-eabi/10.3.1/../../../../arm-none-eabi/lib/thumb/v6-m/nofp\libg.a(lib_a-mallocr.o)
                              c:/progra~2/gnuarm~1/102021~1.10/bin/../lib/gcc/arm-none-eabi/10.3.1/../../../../arm-none-eabi/lib/thumb/v6-m/nofp\libg.a(lib_a-callocr.o) (_malloc_r)
c:/progra~2/gnuarm~1/102021~1.10/bin/../lib/gcc/arm-none-eabi/10.3.1/../../../../arm-none-eabi/lib/thumb/v6-m/nofp\libg.a(lib_a-memcmp.o)
                              CMakeFiles/PicoLED.dir/C_/Users/Steve/Documents/Pico/pico-sdk/lib/cyw43-driver/src/cyw43_ll.c.obj (memcmp)
c:/progra~2/gnuarm~1/102021~1.10/bin/../lib/gcc/arm-none-eabi/10.3.1/../../../../arm-none-eabi/lib/thumb/v6-m/nofp\libg.a(lib_a-memmove.o)
                              CMakeFiles/PicoLED.dir/C_/Users/Steve/Documents/Pico/pico-sdk/lib/cyw43-driver/src/cyw43_ll.c.obj (memmove)
c:/progra~2/gnuarm~1/102021~1.10/bin/../lib/gcc/arm-none-eabi/10.3.1/../../../../arm-none-eabi/lib/thumb/v6-m/nofp\libg.a(lib_a-mlock.o)
                              c:/progra~2/gnuarm~1/102021~1.10/bin/../lib/gcc/arm-none-eabi/10.3.1/../../../../arm-none-eabi/lib/thumb/v6-m/nofp\libg.a(lib_a-mallocr.o) (__malloc_lock)
c:/progra~2/gnuarm~1/102021~1.10/bin/../lib/gcc/arm-none-eabi/10.3.1/../../../../arm-none-eabi/lib/thumb/v6-m/nofp\libg.a(lib_a-realloc.o)
                              CMakeFiles/PicoLED.dir/C_/Users/Steve/Documents/Pico/pico-sdk/src/rp2_common/pico_malloc/pico_malloc.c.obj (realloc)
c:/progra~2/gnuarm~1/102021~1.10/bin/../lib/gcc/arm-none-eabi/10.3.1/../../../../arm-none-eabi/lib/thumb/v6-m/nofp\libg.a(lib_a-reallocr.o)
                              c:/progra~2/gnuarm~1/102021~1.10/bin/../lib/gcc/arm-none-eabi/10.3.1/../../../../arm-none-eabi/lib/thumb/v6-m/nofp\libg.a(lib_a-realloc.o) (_realloc_r)
c:/progra~2/gnuarm~1/102021~1.10/bin/../lib/gcc/arm-none-eabi/10.3.1/../../../../arm-none-eabi/lib/thumb/v6-m/nofp\libg.a(lib_a-sbrkr.o)
                              c:/progra~2/gnuarm~1/102021~1.10/bin/../lib/gcc/arm-none-eabi/10.3.1/../../../../arm-none-eabi/lib/thumb/v6-m/nofp\libg.a(lib_a-mallocr.o) (_sbrk_r)
c:/progra~2/gnuarm~1/102021~1.10/bin/../lib/gcc/arm-none-eabi/10.3.1/../../../../arm-none-eabi/lib/thumb/v6-m/nofp\libg.a(lib_a-strlen-stub.o)
                              CMakeFiles/PicoLED.dir/C_/Users/Steve/Documents/Pico/pico-sdk/src/rp2_common/pico_stdio/stdio.c.obj (strlen)
c:/progra~2/gnuarm~1/102021~1.10/bin/../lib/gcc/arm-none-eabi/10.3.1/../../../../arm-none-eabi/lib/thumb/v6-m/nofp\libg.a(lib_a-strncmp.o)
[...]
Memory Configuration

Name             Origin             Length             Attributes
RAM              0x20000000         0x00040000         xrw
SCRATCH_X        0x20040000         0x00001000         xrw
SCRATCH_Y        0x20041000         0x00001000         xrw
*default*        0x00000000         0xffffffff

Linker script and memory map


.text           0x20000000     0x3c24
                0x20000000                __logical_binary_start = .
                0x20000000                __reset_start = .
 *(.reset)
 .reset         0x20000000       0x94 CMakeFiles/PicoLED.dir/C_/Users/Steve/Documents/Pico/pico-sdk/src/rp2_common/pico_standard_link/crt0.S.obj
                0x20000000                _entry_point
                0x20000066                __get_current_exception
 .reset         0x20000094       0x24 CMakeFiles/PicoLED.dir/C_/Users/Steve/Documents/Pico/pico-sdk/src/rp2_common/pico_standard_link/binary_info.c.obj
                0x200000b8                __reset_end = .
 *(.binary_info_header)
 .binary_info_header
                0x200000b8       0x14 CMakeFiles/PicoLED.dir/C_/Users/Steve/Documents/Pico/pico-sdk/src/rp2_common/pico_standard_link/crt0.S.obj
                0x200000cc                __binary_info_header_end = .
                0x20000100                . = ALIGN (0x100)
 *fill*         0x200000cc       0x34 
 *(.vectors)
 .vectors       0x20000100       0xd4 CMakeFiles/PicoLED.dir/C_/Users/Steve/Documents/Pico/pico-sdk/src/rp2_common/pico_standard_link/crt0.S.obj
                0x20000100                __VECTOR_TABLE
                0x20000100                __vectors
                0x200001c0                isr_invalid
                0x200001c0                __default_isrs_start
                0x200001c2                isr_nmi
                0x200001c4                isr_hardfault
                0x200001c6                isr_svcall
                0x200001c8                isr_pendsv
                0x200001ca                isr_systick
                0x200001cc                isr_irq23
                0x200001cc                isr_irq18
                0x200001cc                isr_irq11
                0x200001cc                isr_irq28
                0x200001cc                isr_irq19
                0x200001cc                isr_irq0
                0x200001cc                isr_irq6
                0x200001cc                isr_irq5
                0x200001cc                isr_irq12
                0x200001cc                isr_irq22
                0x200001cc                isr_irq31
                0x200001cc                isr_irq17
                0x200001cc                isr_irq27
                0x200001cc                isr_irq30
                0x200001cc                isr_irq2
                0x200001cc                isr_irq10
                0x200001cc                isr_irq8
                0x200001cc                isr_irq24
                0x200001cc                isr_irq1
                0x200001cc                isr_irq7
                0x200001cc                isr_irq21
                0x200001cc                isr_irq20
                0x200001cc                isr_irq15
                0x200001cc                isr_irq25
                0x200001cc                isr_irq13
                0x200001cc                __unhandled_user_irq
                0x200001cc                isr_irq4
                0x200001cc                isr_irq16
                0x200001cc                isr_irq29
                0x200001cc                isr_irq26
                0x200001cc                __default_isrs_end
                0x200001cc                isr_irq3
                0x200001cc                isr_irq14
                0x200001cc                isr_irq9
                0x200001d2                unhandled_user_irq_num_in_r0
 *(.time_critical*)
 .time_critical.mutex_enter_blocking
                0x200001d4       0x48 CMakeFiles/PicoLED.dir/C_/Users/Steve/Documents/Pico/pico-sdk/src/common/pico_sync/mutex.c.obj
                0x200001d4                mutex_enter_blocking
 .time_critical.mutex_try_enter
                0x2000021c       0x46 CMakeFiles/PicoLED.dir/C_/Users/Steve/Documents/Pico/pico-sdk/src/common/pico_sync/mutex.c.obj
                0x2000021c                mutex_try_enter
 *fill*         0x20000262        0x2 
 .time_critical.mutex_exit
                0x20000264       0x4c CMakeFiles/PicoLED.dir/C_/Users/Steve/Documents/Pico/pico-sdk/src/common/pico_sync/mutex.c.obj
                0x20000264                mutex_exit
 *(.text*)
 .text._Z14alarm_callbacklPv
                0x200002b0        0x6 CMakeFiles/PicoLED.dir/PicoLED.cpp.obj
                0x200002b0                alarm_callback(long, void*)
 *fill*         0x200002b6        0x2 
 .text.main     0x200002b8       0xfc CMakeFiles/PicoLED.dir/PicoLED.cpp.obj
                0x200002b8                main
 .text.gpio_set_function
                0x200003b4       0x30 CMakeFiles/PicoLED.dir/C_/Users/Steve/Documents/Pico/pico-sdk/src/rp2_common/hardware_gpio/gpio.c.obj
                0x200003b4                gpio_set_function
 .text.gpio_set_pulls
                0x200003e4       0x34 CMakeFiles/PicoLED.dir/C_/Users/Steve/Documents/Pico/pico-sdk/src/rp2_common/hardware_gpio/gpio.c.obj
                0x200003e4                gpio_set_pulls
 .text.gpio_init
                0x20000418       0x16 CMakeFiles/PicoLED.dir/C_/Users/Steve/Documents/Pico/pico-sdk/src/rp2_common/hardware_gpio/gpio.c.obj
                0x20000418                gpio_init
 *fill*         0x2000042e        0x2 
 .text.hw_claim_lock
                0x20000430       0x18 CMakeFiles/PicoLED.dir/C_/Users/Steve/Documents/Pico/pico-sdk/src/rp2_common/hardware_claim/claim.c.obj
                0x20000430                hw_claim_lock
 .text.hw_claim_unlock
                0x20000448       0x14 CMakeFiles/PicoLED.dir/C_/Users/Steve/Documents/Pico/pico-sdk/src/rp2_common/hardware_claim/claim.c.obj
                0x20000448                hw_claim_unlock
 .text.hw_claim_or_assert
                0x2000045c       0x32 CMakeFiles/PicoLED.dir/C_/Users/Steve/Documents/Pico/pico-sdk/src/rp2_common/hardware_claim/claim.c.obj
                0x2000045c                hw_claim_or_assert
 *fill*         0x2000048e        0x2 
 .text.running_on_fpga
                0x20000490       0x14 CMakeFiles/PicoLED.dir/C_/Users/Steve/Documents/Pico/pico-sdk/src/rp2_common/pico_platform/platform.c.obj
                0x20000490                running_on_fpga
 .text.spin_locks_reset
                0x200004a4       0x20 CMakeFiles/PicoLED.dir/C_/Users/Steve/Documents/Pico/pico-sdk/src/rp2_common/hardware_sync/sync.c.obj
                0x200004a4                spin_locks_reset
 .text.next_striped_spin_lock_num
                0x200004c4       0x1c CMakeFiles/PicoLED.dir/C_/Users/Steve/Documents/Pico/pico-sdk/src/rp2_common/hardware_sync/sync.c.obj
                0x200004c4                next_striped_spin_lock_num
 .text.set_raw_irq_handler_and_unlock
                0x200004e0       0x28 CMakeFiles/PicoLED.dir/C_/Users/Steve/Documents/Pico/pico-sdk/src/rp2_common/hardware_irq/irq.c.obj
 .text.make_branch
                0x20000508       0x48 CMakeFiles/PicoLED.dir/C_/Users/Steve/Documents/Pico/pico-sdk/src/rp2_common/hardware_irq/irq.c.obj
 .text.insert_branch_and_link
                0x20000550       0x40 CMakeFiles/PicoLED.dir/C_/Users/Steve/Documents/Pico/pico-sdk/src/rp2_common/hardware_irq/irq.c.obj
 .text.irq_is_enabled
                0x20000590       0x18 CMakeFiles/PicoLED.dir/C_/Users/Steve/Documents/Pico/pico-sdk/src/rp2_common/hardware_irq/irq.c.obj
                0x20000590                irq_is_enabled
 .text.irq_set_mask_enabled
                0x200005a8       0x20 CMakeFiles/PicoLED.dir/C_/Users/Steve/Documents/Pico/pico-sdk/src/rp2_common/hardware_irq/irq.c.obj
                0x200005a8                irq_set_mask_enabled
 .text.irq_set_enabled
                0x200005c8        0xe CMakeFiles/PicoLED.dir/C_/Users/Steve/Documents/Pico/pico-sdk/src/rp2_common/hardware_irq/irq.c.obj
                0x200005c8                irq_set_enabled
 *fill*         0x200005d6        0x2 
 .text.irq_get_vtable_handler
                0x200005d8       0x10 CMakeFiles/PicoLED.dir/C_/Users/Steve/Documents/Pico/pico-sdk/src/rp2_common/hardware_irq/irq.c.obj
                0x200005d8                irq_get_vtable_handler
 .text.irq_set_exclusive_handler
                0x200005e8       0x54 CMakeFiles/PicoLED.dir/C_/Users/Steve/Documents/Pico/pico-sdk/src/rp2_common/hardware_irq/irq.c.obj
                0x200005e8                irq_set_exclusive_handler
 .text.irq_remove_handler
                0x2000063c      0x1a8 CMakeFiles/PicoLED.dir/C_/Users/Steve/Documents/Pico/pico-sdk/src/rp2_common/hardware_irq/irq.c.obj
                0x2000063c                irq_remove_handler
 .text.irq_add_tail_to_free_list
                0x200007e4       0xf0 CMakeFiles/PicoLED.dir/C_/Users/Steve/Documents/Pico/pico-sdk/src/rp2_common/hardware_irq/irq.c.obj
                0x200007e4                irq_add_tail_to_free_list
 .text.irq_init_priorities
                0x200008d4       0x1c CMakeFiles/PicoLED.dir/C_/Users/Steve/Documents/Pico/pico-sdk/src/rp2_common/hardware_irq/irq.c.obj
                0x200008d4                irq_init_priorities
 .text.lock_init
                0x200008f0       0x10 CMakeFiles/PicoLED.dir/C_/Users/Steve/Documents/Pico/pico-sdk/src/common/pico_sync/lock_core.c.obj
                0x200008f0                lock_init
 .text.alarm_pool_post_alloc_init
                0x20000900       0x40 CMakeFiles/PicoLED.dir/C_/Users/Steve/Documents/Pico/pico-sdk/src/common/pico_time/time.c.obj
 .text.timer_pool_entry_comparator
                0x20000940       0x7c CMakeFiles/PicoLED.dir/C_/Users/Steve/Documents/Pico/pico-sdk/src/common/pico_time/time.c.obj
                0x20000940                timer_pool_entry_comparator
 .text.ph_add_child_node
                0x200009bc       0xa4 CMakeFiles/PicoLED.dir/C_/Users/Steve/Documents/Pico/pico-sdk/src/common/pico_time/time.c.obj
 .text.ph_merge_nodes
                0x20000a60       0x3e CMakeFiles/PicoLED.dir/C_/Users/Steve/Documents/Pico/pico-sdk/src/common/pico_time/time.c.obj
 *fill*         0x20000a9e        0x2 
 .text.add_alarm_under_lock
                0x20000aa0      0x174 CMakeFiles/PicoLED.dir/C_/Users/Steve/Documents/Pico/pico-sdk/src/common/pico_time/time.c.obj
 .text.alarm_pool_alarm_callback
                0x20000c14      0x328 CMakeFiles/PicoLED.dir/C_/Users/Steve/Documents/Pico/pico-sdk/src/common/pico_time/time.c.obj
 .text.alarm_pool_init_default
                0x20000f3c       0x38 CMakeFiles/PicoLED.dir/C_/Users/Steve/Documents/Pico/pico-sdk/src/common/pico_time/time.c.obj
                0x20000f3c                alarm_pool_init_default
 .text.alarm_pool_get_default
                0x20000f74       0x2c CMakeFiles/PicoLED.dir/C_/Users/Steve/Documents/Pico/pico-sdk/src/common/pico_time/time.c.obj
                0x20000f74                alarm_pool_get_default
 .text.alarm_pool_add_alarm_at
                0x20000fa0      0x170 CMakeFiles/PicoLED.dir/C_/Users/Steve/Documents/Pico/pico-sdk/src/common/pico_time/time.c.obj
                0x20000fa0                alarm_pool_add_alarm_at
 .text.hardware_alarm_irq_handler
                0x20001110       0x8c CMakeFiles/PicoLED.dir/C_/Users/Steve/Documents/Pico/pico-sdk/src/rp2_common/hardware_timer/timer.c.obj
 .text.hardware_alarm_claim
                0x2000119c       0x18 CMakeFiles/PicoLED.dir/C_/Users/Steve/Documents/Pico/pico-sdk/src/rp2_common/hardware_timer/timer.c.obj
                0x2000119c                hardware_alarm_claim
 .text.time_us_64
                0x200011b4       0x18 CMakeFiles/PicoLED.dir/C_/Users/Steve/Documents/Pico/pico-sdk/src/rp2_common/hardware_timer/timer.c.obj
                0x200011b4                time_us_64
 .text.hardware_alarm_set_callback
                0x200011cc       0x90 CMakeFiles/PicoLED.dir/C_/Users/Steve/Documents/Pico/pico-sdk/src/rp2_common/hardware_timer/timer.c.obj
                0x200011cc                hardware_alarm_set_callback
 .text.hardware_alarm_set_target
                0x2000125c       0xe8 CMakeFiles/PicoLED.dir/C_/Users/Steve/Documents/Pico/pico-sdk/src/rp2_common/hardware_timer/timer.c.obj
                0x2000125c                hardware_alarm_set_target
 .text.hardware_alarm_cancel
                0x20001344       0x40 CMakeFiles/PicoLED.dir/C_/Users/Steve/Documents/Pico/pico-sdk/src/rp2_common/hardware_timer/timer.c.obj
                0x20001344                hardware_alarm_cancel
 .text.ph_add_child_node
                0x20001384       0xa4 CMakeFiles/PicoLED.dir/C_/Users/Steve/Documents/Pico/pico-sdk/src/common/pico_util/pheap.c.obj
 .text.ph_merge_nodes
                0x20001428       0x3e CMakeFiles/PicoLED.dir/C_/Users/Steve/Documents/Pico/pico-sdk/src/common/pico_util/pheap.c.obj
 *fill*         0x20001466        0x2 
 .text.ph_clear
                0x20001468       0x70 CMakeFiles/PicoLED.dir/C_/Users/Steve/Documents/Pico/pico-sdk/src/common/pico_util/pheap.c.obj
                0x20001468                ph_clear
 .text.ph_post_alloc_init
                0x200014d8        0xe CMakeFiles/PicoLED.dir/C_/Users/Steve/Documents/Pico/pico-sdk/src/common/pico_util/pheap.c.obj
                0x200014d8                ph_post_alloc_init
 *fill*         0x200014e6        0x2 
 .text.ph_merge_two_pass
                0x200014e8       0xa8 CMakeFiles/PicoLED.dir/C_/Users/Steve/Documents/Pico/pico-sdk/src/common/pico_util/pheap.c.obj
                0x200014e8                ph_merge_two_pass
 .text.ph_remove_any_head
                0x20001590      0x108 CMakeFiles/PicoLED.dir/C_/Users/Steve/Documents/Pico/pico-sdk/src/common/pico_util/pheap.c.obj
 .text.ph_remove_head
                0x20001698       0x14 CMakeFiles/PicoLED.dir/C_/Users/Steve/Documents/Pico/pico-sdk/src/common/pico_util/pheap.c.obj
                0x20001698                ph_remove_head
 .text.ph_remove_and_free_node
                0x200016ac       0xf8 CMakeFiles/PicoLED.dir/C_/Users/Steve/Documents/Pico/pico-sdk/src/common/pico_util/pheap.c.obj
                0x200016ac                ph_remove_and_free_node
 .text.mutex_init
                0x200017a4       0x1a CMakeFiles/PicoLED.dir/C_/Users/Steve/Documents/Pico/pico-sdk/src/common/pico_sync/mutex.c.obj
                0x200017a4                mutex_init
 .text.recursive_mutex_init
                0x200017be       0x1e CMakeFiles/PicoLED.dir/C_/Users/Steve/Documents/Pico/pico-sdk/src/common/pico_sync/mutex.c.obj
                0x200017be                recursive_mutex_init
 .text.uart_set_baudrate
                0x200017dc       0x5c CMakeFiles/PicoLED.dir/C_/Users/Steve/Documents/Pico/pico-sdk/src/rp2_common/hardware_uart/uart.c.obj
                0x200017dc                uart_set_baudrate
 .text.uart_set_translate_crlf
                0x20001838       0x28 CMakeFiles/PicoLED.dir/C_/Users/Steve/Documents/Pico/pico-sdk/src/rp2_common/hardware_uart/uart.c.obj
                0x20001838                uart_set_translate_crlf
 .text.uart_init
                0x20001860       0x80 CMakeFiles/PicoLED.dir/C_/Users/Steve/Documents/Pico/pico-sdk/src/rp2_common/hardware_uart/uart.c.obj
                0x20001860                uart_init
 .text.hw_divider_divmod_s32
                0x200018e0       0x18 CMakeFiles/PicoLED.dir/C_/Users/Steve/Documents/Pico/pico-sdk/src/rp2_common/hardware_divider/divider.S.obj
                0x200018e0                hw_divider_divmod_s32
 .text.hw_divider_divmod_u32
                0x200018f8       0x18 CMakeFiles/PicoLED.dir/C_/Users/Steve/Documents/Pico/pico-sdk/src/rp2_common/hardware_divider/divider.S.obj
                0x200018f8                hw_divider_divmod_u32
 .text._exit    0x20001910        0x4 CMakeFiles/PicoLED.dir/C_/Users/Steve/Documents/Pico/pico-sdk/src/rp2_common/pico_runtime/runtime.c.obj
                0x20001910                _exit
 .text.exit     0x20001914        0x6 CMakeFiles/PicoLED.dir/C_/Users/Steve/Documents/Pico/pico-sdk/src/rp2_common/pico_runtime/runtime.c.obj
                0x20001914                exit
 *fill*         0x2000191a        0x2 
 .text.__assert_func
                0x2000191c       0x3c CMakeFiles/PicoLED.dir/C_/Users/Steve/Documents/Pico/pico-sdk/src/rp2_common/pico_runtime/runtime.c.obj
                0x2000191c                __assert_func
 .text.runtime_init
                0x20001958       0xe0 CMakeFiles/PicoLED.dir/C_/Users/Steve/Documents/Pico/pico-sdk/src/rp2_common/pico_runtime/runtime.c.obj
                0x20001958                runtime_init
 .text.panic    0x20001a38       0x30 CMakeFiles/PicoLED.dir/C_/Users/Steve/Documents/Pico/pico-sdk/src/rp2_common/pico_runtime/runtime.c.obj
                0x20001a38                panic
 .text.clock_configure
                0x20001a68      0x104 CMakeFiles/PicoLED.dir/C_/Users/Steve/Documents/Pico/pico-sdk/src/rp2_common/hardware_clocks/clocks.c.obj
                0x20001a68                clock_configure
 .text.clocks_init
                0x20001b6c      0x100 CMakeFiles/PicoLED.dir/C_/Users/Steve/Documents/Pico/pico-sdk/src/rp2_common/hardware_clocks/clocks.c.obj
                0x20001b6c                clocks_init
 .text.clock_get_hz
                0x20001c6c        0xc CMakeFiles/PicoLED.dir/C_/Users/Steve/Documents/Pico/pico-sdk/src/rp2_common/hardware_clocks/clocks.c.obj
                0x20001c6c                clock_get_hz
 .text.pll_init
                0x20001c78      0x140 CMakeFiles/PicoLED.dir/C_/Users/Steve/Documents/Pico/pico-sdk/src/rp2_common/hardware_pll/pll.c.obj
                0x20001c78                pll_init
 .text.watchdog_start_tick
                0x20001db8       0x10 CMakeFiles/PicoLED.dir/C_/Users/Steve/Documents/Pico/pico-sdk/src/rp2_common/hardware_watchdog/watchdog.c.obj
                0x20001db8                watchdog_start_tick
 .text.xosc_init
                0x20001dc8       0x28 CMakeFiles/PicoLED.dir/C_/Users/Steve/Documents/Pico/pico-sdk/src/rp2_common/hardware_xosc/xosc.c.obj
                0x20001dc8                xosc_init
 .text._out_null
                0x20001df0        0x2 CMakeFiles/PicoLED.dir/C_/Users/Steve/Documents/Pico/pico-sdk/src/rp2_common/pico_printf/printf.c.obj
 .text._out_fct
                0x20001df2        0xe CMakeFiles/PicoLED.dir/C_/Users/Steve/Documents/Pico/pico-sdk/src/rp2_common/pico_printf/printf.c.obj
 .text._atoi    0x20001e00       0x24 CMakeFiles/PicoLED.dir/C_/Users/Steve/Documents/Pico/pico-sdk/src/rp2_common/pico_printf/printf.c.obj
 .text._out_rev
                0x20001e24       0xae CMakeFiles/PicoLED.dir/C_/Users/Steve/Documents/Pico/pico-sdk/src/rp2_common/pico_printf/printf.c.obj
 .text._ntoa_format
                0x20001ed2      0x112 CMakeFiles/PicoLED.dir/C_/Users/Steve/Documents/Pico/pico-sdk/src/rp2_common/pico_printf/printf.c.obj
 .text._ntoa_long
                0x20001fe4       0xbc CMakeFiles/PicoLED.dir/C_/Users/Steve/Documents/Pico/pico-sdk/src/rp2_common/pico_printf/printf.c.obj
 .text._ntoa_long_long
                0x200020a0       0xe2 CMakeFiles/PicoLED.dir/C_/Users/Steve/Documents/Pico/pico-sdk/src/rp2_common/pico_printf/printf.c.obj
 *fill*         0x20002182        0x2 
 .text._etoa    0x20002184      0x414 CMakeFiles/PicoLED.dir/C_/Users/Steve/Documents/Pico/pico-sdk/src/rp2_common/pico_printf/printf.c.obj
 .text._ftoa    0x20002598      0x354 CMakeFiles/PicoLED.dir/C_/Users/Steve/Documents/Pico/pico-sdk/src/rp2_common/pico_printf/printf.c.obj
 .text._vsnprintf
                0x200028ec      0x624 CMakeFiles/PicoLED.dir/C_/Users/Steve/Documents/Pico/pico-sdk/src/rp2_common/pico_printf/printf.c.obj
 .text.vfctprintf
                0x20002f10       0x20 CMakeFiles/PicoLED.dir/C_/Users/Steve/Documents/Pico/pico-sdk/src/rp2_common/pico_printf/printf.c.obj
                0x20002f10                vfctprintf
 .text          0x20002f30       0x10 CMakeFiles/PicoLED.dir/C_/Users/Steve/Documents/Pico/pico-sdk/src/rp2_common/pico_bit_ops/bit_ops_aeabi.S.obj
 .text.rom_func_lookup
                0x20002f40       0x10 CMakeFiles/PicoLED.dir/C_/Users/Steve/Documents/Pico/pico-sdk/src/rp2_common/pico_bootrom/bootrom.c.obj
                0x20002f40                rom_func_lookup
 .text.rom_data_lookup
                0x20002f50       0x10 CMakeFiles/PicoLED.dir/C_/Users/Steve/Documents/Pico/pico-sdk/src/rp2_common/pico_bootrom/bootrom.c.obj
                0x20002f50                rom_data_lookup
 .text.rom_funcs_lookup
                0x20002f60       0x36 CMakeFiles/PicoLED.dir/C_/Users/Steve/Documents/Pico/pico-sdk/src/rp2_common/pico_bootrom/bootrom.c.obj
                0x20002f60                rom_funcs_lookup
 *fill*         0x20002f96        0x2 
 .text.__wrap___aeabi_idiv
                0x20002f98       0x50 CMakeFiles/PicoLED.dir/C_/Users/Steve/Documents/Pico/pico-sdk/src/rp2_common/pico_divider/divider.S.obj
                0x20002f98                __wrap___aeabi_idivmod
                0x20002f98                divmod_s32s32
                0x20002f98                div_s32s32
                0x20002f98                __wrap___aeabi_idiv
                0x20002fa0                divmod_s32s32_unsafe
                0x20002fcc                divmod_s32s32_savestate
 .text.__wrap___aeabi_uidiv
                0x20002fe8       0x4c CMakeFiles/PicoLED.dir/C_/Users/Steve/Documents/Pico/pico-sdk/src/rp2_common/pico_divider/divider.S.obj
                0x20002fe8                __wrap___aeabi_uidiv
                0x20002fe8                __wrap___aeabi_uidivmod
                0x20002fe8                div_u32u32
                0x20002fe8                divmod_u32u32
                0x20002ff0                divmod_u32u32_unsafe
                0x20003018                divmod_u32u32_savestate
 .text.__wrap___aeabi_ldiv
                0x20003034      0x434 CMakeFiles/PicoLED.dir/C_/Users/Steve/Documents/Pico/pico-sdk/src/rp2_common/pico_divider/divider.S.obj
                0x20003034                div_s64s64
                0x20003034                divmod_s64s64
                0x20003034                __wrap___aeabi_ldivmod
                0x2000306c                divmod_u64u64
                0x2000306c                div_u64u64
                0x2000306c                __wrap___aeabi_uldivmod
                0x2000307c                divmod_u64u64_savestate
                0x200030a4                divmod_s64s64_unsafe
                0x2000312c                divmod_u64u64_unsafe
 .text.__wrap___aeabi_darithmetic
                0x20003468       0x60 CMakeFiles/PicoLED.dir/C_/Users/Steve/Documents/Pico/pico-sdk/src/rp2_common/pico_double/double_aeabi.S.obj
                0x20003468                __wrap___aeabi_drsub
                0x2000346e                __wrap___aeabi_dsub
                0x20003478                __wrap___aeabi_dadd
                0x20003482                __wrap___aeabi_ddiv
                0x200034b6                __wrap___aeabi_dmul
 .text.__wrap___aeabi_cdcmple
                0x200034c8       0x6c CMakeFiles/PicoLED.dir/C_/Users/Steve/Documents/Pico/pico-sdk/src/rp2_common/pico_double/double_aeabi.S.obj
                0x200034c8                __wrap___aeabi_cdrcmple
                0x200034d8                __wrap___aeabi_cdcmpeq
                0x200034d8                __wrap___aeabi_cdcmple
 .text.__wrap___aeabi_dcmplt
                0x20003534        0xc CMakeFiles/PicoLED.dir/C_/Users/Steve/Documents/Pico/pico-sdk/src/rp2_common/pico_double/double_aeabi.S.obj
                0x20003534                __wrap___aeabi_dcmplt
 .text.__wrap___aeabi_dcmple
                0x20003540       0x10 CMakeFiles/PicoLED.dir/C_/Users/Steve/Documents/Pico/pico-sdk/src/rp2_common/pico_double/double_aeabi.S.obj
                0x20003540                __wrap___aeabi_dcmple
 .text.__wrap___aeabi_dcmpge
                0x20003550       0x10 CMakeFiles/PicoLED.dir/C_/Users/Steve/Documents/Pico/pico-sdk/src/rp2_common/pico_double/double_aeabi.S.obj
                0x20003550                __wrap___aeabi_dcmpge
 .text.__wrap___aeabi_dcmpgt
                0x20003560        0xa CMakeFiles/PicoLED.dir/C_/Users/Steve/Documents/Pico/pico-sdk/src/rp2_common/pico_double/double_aeabi.S.obj
                0x20003560                __wrap___aeabi_dcmpgt
 .text.__wrap___aeabi_dcmpun
                0x2000356a       0x1c CMakeFiles/PicoLED.dir/C_/Users/Steve/Documents/Pico/pico-sdk/src/rp2_common/pico_double/double_aeabi.S.obj
                0x2000356a                __wrap___aeabi_dcmpun
 *fill*         0x20003586        0x2 
 .text.__wrap___aeabi_i2d
                0x20003588       0x38 CMakeFiles/PicoLED.dir/C_/Users/Steve/Documents/Pico/pico-sdk/src/rp2_common/pico_double/double_aeabi.S.obj
                0x20003588                __wrap___aeabi_ui2d
                0x20003590                __wrap___aeabi_i2d
 .text.__wrap___aeabi_d2iz
                0x200035c0       0x48 CMakeFiles/PicoLED.dir/C_/Users/Steve/Documents/Pico/pico-sdk/src/rp2_common/pico_double/double_aeabi.S.obj
                0x200035c0                double2int_z
                0x200035c0                __wrap___aeabi_d2iz
 .text.__wrap___aeabi_d2uiz
                0x20003608       0x10 CMakeFiles/PicoLED.dir/C_/Users/Steve/Documents/Pico/pico-sdk/src/rp2_common/pico_double/double_aeabi.S.obj
                0x20003608                __wrap___aeabi_d2uiz
                0x20003608                double2uint
 .text.missing_double_func_shim
                0x20003618        0xc CMakeFiles/PicoLED.dir/C_/Users/Steve/Documents/Pico/pico-sdk/src/rp2_common/pico_double/double_init_rom.c.obj
 .text.__aeabi_double_init
                0x20003624       0xcc CMakeFiles/PicoLED.dir/C_/Users/Steve/Documents/Pico/pico-sdk/src/rp2_common/pico_double/double_init_rom.c.obj
                0x20003624                __aeabi_double_init
 .text.double_table_shim_on_use_helper
                0x200036f0       0x34 CMakeFiles/PicoLED.dir/C_/Users/Steve/Documents/Pico/pico-sdk/src/rp2_common/pico_double/double_v1_rom_shim.S.obj
                0x200036f0                double_table_shim_on_use_helper
 .text.missing_float_func_shim
                0x20003724        0xc CMakeFiles/PicoLED.dir/C_/Users/Steve/Documents/Pico/pico-sdk/src/rp2_common/pico_float/float_init_rom.c.obj
 .text.__aeabi_float_init
                0x20003730       0x88 CMakeFiles/PicoLED.dir/C_/Users/Steve/Documents/Pico/pico-sdk/src/rp2_common/pico_float/float_init_rom.c.obj
                0x20003730                __aeabi_float_init
 .text          0x200037b8       0x10 CMakeFiles/PicoLED.dir/C_/Users/Steve/Documents/Pico/pico-sdk/src/rp2_common/pico_mem_ops/mem_ops_aeabi.S.obj
                0x200037b8                __aeabi_mem_init
 .text.memset   0x200037c8        0xc CMakeFiles/PicoLED.dir/C_/Users/Steve/Documents/Pico/pico-sdk/src/rp2_common/pico_mem_ops/mem_ops_aeabi.S.obj
                0x200037c8                __wrap_memset
 .text.memcpy   0x200037d4        0xc CMakeFiles/PicoLED.dir/C_/Users/Steve/Documents/Pico/pico-sdk/src/rp2_common/pico_mem_ops/mem_ops_aeabi.S.obj
                0x200037d4                __wrap_memcpy
                0x200037d4                __wrap___aeabi_memcpy
 .text.stdio_out_chars_no_crlf
                0x200037e0        0xe CMakeFiles/PicoLED.dir/C_/Users/Steve/Documents/Pico/pico-sdk/src/rp2_common/pico_stdio/stdio.c.obj
 *fill*         0x200037ee        0x2 
 .text.stdio_out_chars_crlf
                0x200037f0       0x80 CMakeFiles/PicoLED.dir/C_/Users/Steve/Documents/Pico/pico-sdk/src/rp2_common/pico_stdio/stdio.c.obj
 .text.stdio_stack_buffer_flush
                0x20003870       0x44 CMakeFiles/PicoLED.dir/C_/Users/Steve/Documents/Pico/pico-sdk/src/rp2_common/pico_stdio/stdio.c.obj
 .text.stdio_buffered_printer
                0x200038b4       0x20 CMakeFiles/PicoLED.dir/C_/Users/Steve/Documents/Pico/pico-sdk/src/rp2_common/pico_stdio/stdio.c.obj
 .text.stdout_serialize_begin
                0x200038d4       0x30 CMakeFiles/PicoLED.dir/C_/Users/Steve/Documents/Pico/pico-sdk/src/rp2_common/pico_stdio/stdio.c.obj
                0x200038d4                stdout_serialize_begin
 .text.stdout_serialize_end
                0x20003904       0x10 CMakeFiles/PicoLED.dir/C_/Users/Steve/Documents/Pico/pico-sdk/src/rp2_common/pico_stdio/stdio.c.obj
                0x20003904                stdout_serialize_end
 .text.stdio_put_string
                0x20003914       0x98 CMakeFiles/PicoLED.dir/C_/Users/Steve/Documents/Pico/pico-sdk/src/rp2_common/pico_stdio/stdio.c.obj
 .text.stdio_set_driver_enabled
                0x200039ac       0x2c CMakeFiles/PicoLED.dir/C_/Users/Steve/Documents/Pico/pico-sdk/src/rp2_common/pico_stdio/stdio.c.obj
                0x200039ac                stdio_set_driver_enabled
 .text.stdio_flush
                0x200039d8       0x20 CMakeFiles/PicoLED.dir/C_/Users/Steve/Documents/Pico/pico-sdk/src/rp2_common/pico_stdio/stdio.c.obj
                0x200039d8                stdio_flush
 .text.__wrap_puts
                0x200039f8       0x1e CMakeFiles/PicoLED.dir/C_/Users/Steve/Documents/Pico/pico-sdk/src/rp2_common/pico_stdio/stdio.c.obj
                0x200039f8                __wrap_puts
 *fill*         0x20003a16        0x2 
 .text.__wrap_vprintf
                0x20003a18       0x44 CMakeFiles/PicoLED.dir/C_/Users/Steve/Documents/Pico/pico-sdk/src/rp2_common/pico_stdio/stdio.c.obj
                0x20003a18                __wrap_vprintf
 .text.__wrap_printf
                0x20003a5c       0x18 CMakeFiles/PicoLED.dir/C_/Users/Steve/Documents/Pico/pico-sdk/src/rp2_common/pico_stdio/stdio.c.obj
                0x20003a5c                __wrap_printf
 .text.stdio_init_all
                0x20003a74        0x8 CMakeFiles/PicoLED.dir/C_/Users/Steve/Documents/Pico/pico-sdk/src/rp2_common/pico_stdio/stdio.c.obj
                0x20003a74                stdio_init_all
 .text.stdio_uart_out_chars
                0x20003a7c       0x74 CMakeFiles/PicoLED.dir/C_/Users/Steve/Documents/Pico/pico-sdk/src/rp2_common/pico_stdio_uart/stdio_uart.c.obj
 .text.stdio_uart_in_chars
                0x20003af0       0x58 CMakeFiles/PicoLED.dir/C_/Users/Steve/Documents/Pico/pico-sdk/src/rp2_common/pico_stdio_uart/stdio_uart.c.obj
                0x20003af0                stdio_uart_in_chars
 .text.stdio_uart_init_full
                0x20003b48       0x3c CMakeFiles/PicoLED.dir/C_/Users/Steve/Documents/Pico/pico-sdk/src/rp2_common/pico_stdio_uart/stdio_uart.c.obj
                0x20003b48                stdio_uart_init_full
 .text.stdio_uart_init
                0x20003b84       0x28 CMakeFiles/PicoLED.dir/C_/Users/Steve/Documents/Pico/pico-sdk/src/rp2_common/pico_stdio_uart/stdio_uart.c.obj
                0x20003b84                stdio_uart_init
 .text._retrieve_unique_id_on_boot
                0x20003bac       0x18 CMakeFiles/PicoLED.dir/C_/Users/Steve/Documents/Pico/pico-sdk/src/rp2_common/pico_unique_id/unique_id.c.obj
 .text          0x20003bc4        0x4 c:/progra~2/gnuarm~1/102021~1.10/bin/../lib/gcc/arm-none-eabi/10.3.1/thumb/v6-m/nofp\libgcc.a(_dvmd_tls.o)
                0x20003bc4                __aeabi_idiv0
                0x20003bc4                __aeabi_ldiv0
 .text.strlen   0x20003bc8       0x5c c:/progra~2/gnuarm~1/102021~1.10/bin/../lib/gcc/arm-none-eabi/10.3.1/../../../../arm-none-eabi/lib/thumb/v6-m/nofp\libg.a(lib_a-strlen-stub.o)
                0x20003bc8                strlen
                0x20003c24                . = ALIGN (0x4)
 *(.init)
 *(.fini)
 *crtbegin.o(.ctors)
 *crtbegin?.o(.ctors)
 *(EXCLUDE_FILE(*crtend.o *crtend?.o) .ctors)
 *(SORT_BY_NAME(.ctors.*))
 *(.ctors)
 *crtbegin.o(.dtors)
 *crtbegin?.o(.dtors)
 *(EXCLUDE_FILE(*crtend.o *crtend?.o) .dtors)
 *(SORT_BY_NAME(.dtors.*))
 *(.dtors)
 *(.eh_frame*)

.glue_7         0x20003c24        0x0
 .glue_7        0x20003c24        0x0 linker stubs

.glue_7t        0x20003c24        0x0
 .glue_7t       0x20003c24        0x0 linker stubs

.vfp11_veneer   0x20003c24        0x0
 .vfp11_veneer  0x20003c24        0x0 linker stubs

.v4_bx          0x20003c24        0x0
 .v4_bx         0x20003c24        0x0 linker stubs

.iplt           0x20003c24        0x0
 .iplt          0x20003c24        0x0 CMakeFiles/PicoLED.dir/PicoLED.cpp.obj

.rodata         0x20003c28      0xf74
 *(.rodata*)
 .rodata.main.str1.4
                0x20003c28       0xd2 CMakeFiles/PicoLED.dir/PicoLED.cpp.obj
 *fill*         0x20003cfa        0x2 
 .rodata.make_branch.str1.4
                0x20003cfc       0x79 CMakeFiles/PicoLED.dir/C_/Users/Steve/Documents/Pico/pico-sdk/src/rp2_common/hardware_irq/irq.c.obj
 *fill*         0x20003d75        0x3 
 .rodata.insert_branch_and_link.str1.4
                0x20003d78       0x10 CMakeFiles/PicoLED.dir/C_/Users/Steve/Documents/Pico/pico-sdk/src/rp2_common/hardware_irq/irq.c.obj
 .rodata.irq_set_exclusive_handler.str1.4
                0x20003d88       0x36 CMakeFiles/PicoLED.dir/C_/Users/Steve/Documents/Pico/pico-sdk/src/rp2_common/hardware_irq/irq.c.obj
 *fill*         0x20003dbe        0x2 
 .rodata.irq_add_shared_handler.str1.4
                0x20003dc0       0xd9 CMakeFiles/PicoLED.dir/C_/Users/Steve/Documents/Pico/pico-sdk/src/rp2_common/hardware_irq/irq.c.obj
 *fill*         0x20003e99        0x3 
 .rodata.irq_remove_handler.str1.4
                0x20003e9c       0x2a CMakeFiles/PicoLED.dir/C_/Users/Steve/Documents/Pico/pico-sdk/src/rp2_common/hardware_irq/irq.c.obj
 *fill*         0x20003ec6        0x2 
 .rodata.irq_add_tail_to_free_list.str1.4
                0x20003ec8       0x3a CMakeFiles/PicoLED.dir/C_/Users/Steve/Documents/Pico/pico-sdk/src/rp2_common/hardware_irq/irq.c.obj
 *fill*         0x20003f02        0x2 
 .rodata.__func__.0
                0x20003f04       0x1a CMakeFiles/PicoLED.dir/C_/Users/Steve/Documents/Pico/pico-sdk/src/rp2_common/hardware_irq/irq.c.obj
 *fill*         0x20003f1e        0x2 
 .rodata.__func__.1
                0x20003f20       0x17 CMakeFiles/PicoLED.dir/C_/Users/Steve/Documents/Pico/pico-sdk/src/rp2_common/hardware_irq/irq.c.obj
 *fill*         0x20003f37        0x1 
 .rodata.__func__.2
                0x20003f38       0x13 CMakeFiles/PicoLED.dir/C_/Users/Steve/Documents/Pico/pico-sdk/src/rp2_common/hardware_irq/irq.c.obj
 *fill*         0x20003f4b        0x1 
 .rodata.__func__.3
                0x20003f4c        0xc CMakeFiles/PicoLED.dir/C_/Users/Steve/Documents/Pico/pico-sdk/src/rp2_common/hardware_irq/irq.c.obj
 .rodata.__func__.4
                0x20003f58        0xf CMakeFiles/PicoLED.dir/C_/Users/Steve/Documents/Pico/pico-sdk/src/rp2_common/hardware_irq/irq.c.obj
 *fill*         0x20003f67        0x1 
 .rodata.__func__.6
                0x20003f68       0x1a CMakeFiles/PicoLED.dir/C_/Users/Steve/Documents/Pico/pico-sdk/src/rp2_common/hardware_irq/irq.c.obj
 *fill*         0x20003f82        0x2 
 .rodata.repeating_timer_callback.str1.4
                0x20003f84       0x57 CMakeFiles/PicoLED.dir/C_/Users/Steve/Documents/Pico/pico-sdk/src/common/pico_time/time.c.obj
 *fill*         0x20003fdb        0x1 
 .rodata.alarm_pool_dump_key.str1.4
                0x20003fdc       0x33 CMakeFiles/PicoLED.dir/C_/Users/Steve/Documents/Pico/pico-sdk/src/common/pico_time/time.c.obj
 *fill*         0x2000400f        0x1 
 .rodata.ph_add_child_node.str1.4
                0x20004010       0xa2 CMakeFiles/PicoLED.dir/C_/Users/Steve/Documents/Pico/pico-sdk/src/common/pico_time/time.c.obj
 *fill*         0x200040b2        0x2 
 .rodata.add_alarm_under_lock.str1.4
                0x200040b4       0x28 CMakeFiles/PicoLED.dir/C_/Users/Steve/Documents/Pico/pico-sdk/src/common/pico_time/time.c.obj
                                 0x2b (size before relaxing)
 .rodata.alarm_pool_alarm_callback.str1.4
                0x200040dc       0x82 CMakeFiles/PicoLED.dir/C_/Users/Steve/Documents/Pico/pico-sdk/src/common/pico_time/time.c.obj
                                 0xf2 (size before relaxing)
 *fill*         0x2000415e        0x2 
 .rodata.alarm_pool_get_default.str1.4
                0x20004160       0x21 CMakeFiles/PicoLED.dir/C_/Users/Steve/Documents/Pico/pico-sdk/src/common/pico_time/time.c.obj
 *fill*         0x20004181        0x3 
 .rodata.__func__.10
                0x20004184       0x15 CMakeFiles/PicoLED.dir/C_/Users/Steve/Documents/Pico/pico-sdk/src/common/pico_time/time.c.obj
 *fill*         0x20004199        0x3 
 .rodata.__func__.11
                0x2000419c       0x1a CMakeFiles/PicoLED.dir/C_/Users/Steve/Documents/Pico/pico-sdk/src/common/pico_time/time.c.obj
 *fill*         0x200041b6        0x2 
 .rodata.__func__.12
                0x200041b8        0xa CMakeFiles/PicoLED.dir/C_/Users/Steve/Documents/Pico/pico-sdk/src/common/pico_time/time.c.obj
 *fill*         0x200041c2        0x2 
 .rodata.__func__.3
                0x200041c4       0x17 CMakeFiles/PicoLED.dir/C_/Users/Steve/Documents/Pico/pico-sdk/src/common/pico_time/time.c.obj
 *fill*         0x200041db        0x1 
 .rodata.__func__.4
                0x200041dc       0x12 CMakeFiles/PicoLED.dir/C_/Users/Steve/Documents/Pico/pico-sdk/src/common/pico_time/time.c.obj
 *fill*         0x200041ee        0x2 
 .rodata.__func__.5
                0x200041f0        0xd CMakeFiles/PicoLED.dir/C_/Users/Steve/Documents/Pico/pico-sdk/src/common/pico_time/time.c.obj
 *fill*         0x200041fd        0x3 
 .rodata.__func__.6
                0x20004200       0x12 CMakeFiles/PicoLED.dir/C_/Users/Steve/Documents/Pico/pico-sdk/src/common/pico_time/time.c.obj
 *fill*         0x20004212        0x2 
 .rodata.__func__.7
                0x20004214        0xf CMakeFiles/PicoLED.dir/C_/Users/Steve/Documents/Pico/pico-sdk/src/common/pico_time/time.c.obj
 *fill*         0x20004223        0x1 
 .rodata.__func__.8
                0x20004224        0xc CMakeFiles/PicoLED.dir/C_/Users/Steve/Documents/Pico/pico-sdk/src/common/pico_time/time.c.obj
 .rodata.__func__.9
                0x20004230       0x15 CMakeFiles/PicoLED.dir/C_/Users/Steve/Documents/Pico/pico-sdk/src/common/pico_time/time.c.obj
 *fill*         0x20004245        0x3 
 .rodata.hardware_alarm_claim.str1.4
                0x20004248       0x22 CMakeFiles/PicoLED.dir/C_/Users/Steve/Documents/Pico/pico-sdk/src/rp2_common/hardware_timer/timer.c.obj
 *fill*         0x2000426a        0x2 
 .rodata.hardware_alarm_set_target.str1.4
                0x2000426c       0x71 CMakeFiles/PicoLED.dir/C_/Users/Steve/Documents/Pico/pico-sdk/src/rp2_common/hardware_timer/timer.c.obj
 *fill*         0x200042dd        0x3 
 .rodata.__func__.0
                0x200042e0       0x1a CMakeFiles/PicoLED.dir/C_/Users/Steve/Documents/Pico/pico-sdk/src/rp2_common/hardware_timer/timer.c.obj
 .rodata.ph_add_child_node.str1.4
                0x200042fa       0xa2 CMakeFiles/PicoLED.dir/C_/Users/Steve/Documents/Pico/pico-sdk/src/common/pico_util/pheap.c.obj
 *fill*         0x200042fa        0x2 
 .rodata.ph_remove_any_head.str1.4
                0x200042fc       0x98 CMakeFiles/PicoLED.dir/C_/Users/Steve/Documents/Pico/pico-sdk/src/common/pico_util/pheap.c.obj
 .rodata.ph_remove_and_free_node.str1.4
                0x20004394       0x1e CMakeFiles/PicoLED.dir/C_/Users/Steve/Documents/Pico/pico-sdk/src/common/pico_util/pheap.c.obj
                                 0x26 (size before relaxing)
 *fill*         0x200043b2        0x2 
 .rodata.__func__.0
                0x200043b4       0x18 CMakeFiles/PicoLED.dir/C_/Users/Steve/Documents/Pico/pico-sdk/src/common/pico_util/pheap.c.obj
 .rodata.__func__.1
                0x200043cc       0x13 CMakeFiles/PicoLED.dir/C_/Users/Steve/Documents/Pico/pico-sdk/src/common/pico_util/pheap.c.obj
 *fill*         0x200043df        0x1 
 .rodata.__func__.2
                0x200043e0       0x12 CMakeFiles/PicoLED.dir/C_/Users/Steve/Documents/Pico/pico-sdk/src/common/pico_util/pheap.c.obj
 *fill*         0x200043f2        0x2 
 .rodata.__func__.3
                0x200043f4        0xc CMakeFiles/PicoLED.dir/C_/Users/Steve/Documents/Pico/pico-sdk/src/common/pico_util/pheap.c.obj
 .rodata.str1.4
                0x20004400       0x95 CMakeFiles/PicoLED.dir/C_/Users/Steve/Documents/Pico/pico-sdk/src/common/pico_sync/mutex.c.obj
                                0x105 (size before relaxing)
 *fill*         0x20004495        0x3 
 .rodata.__func__.1
                0x20004498        0xb CMakeFiles/PicoLED.dir/C_/Users/Steve/Documents/Pico/pico-sdk/src/common/pico_sync/mutex.c.obj
 *fill*         0x200044a3        0x1 
 .rodata.__assert_func.str1.4
                0x200044a4       0x3f CMakeFiles/PicoLED.dir/C_/Users/Steve/Documents/Pico/pico-sdk/src/rp2_common/pico_runtime/runtime.c.obj
                                 0x43 (size before relaxing)
 *fill*         0x200044e3        0x1 
 .rodata.runtime_init.str1.4
                0x200044e4       0x6d CMakeFiles/PicoLED.dir/C_/Users/Steve/Documents/Pico/pico-sdk/src/rp2_common/pico_runtime/runtime.c.obj
 *fill*         0x20004551        0x3 
 .rodata.panic.str1.4
                0x20004554       0x12 CMakeFiles/PicoLED.dir/C_/Users/Steve/Documents/Pico/pico-sdk/src/rp2_common/pico_runtime/runtime.c.obj
 *fill*         0x20004566        0x2 
 .rodata.__func__.1
                0x20004568        0xd CMakeFiles/PicoLED.dir/C_/Users/Steve/Documents/Pico/pico-sdk/src/rp2_common/pico_runtime/runtime.c.obj
 *fill*         0x20004575        0x3 
 .rodata.clock_configure.str1.4
                0x20004578       0x63 CMakeFiles/PicoLED.dir/C_/Users/Steve/Documents/Pico/pico-sdk/src/rp2_common/hardware_clocks/clocks.c.obj
 *fill*         0x200045db        0x1 
 .rodata.__func__.1
                0x200045dc       0x10 CMakeFiles/PicoLED.dir/C_/Users/Steve/Documents/Pico/pico-sdk/src/rp2_common/hardware_clocks/clocks.c.obj
 .rodata.pll_init.str1.4
                0x200045ec      0x147 CMakeFiles/PicoLED.dir/C_/Users/Steve/Documents/Pico/pico-sdk/src/rp2_common/hardware_pll/pll.c.obj
 *fill*         0x20004733        0x1 
 .rodata.__func__.0
                0x20004734        0x9 CMakeFiles/PicoLED.dir/C_/Users/Steve/Documents/Pico/pico-sdk/src/rp2_common/hardware_pll/pll.c.obj
 *fill*         0x2000473d        0x3 
 .rodata._ftoa.str1.4
                0x20004740       0x15 CMakeFiles/PicoLED.dir/C_/Users/Steve/Documents/Pico/pico-sdk/src/rp2_common/pico_printf/printf.c.obj
 *fill*         0x20004755        0x3 
 .rodata._vsnprintf
                0x20004758      0x1e0 CMakeFiles/PicoLED.dir/C_/Users/Steve/Documents/Pico/pico-sdk/src/rp2_common/pico_printf/printf.c.obj
 .rodata.pow10.0
                0x20004938       0x50 CMakeFiles/PicoLED.dir/C_/Users/Steve/Documents/Pico/pico-sdk/src/rp2_common/pico_printf/printf.c.obj
 .rodata.missing_double_func_shim.str1.4
                0x20004988       0x18 CMakeFiles/PicoLED.dir/C_/Users/Steve/Documents/Pico/pico-sdk/src/rp2_common/pico_double/double_init_rom.c.obj
 .rodata.__aeabi_double_init.str1.4
                0x200049a0       0xb4 CMakeFiles/PicoLED.dir/C_/Users/Steve/Documents/Pico/pico-sdk/src/rp2_common/pico_double/double_init_rom.c.obj
 .rodata.__func__.0
                0x20004a54       0x14 CMakeFiles/PicoLED.dir/C_/Users/Steve/Documents/Pico/pico-sdk/src/rp2_common/pico_double/double_init_rom.c.obj
 .rodata.missing_float_func_shim.str1.4
                0x20004a68        0x1 CMakeFiles/PicoLED.dir/C_/Users/Steve/Documents/Pico/pico-sdk/src/rp2_common/pico_float/float_init_rom.c.obj
 .rodata.__aeabi_float_init.str1.4
                0x20004a68       0x86 CMakeFiles/PicoLED.dir/C_/Users/Steve/Documents/Pico/pico-sdk/src/rp2_common/pico_float/float_init_rom.c.obj
 *fill*         0x20004aee        0x2 
 .rodata.__func__.0
                0x20004af0       0x13 CMakeFiles/PicoLED.dir/C_/Users/Steve/Documents/Pico/pico-sdk/src/rp2_common/pico_float/float_init_rom.c.obj
 *fill*         0x20004b03        0x1 
 .rodata.str1.4
                0x20004b04       0x30 CMakeFiles/PicoLED.dir/C_/Users/Steve/Documents/Pico/pico-sdk/src/rp2_common/pico_standard_link/binary_info.c.obj
 .rodata.__bi_44
                0x20004b34        0xc CMakeFiles/PicoLED.dir/C_/Users/Steve/Documents/Pico/pico-sdk/src/rp2_common/pico_standard_link/binary_info.c.obj
 .rodata.__bi_56
                0x20004b40        0xc CMakeFiles/PicoLED.dir/C_/Users/Steve/Documents/Pico/pico-sdk/src/rp2_common/pico_standard_link/binary_info.c.obj
 .rodata.__bi_81
                0x20004b4c        0xc CMakeFiles/PicoLED.dir/C_/Users/Steve/Documents/Pico/pico-sdk/src/rp2_common/pico_standard_link/binary_info.c.obj
 .rodata.crlf_str.3
                0x20004b58        0x2 CMakeFiles/PicoLED.dir/C_/Users/Steve/Documents/Pico/pico-sdk/src/rp2_common/pico_stdio/stdio.c.obj
 *fill*         0x20004b5a        0x2 
 .rodata.str1.4
                0x20004b5c       0x2c CMakeFiles/PicoLED.dir/C_/Users/Steve/Documents/Pico/pico-sdk/src/rp2_common/pico_stdio_uart/stdio_uart.c.obj
 .rodata.__bi_28.4
                0x20004b88        0xc CMakeFiles/PicoLED.dir/C_/Users/Steve/Documents/Pico/pico-sdk/src/rp2_common/pico_stdio_uart/stdio_uart.c.obj
 .rodata.__bi_29.5
                0x20004b94        0x8 CMakeFiles/PicoLED.dir/C_/Users/Steve/Documents/Pico/pico-sdk/src/rp2_common/pico_stdio_uart/stdio_uart.c.obj
                0x20004b9c                . = ALIGN (0x4)
 *(SORT_BY_ALIGNMENT(SORT_BY_NAME(.flashdata*)))
                0x20004b9c                . = ALIGN (0x4)

.rel.dyn        0x20004b9c        0x0
 .rel.iplt      0x20004b9c        0x0 CMakeFiles/PicoLED.dir/PicoLED.cpp.obj

.ARM.extab
 *(.ARM.extab* .gnu.linkonce.armextab.*)
                0x20004b9c                __exidx_start = .

.ARM.exidx
 *(.ARM.exidx* .gnu.linkonce.armexidx.*)
                0x20004b9c                __exidx_end = .
                0x20004b9c                . = ALIGN (0x4)
                0x20004b9c                __binary_info_start = .

.binary_info    0x20004b9c       0x20
 *(.binary_info.keep.*)
 .binary_info.keep.__bi_ptr30
                0x20004b9c        0x4 CMakeFiles/PicoLED.dir/C_/Users/Steve/Documents/Pico/pico-sdk/src/rp2_common/pico_standard_link/binary_info.c.obj
 .binary_info.keep.__bi_ptr38
                0x20004ba0        0x4 CMakeFiles/PicoLED.dir/C_/Users/Steve/Documents/Pico/pico-sdk/src/rp2_common/pico_standard_link/binary_info.c.obj
 .binary_info.keep.__bi_ptr44
                0x20004ba4        0x4 CMakeFiles/PicoLED.dir/C_/Users/Steve/Documents/Pico/pico-sdk/src/rp2_common/pico_standard_link/binary_info.c.obj
 .binary_info.keep.__bi_ptr50
                0x20004ba8        0x4 CMakeFiles/PicoLED.dir/C_/Users/Steve/Documents/Pico/pico-sdk/src/rp2_common/pico_standard_link/binary_info.c.obj
 .binary_info.keep.__bi_ptr56
                0x20004bac        0x4 CMakeFiles/PicoLED.dir/C_/Users/Steve/Documents/Pico/pico-sdk/src/rp2_common/pico_standard_link/binary_info.c.obj
 .binary_info.keep.__bi_ptr81
                0x20004bb0        0x4 CMakeFiles/PicoLED.dir/C_/Users/Steve/Documents/Pico/pico-sdk/src/rp2_common/pico_standard_link/binary_info.c.obj
 *(.binary_info.*)
 .binary_info.__bi_ptr28
                0x20004bb4        0x4 CMakeFiles/PicoLED.dir/C_/Users/Steve/Documents/Pico/pico-sdk/src/rp2_common/pico_stdio_uart/stdio_uart.c.obj
 .binary_info.__bi_ptr29
                0x20004bb8        0x4 CMakeFiles/PicoLED.dir/C_/Users/Steve/Documents/Pico/pico-sdk/src/rp2_common/pico_stdio_uart/stdio_uart.c.obj
                0x20004bbc                __binary_info_end = .
                0x20004bbc                . = ALIGN (0x4)

.data           0x20004bc0       0xd0
                0x20004bc0                __etext = .
                0x20004bc0                __data_start__ = .
 *(vtable)
 *(.data*)
 .data.striped_spin_lock_num
                0x20004bc0        0x1 CMakeFiles/PicoLED.dir/C_/Users/Steve/Documents/Pico/pico-sdk/src/rp2_common/hardware_sync/sync.c.obj
 *fill*         0x20004bc1        0x3 
 .data          0x20004bc4       0x48 CMakeFiles/PicoLED.dir/C_/Users/Steve/Documents/Pico/pico-sdk/src/rp2_common/hardware_irq/irq_handler_chain.S.obj
                0x20004bc4                irq_handler_chain_slots
                0x20004bf4                irq_handler_chain_first_slot
                0x20004bfe                irq_handler_chain_remove_tail
 .data.default_alarm_pool
                0x20004c0c       0x18 CMakeFiles/PicoLED.dir/C_/Users/Steve/Documents/Pico/pico-sdk/src/common/pico_time/time.c.obj
 .data.default_alarm_pool_heap
                0x20004c24       0x10 CMakeFiles/PicoLED.dir/C_/Users/Steve/Documents/Pico/pico-sdk/src/common/pico_time/time.c.obj
 *fill*         0x20004c34        0xc 
 .data.aeabi_bits_funcs
                0x20004c40       0x10 CMakeFiles/PicoLED.dir/C_/Users/Steve/Documents/Pico/pico-sdk/src/rp2_common/pico_bit_ops/bit_ops_aeabi.S.obj
                0x20004c40                aeabi_bits_funcs
                0x20004c50                aeabi_bits_funcs_end
 .data.aeabi_mem_funcs
                0x20004c50       0x10 CMakeFiles/PicoLED.dir/C_/Users/Steve/Documents/Pico/pico-sdk/src/rp2_common/pico_mem_ops/mem_ops_aeabi.S.obj
                0x20004c50                aeabi_mem_funcs
                0x20004c60                aeabi_mem_funcs_end
 .data.stdio_uart
                0x20004c60       0x14 CMakeFiles/PicoLED.dir/C_/Users/Steve/Documents/Pico/pico-sdk/src/rp2_common/pico_stdio_uart/stdio_uart.c.obj
                0x20004c60                stdio_uart
                0x20004c74                . = ALIGN (0x4)
 *(.after_data.*)
                0x20004c74                . = ALIGN (0x4)
                0x20004c74                PROVIDE (__mutex_array_start = .)
 *(SORT_BY_NAME(.mutex_array.*))
 *(.mutex_array)
 .mutex_array   0x20004c74        0x8 CMakeFiles/PicoLED.dir/C_/Users/Steve/Documents/Pico/pico-sdk/src/rp2_common/pico_stdio/stdio.c.obj
                0x20004c7c                PROVIDE (__mutex_array_end = .)
                0x20004c7c                . = ALIGN (0x4)
                0x20004c7c                PROVIDE (__preinit_array_start = .)
 *(SORT_BY_NAME(.preinit_array.*))
 .preinit_array.00001
                0x20004c7c        0x4 CMakeFiles/PicoLED.dir/C_/Users/Steve/Documents/Pico/pico-sdk/src/rp2_common/pico_mem_ops/mem_ops_aeabi.S.obj
 .preinit_array.00010
                0x20004c80        0x4 CMakeFiles/PicoLED.dir/C_/Users/Steve/Documents/Pico/pico-sdk/src/rp2_common/pico_bit_ops/bit_ops_aeabi.S.obj
 .preinit_array.00020
                0x20004c84        0x4 CMakeFiles/PicoLED.dir/C_/Users/Steve/Documents/Pico/pico-sdk/src/rp2_common/pico_double/double_aeabi.S.obj
 .preinit_array.00020
                0x20004c88        0x4 CMakeFiles/PicoLED.dir/C_/Users/Steve/Documents/Pico/pico-sdk/src/rp2_common/pico_float/float_aeabi.S.obj
 *(.preinit_array)
                0x20004c8c                PROVIDE (__preinit_array_end = .)
                0x20004c8c                . = ALIGN (0x4)
                0x20004c8c                PROVIDE (__init_array_start = .)
 *(SORT_BY_NAME(.init_array.*))
 *(.init_array)
 .init_array    0x20004c8c        0x4 CMakeFiles/PicoLED.dir/C_/Users/Steve/Documents/Pico/pico-sdk/src/rp2_common/pico_unique_id/unique_id.c.obj
                0x20004c90                PROVIDE (__init_array_end = .)
                0x20004c90                . = ALIGN (0x4)
                [!provide]                PROVIDE (__fini_array_start = .)
 *(SORT_BY_NAME(.fini_array.*))
 *(.fini_array)
                [!provide]                PROVIDE (__fini_array_end = .)
 *(.jcr)
                0x20004c90                . = ALIGN (0x4)
                0x20004c90                __data_end__ = .

.igot.plt       0x20004c90        0x0
 .igot.plt      0x20004c90        0x0 CMakeFiles/PicoLED.dir/PicoLED.cpp.obj

.uninitialized_data
                0x20004c90        0x0
                0x20004c90                . = ALIGN (0x4)
 *(.uninitialized_data*)

.scratch_x      0x20040000        0x0
                0x20040000                __scratch_x_start__ = .
 *(.scratch_x.*)
                0x20040000                . = ALIGN (0x4)
                0x20040000                __scratch_x_end__ = .
                0x20040000                __scratch_x_source__ = LOADADDR (.scratch_x)

.scratch_y      0x20041000        0x0
                0x20041000                __scratch_y_start__ = .
 *(.scratch_y.*)
                0x20041000                . = ALIGN (0x4)
                0x20041000                __scratch_y_end__ = .
                0x20041000                __scratch_y_source__ = LOADADDR (.scratch_y)

.bss            0x20004c90      0x3bc
                0x20004c90                . = ALIGN (0x4)
                0x20004c90                __bss_start__ = .
 *(SORT_BY_ALIGNMENT(SORT_BY_NAME(.bss*)))
 .bss.default_alarm_pool_entries
                0x20004c90      0x100 CMakeFiles/PicoLED.dir/C_/Users/Steve/Documents/Pico/pico-sdk/src/common/pico_time/time.c.obj
 .bss.alarm_callbacks
                0x20004d90       0x10 CMakeFiles/PicoLED.dir/C_/Users/Steve/Documents/Pico/pico-sdk/src/rp2_common/hardware_timer/timer.c.obj
 .bss.configured_freq
                0x20004da0       0x28 CMakeFiles/PicoLED.dir/C_/Users/Steve/Documents/Pico/pico-sdk/src/rp2_common/hardware_clocks/clocks.c.obj
 .bss.default_alarm_pool_entry_ids_high
                0x20004dc8       0x10 CMakeFiles/PicoLED.dir/C_/Users/Steve/Documents/Pico/pico-sdk/src/common/pico_time/time.c.obj
 .bss.default_alarm_pool_heap_nodes
                0x20004dd8       0x30 CMakeFiles/PicoLED.dir/C_/Users/Steve/Documents/Pico/pico-sdk/src/common/pico_time/time.c.obj
 .bss.drivers   0x20004e08        0x4 CMakeFiles/PicoLED.dir/C_/Users/Steve/Documents/Pico/pico-sdk/src/rp2_common/pico_stdio/stdio.c.obj
 .bss.filter    0x20004e0c        0x4 CMakeFiles/PicoLED.dir/C_/Users/Steve/Documents/Pico/pico-sdk/src/rp2_common/pico_stdio/stdio.c.obj
 .bss.pools     0x20004e10       0x10 CMakeFiles/PicoLED.dir/C_/Users/Steve/Documents/Pico/pico-sdk/src/common/pico_time/time.c.obj
 .bss.retrieved_id
                0x20004e20        0x8 CMakeFiles/PicoLED.dir/C_/Users/Steve/Documents/Pico/pico-sdk/src/rp2_common/pico_unique_id/unique_id.c.obj
 .bss.sd_table  0x20004e28      0x100 CMakeFiles/PicoLED.dir/C_/Users/Steve/Documents/Pico/pico-sdk/src/rp2_common/pico_double/double_init_rom.c.obj
                0x20004e28                sd_table
 .bss.sf_clz_func
                0x20004f28        0x4 CMakeFiles/PicoLED.dir/C_/Users/Steve/Documents/Pico/pico-sdk/src/rp2_common/pico_double/double_init_rom.c.obj
                0x20004f28                sf_clz_func
 .bss.sf_table  0x20004f2c      0x100 CMakeFiles/PicoLED.dir/C_/Users/Steve/Documents/Pico/pico-sdk/src/rp2_common/pico_float/float_init_rom.c.obj
                0x20004f2c                sf_table
 .bss.sleep_notifier
                0x2000502c        0x4 CMakeFiles/PicoLED.dir/C_/Users/Steve/Documents/Pico/pico-sdk/src/common/pico_time/time.c.obj
 .bss.target_hi
                0x20005030       0x10 CMakeFiles/PicoLED.dir/C_/Users/Steve/Documents/Pico/pico-sdk/src/rp2_common/hardware_timer/timer.c.obj
 .bss.uart_char_to_line_feed
                0x20005040        0x4 CMakeFiles/PicoLED.dir/C_/Users/Steve/Documents/Pico/pico-sdk/src/rp2_common/hardware_uart/uart.c.obj
                0x20005040                uart_char_to_line_feed
 .bss.uart_instance
                0x20005044        0x4 CMakeFiles/PicoLED.dir/C_/Users/Steve/Documents/Pico/pico-sdk/src/rp2_common/pico_stdio_uart/stdio_uart.c.obj
 .bss.claimed   0x20005048        0x1 CMakeFiles/PicoLED.dir/C_/Users/Steve/Documents/Pico/pico-sdk/src/rp2_common/hardware_timer/timer.c.obj
 .bss.irq_hander_chain_free_slot_head
                0x20005049        0x1 CMakeFiles/PicoLED.dir/C_/Users/Steve/Documents/Pico/pico-sdk/src/rp2_common/hardware_irq/irq.c.obj
 .bss.timer_callbacks_pending
                0x2000504a        0x1 CMakeFiles/PicoLED.dir/C_/Users/Steve/Documents/Pico/pico-sdk/src/rp2_common/hardware_timer/timer.c.obj
 *(COMMON)
                0x2000504c                . = ALIGN (0x4)
 *fill*         0x2000504b        0x1 
                0x2000504c                __bss_end__ = .

.heap           0x2000504c      0x800
                0x2000504c                __end__ = .
                0x2000504c                end = __end__
 *(.heap*)
 .heap          0x2000504c      0x800 CMakeFiles/PicoLED.dir/C_/Users/Steve/Documents/Pico/pico-sdk/src/rp2_common/pico_standard_link/crt0.S.obj
                0x2000584c                __HeapLimit = .

.stack1_dummy   0x20040000        0x0
 *(.stack1*)

.stack_dummy    0x20041000      0x800
 *(.stack*)
 .stack         0x20041000      0x800 CMakeFiles/PicoLED.dir/C_/Users/Steve/Documents/Pico/pico-sdk/src/rp2_common/pico_standard_link/crt0.S.obj
                0x20040000                __StackLimit = (ORIGIN (RAM) + LENGTH (RAM))
                0x20041000                __StackOneTop = (ORIGIN (SCRATCH_X) + LENGTH (SCRATCH_X))
                0x20042000                __StackTop = (ORIGIN (SCRATCH_Y) + LENGTH (SCRATCH_Y))
                0x20041000                __StackOneBottom = (__StackOneTop - SIZEOF (.stack1_dummy))
                0x20041800                __StackBottom = (__StackTop - SIZEOF (.stack_dummy))
                [!provide]                PROVIDE (__stack = __StackTop)
                0x00000001                ASSERT ((__StackLimit >= __HeapLimit), region RAM overflowed)
                0x00000001                ASSERT (((__binary_info_header_end - __logical_binary_start) <= 0x100), Binary info must be in first 256 bytes of the binary)
LOAD CMakeFiles/PicoLED.dir/PicoLED.cpp.obj
LOAD CMakeFiles/PicoLED.dir/C_/Users/Steve/Documents/Pico/pico-sdk/src/rp2_common/pico_stdlib/stdlib.c.obj
LOAD CMakeFiles/PicoLED.dir/C_/Users/Steve/Documents/Pico/pico-sdk/src/rp2_common/hardware_gpio/gpio.c.obj
LOAD CMakeFiles/PicoLED.dir/C_/Users/Steve/Documents/Pico/pico-sdk/src/rp2_common/hardware_claim/claim.c.obj
LOAD CMakeFiles/PicoLED.dir/C_/Users/Steve/Documents/Pico/pico-sdk/src/rp2_common/pico_platform/platform.c.obj
LOAD CMakeFiles/PicoLED.dir/C_/Users/Steve/Documents/Pico/pico-sdk/src/rp2_common/hardware_sync/sync.c.obj
LOAD CMakeFiles/PicoLED.dir/C_/Users/Steve/Documents/Pico/pico-sdk/src/rp2_common/hardware_irq/irq.c.obj
LOAD CMakeFiles/PicoLED.dir/C_/Users/Steve/Documents/Pico/pico-sdk/src/rp2_common/hardware_irq/irq_handler_chain.S.obj
LOAD CMakeFiles/PicoLED.dir/C_/Users/Steve/Documents/Pico/pico-sdk/src/common/pico_sync/sem.c.obj
LOAD CMakeFiles/PicoLED.dir/C_/Users/Steve/Documents/Pico/pico-sdk/src/common/pico_sync/lock_core.c.obj
LOAD CMakeFiles/PicoLED.dir/C_/Users/Steve/Documents/Pico/pico-sdk/src/common/pico_time/time.c.obj
LOAD CMakeFiles/PicoLED.dir/C_/Users/Steve/Documents/Pico/pico-sdk/src/common/pico_time/timeout_helper.c.obj
LOAD CMakeFiles/PicoLED.dir/C_/Users/Steve/Documents/Pico/pico-sdk/src/rp2_common/hardware_timer/timer.c.obj
LOAD CMakeFiles/PicoLED.dir/C_/Users/Steve/Documents/Pico/pico-sdk/src/common/pico_util/datetime.c.obj
LOAD CMakeFiles/PicoLED.dir/C_/Users/Steve/Documents/Pico/pico-sdk/src/common/pico_util/pheap.c.obj
LOAD CMakeFiles/PicoLED.dir/C_/Users/Steve/Documents/Pico/pico-sdk/src/common/pico_util/queue.c.obj
LOAD CMakeFiles/PicoLED.dir/C_/Users/Steve/Documents/Pico/pico-sdk/src/common/pico_sync/mutex.c.obj
LOAD CMakeFiles/PicoLED.dir/C_/Users/Steve/Documents/Pico/pico-sdk/src/common/pico_sync/critical_section.c.obj
LOAD CMakeFiles/PicoLED.dir/C_/Users/Steve/Documents/Pico/pico-sdk/src/rp2_common/hardware_uart/uart.c.obj
LOAD CMakeFiles/PicoLED.dir/C_/Users/Steve/Documents/Pico/pico-sdk/src/rp2_common/hardware_divider/divider.S.obj
LOAD CMakeFiles/PicoLED.dir/C_/Users/Steve/Documents/Pico/pico-sdk/src/rp2_common/pico_runtime/runtime.c.obj
LOAD CMakeFiles/PicoLED.dir/C_/Users/Steve/Documents/Pico/pico-sdk/src/rp2_common/hardware_clocks/clocks.c.obj
LOAD CMakeFiles/PicoLED.dir/C_/Users/Steve/Documents/Pico/pico-sdk/src/rp2_common/hardware_pll/pll.c.obj
LOAD CMakeFiles/PicoLED.dir/C_/Users/Steve/Documents/Pico/pico-sdk/src/rp2_common/hardware_vreg/vreg.c.obj
LOAD CMakeFiles/PicoLED.dir/C_/Users/Steve/Documents/Pico/pico-sdk/src/rp2_common/hardware_watchdog/watchdog.c.obj
LOAD CMakeFiles/PicoLED.dir/C_/Users/Steve/Documents/Pico/pico-sdk/src/rp2_common/hardware_xosc/xosc.c.obj
LOAD CMakeFiles/PicoLED.dir/C_/Users/Steve/Documents/Pico/pico-sdk/src/rp2_common/pico_printf/printf.c.obj
LOAD CMakeFiles/PicoLED.dir/C_/Users/Steve/Documents/Pico/pico-sdk/src/rp2_common/pico_bit_ops/bit_ops_aeabi.S.obj
LOAD CMakeFiles/PicoLED.dir/C_/Users/Steve/Documents/Pico/pico-sdk/src/rp2_common/pico_bootrom/bootrom.c.obj
LOAD CMakeFiles/PicoLED.dir/C_/Users/Steve/Documents/Pico/pico-sdk/src/rp2_common/pico_divider/divider.S.obj
LOAD CMakeFiles/PicoLED.dir/C_/Users/Steve/Documents/Pico/pico-sdk/src/rp2_common/pico_double/double_aeabi.S.obj
LOAD CMakeFiles/PicoLED.dir/C_/Users/Steve/Documents/Pico/pico-sdk/src/rp2_common/pico_double/double_init_rom.c.obj
LOAD CMakeFiles/PicoLED.dir/C_/Users/Steve/Documents/Pico/pico-sdk/src/rp2_common/pico_double/double_math.c.obj
LOAD CMakeFiles/PicoLED.dir/C_/Users/Steve/Documents/Pico/pico-sdk/src/rp2_common/pico_double/double_v1_rom_shim.S.obj
LOAD CMakeFiles/PicoLED.dir/C_/Users/Steve/Documents/Pico/pico-sdk/src/rp2_common/pico_int64_ops/pico_int64_ops_aeabi.S.obj
LOAD CMakeFiles/PicoLED.dir/C_/Users/Steve/Documents/Pico/pico-sdk/src/rp2_common/pico_float/float_aeabi.S.obj
LOAD CMakeFiles/PicoLED.dir/C_/Users/Steve/Documents/Pico/pico-sdk/src/rp2_common/pico_float/float_init_rom.c.obj
LOAD CMakeFiles/PicoLED.dir/C_/Users/Steve/Documents/Pico/pico-sdk/src/rp2_common/pico_float/float_math.c.obj
LOAD CMakeFiles/PicoLED.dir/C_/Users/Steve/Documents/Pico/pico-sdk/src/rp2_common/pico_float/float_v1_rom_shim.S.obj
LOAD CMakeFiles/PicoLED.dir/C_/Users/Steve/Documents/Pico/pico-sdk/src/rp2_common/pico_malloc/pico_malloc.c.obj
LOAD CMakeFiles/PicoLED.dir/C_/Users/Steve/Documents/Pico/pico-sdk/src/rp2_common/pico_mem_ops/mem_ops_aeabi.S.obj
LOAD CMakeFiles/PicoLED.dir/C_/Users/Steve/Documents/Pico/pico-sdk/src/rp2_common/pico_standard_link/crt0.S.obj
LOAD CMakeFiles/PicoLED.dir/C_/Users/Steve/Documents/Pico/pico-sdk/src/rp2_common/pico_standard_link/new_delete.cpp.obj
LOAD CMakeFiles/PicoLED.dir/C_/Users/Steve/Documents/Pico/pico-sdk/src/rp2_common/pico_standard_link/binary_info.c.obj
LOAD CMakeFiles/PicoLED.dir/C_/Users/Steve/Documents/Pico/pico-sdk/src/rp2_common/pico_stdio/stdio.c.obj
LOAD CMakeFiles/PicoLED.dir/C_/Users/Steve/Documents/Pico/pico-sdk/src/rp2_common/pico_stdio_uart/stdio_uart.c.obj
LOAD CMakeFiles/PicoLED.dir/C_/Users/Steve/Documents/Pico/pico-sdk/src/rp2_common/hardware_dma/dma.c.obj
LOAD CMakeFiles/PicoLED.dir/C_/Users/Steve/Documents/Pico/pico-sdk/src/rp2_common/hardware_pio/pio.c.obj
LOAD CMakeFiles/PicoLED.dir/C_/Users/Steve/Documents/Pico/pico-sdk/src/rp2_common/pico_cyw43_arch/cyw43_arch.c.obj
LOAD CMakeFiles/PicoLED.dir/C_/Users/Steve/Documents/Pico/pico-sdk/src/rp2_common/pico_cyw43_arch/cyw43_arch_poll.c.obj
LOAD CMakeFiles/PicoLED.dir/C_/Users/Steve/Documents/Pico/pico-sdk/src/rp2_common/pico_cyw43_arch/cyw43_arch_threadsafe_background.c.obj
LOAD CMakeFiles/PicoLED.dir/C_/Users/Steve/Documents/Pico/pico-sdk/src/rp2_common/pico_cyw43_arch/cyw43_arch_freertos.c.obj
LOAD CMakeFiles/PicoLED.dir/C_/Users/Steve/Documents/Pico/pico-sdk/src/rp2_common/pico_unique_id/unique_id.c.obj
LOAD CMakeFiles/PicoLED.dir/C_/Users/Steve/Documents/Pico/pico-sdk/src/rp2_common/hardware_flash/flash.c.obj
LOAD CMakeFiles/PicoLED.dir/C_/Users/Steve/Documents/Pico/pico-sdk/src/rp2_common/cyw43_driver/cyw43_bus_pio_spi.c.obj
LOAD CMakeFiles/PicoLED.dir/C_/Users/Steve/Documents/Pico/pico-sdk/lib/cyw43-driver/src/cyw43_ll.c.obj
LOAD CMakeFiles/PicoLED.dir/C_/Users/Steve/Documents/Pico/pico-sdk/lib/cyw43-driver/src/cyw43_stats.c.obj
LOAD CMakeFiles/PicoLED.dir/C_/Users/Steve/Documents/Pico/pico-sdk/lib/cyw43-driver/src/cyw43_lwip.c.obj
LOAD CMakeFiles/PicoLED.dir/C_/Users/Steve/Documents/Pico/pico-sdk/lib/cyw43-driver/src/cyw43_ctrl.c.obj
LOAD CMakeFiles/PicoLED.dir/C_/Users/Steve/Documents/Pico/pico-sdk/src/rp2_common/hardware_exception/exception.c.obj
LOAD CMakeFiles/PicoLED.dir/C_/Users/Steve/Documents/Pico/pico-sdk/lib/lwip/src/core/init.c.obj
LOAD CMakeFiles/PicoLED.dir/C_/Users/Steve/Documents/Pico/pico-sdk/lib/lwip/src/core/def.c.obj
LOAD CMakeFiles/PicoLED.dir/C_/Users/Steve/Documents/Pico/pico-sdk/lib/lwip/src/core/dns.c.obj
LOAD CMakeFiles/PicoLED.dir/C_/Users/Steve/Documents/Pico/pico-sdk/lib/lwip/src/core/inet_chksum.c.obj
LOAD CMakeFiles/PicoLED.dir/C_/Users/Steve/Documents/Pico/pico-sdk/lib/lwip/src/core/ip.c.obj
LOAD CMakeFiles/PicoLED.dir/C_/Users/Steve/Documents/Pico/pico-sdk/lib/lwip/src/core/mem.c.obj
LOAD CMakeFiles/PicoLED.dir/C_/Users/Steve/Documents/Pico/pico-sdk/lib/lwip/src/core/memp.c.obj
LOAD CMakeFiles/PicoLED.dir/C_/Users/Steve/Documents/Pico/pico-sdk/lib/lwip/src/core/netif.c.obj
LOAD CMakeFiles/PicoLED.dir/C_/Users/Steve/Documents/Pico/pico-sdk/lib/lwip/src/core/pbuf.c.obj
LOAD CMakeFiles/PicoLED.dir/C_/Users/Steve/Documents/Pico/pico-sdk/lib/lwip/src/core/raw.c.obj
LOAD CMakeFiles/PicoLED.dir/C_/Users/Steve/Documents/Pico/pico-sdk/lib/lwip/src/core/stats.c.obj
LOAD CMakeFiles/PicoLED.dir/C_/Users/Steve/Documents/Pico/pico-sdk/lib/lwip/src/core/sys.c.obj
LOAD CMakeFiles/PicoLED.dir/C_/Users/Steve/Documents/Pico/pico-sdk/lib/lwip/src/core/altcp.c.obj
LOAD CMakeFiles/PicoLED.dir/C_/Users/Steve/Documents/Pico/pico-sdk/lib/lwip/src/core/altcp_alloc.c.obj
LOAD CMakeFiles/PicoLED.dir/C_/Users/Steve/Documents/Pico/pico-sdk/lib/lwip/src/core/altcp_tcp.c.obj
LOAD CMakeFiles/PicoLED.dir/C_/Users/Steve/Documents/Pico/pico-sdk/lib/lwip/src/core/tcp.c.obj
LOAD CMakeFiles/PicoLED.dir/C_/Users/Steve/Documents/Pico/pico-sdk/lib/lwip/src/core/tcp_in.c.obj
LOAD CMakeFiles/PicoLED.dir/C_/Users/Steve/Documents/Pico/pico-sdk/lib/lwip/src/core/tcp_out.c.obj
LOAD CMakeFiles/PicoLED.dir/C_/Users/Steve/Documents/Pico/pico-sdk/lib/lwip/src/core/timeouts.c.obj
LOAD CMakeFiles/PicoLED.dir/C_/Users/Steve/Documents/Pico/pico-sdk/lib/lwip/src/core/udp.c.obj
LOAD CMakeFiles/PicoLED.dir/C_/Users/Steve/Documents/Pico/pico-sdk/src/rp2_common/pico_lwip/random.c.obj
LOAD CMakeFiles/PicoLED.dir/C_/Users/Steve/Documents/Pico/pico-sdk/lib/lwip/src/core/ipv4/acd.c.obj
LOAD CMakeFiles/PicoLED.dir/C_/Users/Steve/Documents/Pico/pico-sdk/lib/lwip/src/core/ipv4/autoip.c.obj
LOAD CMakeFiles/PicoLED.dir/C_/Users/Steve/Documents/Pico/pico-sdk/lib/lwip/src/core/ipv4/dhcp.c.obj
LOAD CMakeFiles/PicoLED.dir/C_/Users/Steve/Documents/Pico/pico-sdk/lib/lwip/src/core/ipv4/etharp.c.obj
LOAD CMakeFiles/PicoLED.dir/C_/Users/Steve/Documents/Pico/pico-sdk/lib/lwip/src/core/ipv4/icmp.c.obj
LOAD CMakeFiles/PicoLED.dir/C_/Users/Steve/Documents/Pico/pico-sdk/lib/lwip/src/core/ipv4/igmp.c.obj
LOAD CMakeFiles/PicoLED.dir/C_/Users/Steve/Documents/Pico/pico-sdk/lib/lwip/src/core/ipv4/ip4_frag.c.obj
LOAD CMakeFiles/PicoLED.dir/C_/Users/Steve/Documents/Pico/pico-sdk/lib/lwip/src/core/ipv4/ip4.c.obj
LOAD CMakeFiles/PicoLED.dir/C_/Users/Steve/Documents/Pico/pico-sdk/lib/lwip/src/core/ipv4/ip4_addr.c.obj
LOAD CMakeFiles/PicoLED.dir/C_/Users/Steve/Documents/Pico/pico-sdk/lib/lwip/src/core/ipv6/dhcp6.c.obj
LOAD CMakeFiles/PicoLED.dir/C_/Users/Steve/Documents/Pico/pico-sdk/lib/lwip/src/core/ipv6/ethip6.c.obj
LOAD CMakeFiles/PicoLED.dir/C_/Users/Steve/Documents/Pico/pico-sdk/lib/lwip/src/core/ipv6/icmp6.c.obj
LOAD CMakeFiles/PicoLED.dir/C_/Users/Steve/Documents/Pico/pico-sdk/lib/lwip/src/core/ipv6/inet6.c.obj
LOAD CMakeFiles/PicoLED.dir/C_/Users/Steve/Documents/Pico/pico-sdk/lib/lwip/src/core/ipv6/ip6.c.obj
LOAD CMakeFiles/PicoLED.dir/C_/Users/Steve/Documents/Pico/pico-sdk/lib/lwip/src/core/ipv6/ip6_addr.c.obj
LOAD CMakeFiles/PicoLED.dir/C_/Users/Steve/Documents/Pico/pico-sdk/lib/lwip/src/core/ipv6/ip6_frag.c.obj
LOAD CMakeFiles/PicoLED.dir/C_/Users/Steve/Documents/Pico/pico-sdk/lib/lwip/src/core/ipv6/mld6.c.obj
LOAD CMakeFiles/PicoLED.dir/C_/Users/Steve/Documents/Pico/pico-sdk/lib/lwip/src/core/ipv6/nd6.c.obj
LOAD CMakeFiles/PicoLED.dir/C_/Users/Steve/Documents/Pico/pico-sdk/lib/lwip/src/api/api_lib.c.obj
LOAD CMakeFiles/PicoLED.dir/C_/Users/Steve/Documents/Pico/pico-sdk/lib/lwip/src/api/api_msg.c.obj
LOAD CMakeFiles/PicoLED.dir/C_/Users/Steve/Documents/Pico/pico-sdk/lib/lwip/src/api/err.c.obj
LOAD CMakeFiles/PicoLED.dir/C_/Users/Steve/Documents/Pico/pico-sdk/lib/lwip/src/api/if_api.c.obj
LOAD CMakeFiles/PicoLED.dir/C_/Users/Steve/Documents/Pico/pico-sdk/lib/lwip/src/api/netbuf.c.obj
LOAD CMakeFiles/PicoLED.dir/C_/Users/Steve/Documents/Pico/pico-sdk/lib/lwip/src/api/netdb.c.obj
LOAD CMakeFiles/PicoLED.dir/C_/Users/Steve/Documents/Pico/pico-sdk/lib/lwip/src/api/netifapi.c.obj
LOAD CMakeFiles/PicoLED.dir/C_/Users/Steve/Documents/Pico/pico-sdk/lib/lwip/src/api/sockets.c.obj
LOAD CMakeFiles/PicoLED.dir/C_/Users/Steve/Documents/Pico/pico-sdk/lib/lwip/src/api/tcpip.c.obj
LOAD CMakeFiles/PicoLED.dir/C_/Users/Steve/Documents/Pico/pico-sdk/lib/lwip/src/netif/ethernet.c.obj
LOAD CMakeFiles/PicoLED.dir/C_/Users/Steve/Documents/Pico/pico-sdk/lib/lwip/src/netif/bridgeif.c.obj
LOAD CMakeFiles/PicoLED.dir/C_/Users/Steve/Documents/Pico/pico-sdk/lib/lwip/src/netif/bridgeif_fdb.c.obj
LOAD CMakeFiles/PicoLED.dir/C_/Users/Steve/Documents/Pico/pico-sdk/lib/lwip/src/netif/slipif.c.obj
LOAD CMakeFiles/PicoLED.dir/C_/Users/Steve/Documents/Pico/pico-sdk/lib/lwip/src/netif/lowpan6_common.c.obj
LOAD CMakeFiles/PicoLED.dir/C_/Users/Steve/Documents/Pico/pico-sdk/lib/lwip/src/netif/lowpan6.c.obj
LOAD CMakeFiles/PicoLED.dir/C_/Users/Steve/Documents/Pico/pico-sdk/lib/lwip/src/netif/lowpan6_ble.c.obj
LOAD CMakeFiles/PicoLED.dir/C_/Users/Steve/Documents/Pico/pico-sdk/lib/lwip/src/netif/zepif.c.obj
LOAD CMakeFiles/PicoLED.dir/C_/Users/Steve/Documents/Pico/pico-sdk/lib/lwip/src/netif/ppp/auth.c.obj
LOAD CMakeFiles/PicoLED.dir/C_/Users/Steve/Documents/Pico/pico-sdk/lib/lwip/src/netif/ppp/ccp.c.obj
LOAD CMakeFiles/PicoLED.dir/C_/Users/Steve/Documents/Pico/pico-sdk/lib/lwip/src/netif/ppp/chap-md5.c.obj
LOAD CMakeFiles/PicoLED.dir/C_/Users/Steve/Documents/Pico/pico-sdk/lib/lwip/src/netif/ppp/chap_ms.c.obj
LOAD CMakeFiles/PicoLED.dir/C_/Users/Steve/Documents/Pico/pico-sdk/lib/lwip/src/netif/ppp/chap-new.c.obj
LOAD CMakeFiles/PicoLED.dir/C_/Users/Steve/Documents/Pico/pico-sdk/lib/lwip/src/netif/ppp/demand.c.obj
LOAD CMakeFiles/PicoLED.dir/C_/Users/Steve/Documents/Pico/pico-sdk/lib/lwip/src/netif/ppp/eap.c.obj
LOAD CMakeFiles/PicoLED.dir/C_/Users/Steve/Documents/Pico/pico-sdk/lib/lwip/src/netif/ppp/ecp.c.obj
LOAD CMakeFiles/PicoLED.dir/C_/Users/Steve/Documents/Pico/pico-sdk/lib/lwip/src/netif/ppp/eui64.c.obj
LOAD CMakeFiles/PicoLED.dir/C_/Users/Steve/Documents/Pico/pico-sdk/lib/lwip/src/netif/ppp/fsm.c.obj
LOAD CMakeFiles/PicoLED.dir/C_/Users/Steve/Documents/Pico/pico-sdk/lib/lwip/src/netif/ppp/ipcp.c.obj
LOAD CMakeFiles/PicoLED.dir/C_/Users/Steve/Documents/Pico/pico-sdk/lib/lwip/src/netif/ppp/ipv6cp.c.obj
LOAD CMakeFiles/PicoLED.dir/C_/Users/Steve/Documents/Pico/pico-sdk/lib/lwip/src/netif/ppp/lcp.c.obj
LOAD CMakeFiles/PicoLED.dir/C_/Users/Steve/Documents/Pico/pico-sdk/lib/lwip/src/netif/ppp/magic.c.obj
LOAD CMakeFiles/PicoLED.dir/C_/Users/Steve/Documents/Pico/pico-sdk/lib/lwip/src/netif/ppp/mppe.c.obj
LOAD CMakeFiles/PicoLED.dir/C_/Users/Steve/Documents/Pico/pico-sdk/lib/lwip/src/netif/ppp/multilink.c.obj
LOAD CMakeFiles/PicoLED.dir/C_/Users/Steve/Documents/Pico/pico-sdk/lib/lwip/src/netif/ppp/ppp.c.obj
LOAD CMakeFiles/PicoLED.dir/C_/Users/Steve/Documents/Pico/pico-sdk/lib/lwip/src/netif/ppp/pppapi.c.obj
LOAD CMakeFiles/PicoLED.dir/C_/Users/Steve/Documents/Pico/pico-sdk/lib/lwip/src/netif/ppp/pppcrypt.c.obj
LOAD CMakeFiles/PicoLED.dir/C_/Users/Steve/Documents/Pico/pico-sdk/lib/lwip/src/netif/ppp/pppoe.c.obj
LOAD CMakeFiles/PicoLED.dir/C_/Users/Steve/Documents/Pico/pico-sdk/lib/lwip/src/netif/ppp/pppol2tp.c.obj
LOAD CMakeFiles/PicoLED.dir/C_/Users/Steve/Documents/Pico/pico-sdk/lib/lwip/src/netif/ppp/pppos.c.obj
LOAD CMakeFiles/PicoLED.dir/C_/Users/Steve/Documents/Pico/pico-sdk/lib/lwip/src/netif/ppp/upap.c.obj
LOAD CMakeFiles/PicoLED.dir/C_/Users/Steve/Documents/Pico/pico-sdk/lib/lwip/src/netif/ppp/utils.c.obj
LOAD CMakeFiles/PicoLED.dir/C_/Users/Steve/Documents/Pico/pico-sdk/lib/lwip/src/netif/ppp/vj.c.obj
LOAD CMakeFiles/PicoLED.dir/C_/Users/Steve/Documents/Pico/pico-sdk/lib/lwip/src/netif/ppp/polarssl/arc4.c.obj
LOAD CMakeFiles/PicoLED.dir/C_/Users/Steve/Documents/Pico/pico-sdk/lib/lwip/src/netif/ppp/polarssl/des.c.obj
LOAD CMakeFiles/PicoLED.dir/C_/Users/Steve/Documents/Pico/pico-sdk/lib/lwip/src/netif/ppp/polarssl/md4.c.obj
LOAD CMakeFiles/PicoLED.dir/C_/Users/Steve/Documents/Pico/pico-sdk/lib/lwip/src/netif/ppp/polarssl/md5.c.obj
LOAD CMakeFiles/PicoLED.dir/C_/Users/Steve/Documents/Pico/pico-sdk/lib/lwip/src/netif/ppp/polarssl/sha1.c.obj
LOAD CMakeFiles/PicoLED.dir/C_/Users/Steve/Documents/Pico/pico-sdk/src/rp2_common/pico_lwip/nosys.c.obj
LOAD pico-sdk\src\rp2_common\cyw43_driver\cyw43_resource.o
LOAD c:/progra~2/gnuarm~1/102021~1.10/bin/../lib/gcc/arm-none-eabi/10.3.1/../../../../arm-none-eabi/lib/thumb/v6-m/nofp\libstdc++.a
LOAD c:/progra~2/gnuarm~1/102021~1.10/bin/../lib/gcc/arm-none-eabi/10.3.1/../../../../arm-none-eabi/lib/thumb/v6-m/nofp\libm.a
START GROUP
LOAD c:/progra~2/gnuarm~1/102021~1.10/bin/../lib/gcc/arm-none-eabi/10.3.1/thumb/v6-m/nofp\libgcc.a
LOAD c:/progra~2/gnuarm~1/102021~1.10/bin/../lib/gcc/arm-none-eabi/10.3.1/../../../../arm-none-eabi/lib/thumb/v6-m/nofp\libg.a
LOAD c:/progra~2/gnuarm~1/102021~1.10/bin/../lib/gcc/arm-none-eabi/10.3.1/../../../../arm-none-eabi/lib/thumb/v6-m/nofp\libc.a
END GROUP
START GROUP
LOAD c:/progra~2/gnuarm~1/102021~1.10/bin/../lib/gcc/arm-none-eabi/10.3.1/thumb/v6-m/nofp\libgcc.a
LOAD c:/progra~2/gnuarm~1/102021~1.10/bin/../lib/gcc/arm-none-eabi/10.3.1/../../../../arm-none-eabi/lib/thumb/v6-m/nofp\libc.a
LOAD c:/progra~2/gnuarm~1/102021~1.10/bin/../lib/gcc/arm-none-eabi/10.3.1/../../../../arm-none-eabi/lib/thumb/v6-m/nofp\libnosys.a
END GROUP
OUTPUT(PicoLED.elf elf32-littlearm)
LOAD linker stubs

.debug_info     0x00000000    0x14e8b
 .debug_info    0x00000000     0x1470 CMakeFiles/PicoLED.dir/PicoLED.cpp.obj
 .debug_info    0x00001470     0x16d7 CMakeFiles/PicoLED.dir/C_/Users/Steve/Documents/Pico/pico-sdk/src/rp2_common/hardware_gpio/gpio.c.obj
 .debug_info    0x00002b47      0x6bb CMakeFiles/PicoLED.dir/C_/Users/Steve/Documents/Pico/pico-sdk/src/rp2_common/hardware_claim/claim.c.obj
 .debug_info    0x00003202      0x1e3 CMakeFiles/PicoLED.dir/C_/Users/Steve/Documents/Pico/pico-sdk/src/rp2_common/pico_platform/platform.c.obj
 .debug_info    0x000033e5      0x58e CMakeFiles/PicoLED.dir/C_/Users/Steve/Documents/Pico/pico-sdk/src/rp2_common/hardware_sync/sync.c.obj
 .debug_info    0x00003973     0x1c49 CMakeFiles/PicoLED.dir/C_/Users/Steve/Documents/Pico/pico-sdk/src/rp2_common/hardware_irq/irq.c.obj
 .debug_info    0x000055bc      0x1a4 CMakeFiles/PicoLED.dir/C_/Users/Steve/Documents/Pico/pico-sdk/src/common/pico_sync/lock_core.c.obj
 .debug_info    0x00005760     0x3b3b CMakeFiles/PicoLED.dir/C_/Users/Steve/Documents/Pico/pico-sdk/src/common/pico_time/time.c.obj
 .debug_info    0x0000929b     0x1134 CMakeFiles/PicoLED.dir/C_/Users/Steve/Documents/Pico/pico-sdk/src/rp2_common/hardware_timer/timer.c.obj
 .debug_info    0x0000a3cf     0x120c CMakeFiles/PicoLED.dir/C_/Users/Steve/Documents/Pico/pico-sdk/src/common/pico_util/pheap.c.obj
 .debug_info    0x0000b5db     0x2022 CMakeFiles/PicoLED.dir/C_/Users/Steve/Documents/Pico/pico-sdk/src/common/pico_sync/mutex.c.obj
 .debug_info    0x0000d5fd      0xb65 CMakeFiles/PicoLED.dir/C_/Users/Steve/Documents/Pico/pico-sdk/src/rp2_common/hardware_uart/uart.c.obj
 .debug_info    0x0000e162       0x22 CMakeFiles/PicoLED.dir/C_/Users/Steve/Documents/Pico/pico-sdk/src/rp2_common/hardware_divider/divider.S.obj
 .debug_info    0x0000e184      0xa0b CMakeFiles/PicoLED.dir/C_/Users/Steve/Documents/Pico/pico-sdk/src/rp2_common/pico_runtime/runtime.c.obj
 .debug_info    0x0000eb8f      0xf63 CMakeFiles/PicoLED.dir/C_/Users/Steve/Documents/Pico/pico-sdk/src/rp2_common/hardware_clocks/clocks.c.obj
 .debug_info    0x0000faf2      0x54a CMakeFiles/PicoLED.dir/C_/Users/Steve/Documents/Pico/pico-sdk/src/rp2_common/hardware_pll/pll.c.obj
 .debug_info    0x0001003c      0x4ee CMakeFiles/PicoLED.dir/C_/Users/Steve/Documents/Pico/pico-sdk/src/rp2_common/hardware_watchdog/watchdog.c.obj
 .debug_info    0x0001052a      0x1d8 CMakeFiles/PicoLED.dir/C_/Users/Steve/Documents/Pico/pico-sdk/src/rp2_common/hardware_xosc/xosc.c.obj
 .debug_info    0x00010702     0x1a5f CMakeFiles/PicoLED.dir/C_/Users/Steve/Documents/Pico/pico-sdk/src/rp2_common/pico_printf/printf.c.obj
 .debug_info    0x00012161       0x22 CMakeFiles/PicoLED.dir/C_/Users/Steve/Documents/Pico/pico-sdk/src/rp2_common/pico_bit_ops/bit_ops_aeabi.S.obj
 .debug_info    0x00012183      0x27c CMakeFiles/PicoLED.dir/C_/Users/Steve/Documents/Pico/pico-sdk/src/rp2_common/pico_bootrom/bootrom.c.obj
 .debug_info    0x000123ff       0x22 CMakeFiles/PicoLED.dir/C_/Users/Steve/Documents/Pico/pico-sdk/src/rp2_common/pico_divider/divider.S.obj
 .debug_info    0x00012421       0x22 CMakeFiles/PicoLED.dir/C_/Users/Steve/Documents/Pico/pico-sdk/src/rp2_common/pico_double/double_aeabi.S.obj
 .debug_info    0x00012443      0x2fb CMakeFiles/PicoLED.dir/C_/Users/Steve/Documents/Pico/pico-sdk/src/rp2_common/pico_double/double_init_rom.c.obj
 .debug_info    0x0001273e       0x26 CMakeFiles/PicoLED.dir/C_/Users/Steve/Documents/Pico/pico-sdk/src/rp2_common/pico_double/double_v1_rom_shim.S.obj
 .debug_info    0x00012764       0x22 CMakeFiles/PicoLED.dir/C_/Users/Steve/Documents/Pico/pico-sdk/src/rp2_common/pico_float/float_aeabi.S.obj
 .debug_info    0x00012786      0x2d8 CMakeFiles/PicoLED.dir/C_/Users/Steve/Documents/Pico/pico-sdk/src/rp2_common/pico_float/float_init_rom.c.obj
 .debug_info    0x00012a5e       0x22 CMakeFiles/PicoLED.dir/C_/Users/Steve/Documents/Pico/pico-sdk/src/rp2_common/pico_mem_ops/mem_ops_aeabi.S.obj
 .debug_info    0x00012a80       0x22 CMakeFiles/PicoLED.dir/C_/Users/Steve/Documents/Pico/pico-sdk/src/rp2_common/pico_standard_link/crt0.S.obj
 .debug_info    0x00012aa2      0x250 CMakeFiles/PicoLED.dir/C_/Users/Steve/Documents/Pico/pico-sdk/src/rp2_common/pico_standard_link/binary_info.c.obj
 .debug_info    0x00012cf2     0x12ee CMakeFiles/PicoLED.dir/C_/Users/Steve/Documents/Pico/pico-sdk/src/rp2_common/pico_stdio/stdio.c.obj
 .debug_info    0x00013fe0      0xc57 CMakeFiles/PicoLED.dir/C_/Users/Steve/Documents/Pico/pico-sdk/src/rp2_common/pico_stdio_uart/stdio_uart.c.obj
 .debug_info    0x00014c37      0x254 CMakeFiles/PicoLED.dir/C_/Users/Steve/Documents/Pico/pico-sdk/src/rp2_common/pico_unique_id/unique_id.c.obj

.debug_abbrev   0x00000000     0x43a6
 .debug_abbrev  0x00000000      0x432 CMakeFiles/PicoLED.dir/PicoLED.cpp.obj
 .debug_abbrev  0x00000432      0x326 CMakeFiles/PicoLED.dir/C_/Users/Steve/Documents/Pico/pico-sdk/src/rp2_common/hardware_gpio/gpio.c.obj
 .debug_abbrev  0x00000758      0x2e9 CMakeFiles/PicoLED.dir/C_/Users/Steve/Documents/Pico/pico-sdk/src/rp2_common/hardware_claim/claim.c.obj
 .debug_abbrev  0x00000a41       0xeb CMakeFiles/PicoLED.dir/C_/Users/Steve/Documents/Pico/pico-sdk/src/rp2_common/pico_platform/platform.c.obj
 .debug_abbrev  0x00000b2c      0x21b CMakeFiles/PicoLED.dir/C_/Users/Steve/Documents/Pico/pico-sdk/src/rp2_common/hardware_sync/sync.c.obj
 .debug_abbrev  0x00000d47      0x4fc CMakeFiles/PicoLED.dir/C_/Users/Steve/Documents/Pico/pico-sdk/src/rp2_common/hardware_irq/irq.c.obj
 .debug_abbrev  0x00001243      0x116 CMakeFiles/PicoLED.dir/C_/Users/Steve/Documents/Pico/pico-sdk/src/common/pico_sync/lock_core.c.obj
 .debug_abbrev  0x00001359      0x54d CMakeFiles/PicoLED.dir/C_/Users/Steve/Documents/Pico/pico-sdk/src/common/pico_time/time.c.obj
 .debug_abbrev  0x000018a6      0x3a2 CMakeFiles/PicoLED.dir/C_/Users/Steve/Documents/Pico/pico-sdk/src/rp2_common/hardware_timer/timer.c.obj
 .debug_abbrev  0x00001c48      0x297 CMakeFiles/PicoLED.dir/C_/Users/Steve/Documents/Pico/pico-sdk/src/common/pico_util/pheap.c.obj
 .debug_abbrev  0x00001edf      0x386 CMakeFiles/PicoLED.dir/C_/Users/Steve/Documents/Pico/pico-sdk/src/common/pico_sync/mutex.c.obj
 .debug_abbrev  0x00002265      0x2d2 CMakeFiles/PicoLED.dir/C_/Users/Steve/Documents/Pico/pico-sdk/src/rp2_common/hardware_uart/uart.c.obj
 .debug_abbrev  0x00002537       0x12 CMakeFiles/PicoLED.dir/C_/Users/Steve/Documents/Pico/pico-sdk/src/rp2_common/hardware_divider/divider.S.obj
 .debug_abbrev  0x00002549      0x399 CMakeFiles/PicoLED.dir/C_/Users/Steve/Documents/Pico/pico-sdk/src/rp2_common/pico_runtime/runtime.c.obj
 .debug_abbrev  0x000028e2      0x3a5 CMakeFiles/PicoLED.dir/C_/Users/Steve/Documents/Pico/pico-sdk/src/rp2_common/hardware_clocks/clocks.c.obj
 .debug_abbrev  0x00002c87      0x1ea CMakeFiles/PicoLED.dir/C_/Users/Steve/Documents/Pico/pico-sdk/src/rp2_common/hardware_pll/pll.c.obj
 .debug_abbrev  0x00002e71      0x1a8 CMakeFiles/PicoLED.dir/C_/Users/Steve/Documents/Pico/pico-sdk/src/rp2_common/hardware_watchdog/watchdog.c.obj
 .debug_abbrev  0x00003019      0x109 CMakeFiles/PicoLED.dir/C_/Users/Steve/Documents/Pico/pico-sdk/src/rp2_common/hardware_xosc/xosc.c.obj
 .debug_abbrev  0x00003122      0x384 CMakeFiles/PicoLED.dir/C_/Users/Steve/Documents/Pico/pico-sdk/src/rp2_common/pico_printf/printf.c.obj
 .debug_abbrev  0x000034a6       0x12 CMakeFiles/PicoLED.dir/C_/Users/Steve/Documents/Pico/pico-sdk/src/rp2_common/pico_bit_ops/bit_ops_aeabi.S.obj
 .debug_abbrev  0x000034b8      0x13b CMakeFiles/PicoLED.dir/C_/Users/Steve/Documents/Pico/pico-sdk/src/rp2_common/pico_bootrom/bootrom.c.obj
 .debug_abbrev  0x000035f3       0x12 CMakeFiles/PicoLED.dir/C_/Users/Steve/Documents/Pico/pico-sdk/src/rp2_common/pico_divider/divider.S.obj
 .debug_abbrev  0x00003605       0x12 CMakeFiles/PicoLED.dir/C_/Users/Steve/Documents/Pico/pico-sdk/src/rp2_common/pico_double/double_aeabi.S.obj
 .debug_abbrev  0x00003617      0x196 CMakeFiles/PicoLED.dir/C_/Users/Steve/Documents/Pico/pico-sdk/src/rp2_common/pico_double/double_init_rom.c.obj
 .debug_abbrev  0x000037ad       0x14 CMakeFiles/PicoLED.dir/C_/Users/Steve/Documents/Pico/pico-sdk/src/rp2_common/pico_double/double_v1_rom_shim.S.obj
 .debug_abbrev  0x000037c1       0x12 CMakeFiles/PicoLED.dir/C_/Users/Steve/Documents/Pico/pico-sdk/src/rp2_common/pico_float/float_aeabi.S.obj
 .debug_abbrev  0x000037d3      0x18d CMakeFiles/PicoLED.dir/C_/Users/Steve/Documents/Pico/pico-sdk/src/rp2_common/pico_float/float_init_rom.c.obj
 .debug_abbrev  0x00003960       0x12 CMakeFiles/PicoLED.dir/C_/Users/Steve/Documents/Pico/pico-sdk/src/rp2_common/pico_mem_ops/mem_ops_aeabi.S.obj
 .debug_abbrev  0x00003972       0x12 CMakeFiles/PicoLED.dir/C_/Users/Steve/Documents/Pico/pico-sdk/src/rp2_common/pico_standard_link/crt0.S.obj
 .debug_abbrev  0x00003984       0x9a CMakeFiles/PicoLED.dir/C_/Users/Steve/Documents/Pico/pico-sdk/src/rp2_common/pico_standard_link/binary_info.c.obj
 .debug_abbrev  0x00003a1e      0x4a9 CMakeFiles/PicoLED.dir/C_/Users/Steve/Documents/Pico/pico-sdk/src/rp2_common/pico_stdio/stdio.c.obj
 .debug_abbrev  0x00003ec7      0x373 CMakeFiles/PicoLED.dir/C_/Users/Steve/Documents/Pico/pico-sdk/src/rp2_common/pico_stdio_uart/stdio_uart.c.obj
 .debug_abbrev  0x0000423a      0x16c CMakeFiles/PicoLED.dir/C_/Users/Steve/Documents/Pico/pico-sdk/src/rp2_common/pico_unique_id/unique_id.c.obj

.debug_loc      0x00000000     0xdcaa
 .debug_loc     0x00000000      0x33f CMakeFiles/PicoLED.dir/PicoLED.cpp.obj
 .debug_loc     0x0000033f     0x118d CMakeFiles/PicoLED.dir/C_/Users/Steve/Documents/Pico/pico-sdk/src/rp2_common/hardware_gpio/gpio.c.obj
 .debug_loc     0x000014cc      0x45f CMakeFiles/PicoLED.dir/C_/Users/Steve/Documents/Pico/pico-sdk/src/rp2_common/hardware_claim/claim.c.obj
 .debug_loc     0x0000192b       0xe9 CMakeFiles/PicoLED.dir/C_/Users/Steve/Documents/Pico/pico-sdk/src/rp2_common/pico_platform/platform.c.obj
 .debug_loc     0x00001a14      0x233 CMakeFiles/PicoLED.dir/C_/Users/Steve/Documents/Pico/pico-sdk/src/rp2_common/hardware_sync/sync.c.obj
 .debug_loc     0x00001c47     0x1365 CMakeFiles/PicoLED.dir/C_/Users/Steve/Documents/Pico/pico-sdk/src/rp2_common/hardware_irq/irq.c.obj
 .debug_loc     0x00002fac       0x60 CMakeFiles/PicoLED.dir/C_/Users/Steve/Documents/Pico/pico-sdk/src/common/pico_sync/lock_core.c.obj
 .debug_loc     0x0000300c     0x2e2a CMakeFiles/PicoLED.dir/C_/Users/Steve/Documents/Pico/pico-sdk/src/common/pico_time/time.c.obj
 .debug_loc     0x00005e36      0x952 CMakeFiles/PicoLED.dir/C_/Users/Steve/Documents/Pico/pico-sdk/src/rp2_common/hardware_timer/timer.c.obj
 .debug_loc     0x00006788     0x1439 CMakeFiles/PicoLED.dir/C_/Users/Steve/Documents/Pico/pico-sdk/src/common/pico_util/pheap.c.obj
 .debug_loc     0x00007bc1     0x1469 CMakeFiles/PicoLED.dir/C_/Users/Steve/Documents/Pico/pico-sdk/src/common/pico_sync/mutex.c.obj
 .debug_loc     0x0000902a      0x520 CMakeFiles/PicoLED.dir/C_/Users/Steve/Documents/Pico/pico-sdk/src/rp2_common/hardware_uart/uart.c.obj
 .debug_loc     0x0000954a      0x3f0 CMakeFiles/PicoLED.dir/C_/Users/Steve/Documents/Pico/pico-sdk/src/rp2_common/pico_runtime/runtime.c.obj
 .debug_loc     0x0000993a      0x7eb CMakeFiles/PicoLED.dir/C_/Users/Steve/Documents/Pico/pico-sdk/src/rp2_common/hardware_clocks/clocks.c.obj
 .debug_loc     0x0000a125      0x32f CMakeFiles/PicoLED.dir/C_/Users/Steve/Documents/Pico/pico-sdk/src/rp2_common/hardware_pll/pll.c.obj
 .debug_loc     0x0000a454      0x2ec CMakeFiles/PicoLED.dir/C_/Users/Steve/Documents/Pico/pico-sdk/src/rp2_common/hardware_watchdog/watchdog.c.obj
 .debug_loc     0x0000a740       0x71 CMakeFiles/PicoLED.dir/C_/Users/Steve/Documents/Pico/pico-sdk/src/rp2_common/hardware_xosc/xosc.c.obj
 .debug_loc     0x0000a7b1     0x2095 CMakeFiles/PicoLED.dir/C_/Users/Steve/Documents/Pico/pico-sdk/src/rp2_common/pico_printf/printf.c.obj
 .debug_loc     0x0000c846      0x1a1 CMakeFiles/PicoLED.dir/C_/Users/Steve/Documents/Pico/pico-sdk/src/rp2_common/pico_bootrom/bootrom.c.obj
 .debug_loc     0x0000c9e7       0x59 CMakeFiles/PicoLED.dir/C_/Users/Steve/Documents/Pico/pico-sdk/src/rp2_common/pico_double/double_init_rom.c.obj
 .debug_loc     0x0000ca40       0x81 CMakeFiles/PicoLED.dir/C_/Users/Steve/Documents/Pico/pico-sdk/src/rp2_common/pico_float/float_init_rom.c.obj
 .debug_loc     0x0000cac1      0xb7b CMakeFiles/PicoLED.dir/C_/Users/Steve/Documents/Pico/pico-sdk/src/rp2_common/pico_stdio/stdio.c.obj
 .debug_loc     0x0000d63c      0x54c CMakeFiles/PicoLED.dir/C_/Users/Steve/Documents/Pico/pico-sdk/src/rp2_common/pico_stdio_uart/stdio_uart.c.obj
 .debug_loc     0x0000db88      0x122 CMakeFiles/PicoLED.dir/C_/Users/Steve/Documents/Pico/pico-sdk/src/rp2_common/pico_unique_id/unique_id.c.obj

.debug_aranges  0x00000000      0xd20
 .debug_aranges
                0x00000000       0x28 CMakeFiles/PicoLED.dir/PicoLED.cpp.obj
 .debug_aranges
                0x00000028      0x100 CMakeFiles/PicoLED.dir/C_/Users/Steve/Documents/Pico/pico-sdk/src/rp2_common/hardware_gpio/gpio.c.obj
 .debug_aranges
                0x00000128       0x48 CMakeFiles/PicoLED.dir/C_/Users/Steve/Documents/Pico/pico-sdk/src/rp2_common/hardware_claim/claim.c.obj
 .debug_aranges
                0x00000170       0x28 CMakeFiles/PicoLED.dir/C_/Users/Steve/Documents/Pico/pico-sdk/src/rp2_common/pico_platform/platform.c.obj
 .debug_aranges
                0x00000198       0x58 CMakeFiles/PicoLED.dir/C_/Users/Steve/Documents/Pico/pico-sdk/src/rp2_common/hardware_sync/sync.c.obj
 .debug_aranges
                0x000001f0       0xc8 CMakeFiles/PicoLED.dir/C_/Users/Steve/Documents/Pico/pico-sdk/src/rp2_common/hardware_irq/irq.c.obj
 .debug_aranges
                0x000002b8       0x20 CMakeFiles/PicoLED.dir/C_/Users/Steve/Documents/Pico/pico-sdk/src/common/pico_sync/lock_core.c.obj
 .debug_aranges
                0x000002d8       0xd0 CMakeFiles/PicoLED.dir/C_/Users/Steve/Documents/Pico/pico-sdk/src/common/pico_time/time.c.obj
 .debug_aranges
                0x000003a8       0x78 CMakeFiles/PicoLED.dir/C_/Users/Steve/Documents/Pico/pico-sdk/src/rp2_common/hardware_timer/timer.c.obj
 .debug_aranges
                0x00000420       0x78 CMakeFiles/PicoLED.dir/C_/Users/Steve/Documents/Pico/pico-sdk/src/common/pico_util/pheap.c.obj
 .debug_aranges
                0x00000498       0x88 CMakeFiles/PicoLED.dir/C_/Users/Steve/Documents/Pico/pico-sdk/src/common/pico_sync/mutex.c.obj
 .debug_aranges
                0x00000520       0x40 CMakeFiles/PicoLED.dir/C_/Users/Steve/Documents/Pico/pico-sdk/src/rp2_common/hardware_uart/uart.c.obj
 .debug_aranges
                0x00000560       0x38 CMakeFiles/PicoLED.dir/C_/Users/Steve/Documents/Pico/pico-sdk/src/rp2_common/hardware_divider/divider.S.obj
 .debug_aranges
                0x00000598       0x60 CMakeFiles/PicoLED.dir/C_/Users/Steve/Documents/Pico/pico-sdk/src/rp2_common/pico_runtime/runtime.c.obj
 .debug_aranges
                0x000005f8       0x70 CMakeFiles/PicoLED.dir/C_/Users/Steve/Documents/Pico/pico-sdk/src/rp2_common/hardware_clocks/clocks.c.obj
 .debug_aranges
                0x00000668       0x28 CMakeFiles/PicoLED.dir/C_/Users/Steve/Documents/Pico/pico-sdk/src/rp2_common/hardware_pll/pll.c.obj
 .debug_aranges
                0x00000690       0x58 CMakeFiles/PicoLED.dir/C_/Users/Steve/Documents/Pico/pico-sdk/src/rp2_common/hardware_watchdog/watchdog.c.obj
 .debug_aranges
                0x000006e8       0x30 CMakeFiles/PicoLED.dir/C_/Users/Steve/Documents/Pico/pico-sdk/src/rp2_common/hardware_xosc/xosc.c.obj
 .debug_aranges
                0x00000718       0x90 CMakeFiles/PicoLED.dir/C_/Users/Steve/Documents/Pico/pico-sdk/src/rp2_common/pico_printf/printf.c.obj
 .debug_aranges
                0x000007a8       0x68 CMakeFiles/PicoLED.dir/C_/Users/Steve/Documents/Pico/pico-sdk/src/rp2_common/pico_bit_ops/bit_ops_aeabi.S.obj
 .debug_aranges
                0x00000810       0x30 CMakeFiles/PicoLED.dir/C_/Users/Steve/Documents/Pico/pico-sdk/src/rp2_common/pico_bootrom/bootrom.c.obj
 .debug_aranges
                0x00000840       0x40 CMakeFiles/PicoLED.dir/C_/Users/Steve/Documents/Pico/pico-sdk/src/rp2_common/pico_divider/divider.S.obj
 .debug_aranges
                0x00000880      0x140 CMakeFiles/PicoLED.dir/C_/Users/Steve/Documents/Pico/pico-sdk/src/rp2_common/pico_double/double_aeabi.S.obj
 .debug_aranges
                0x000009c0       0x28 CMakeFiles/PicoLED.dir/C_/Users/Steve/Documents/Pico/pico-sdk/src/rp2_common/pico_double/double_init_rom.c.obj
 .debug_aranges
                0x000009e8       0x20 CMakeFiles/PicoLED.dir/C_/Users/Steve/Documents/Pico/pico-sdk/src/rp2_common/pico_double/double_v1_rom_shim.S.obj
 .debug_aranges
                0x00000a08      0x130 CMakeFiles/PicoLED.dir/C_/Users/Steve/Documents/Pico/pico-sdk/src/rp2_common/pico_float/float_aeabi.S.obj
 .debug_aranges
                0x00000b38       0x28 CMakeFiles/PicoLED.dir/C_/Users/Steve/Documents/Pico/pico-sdk/src/rp2_common/pico_float/float_init_rom.c.obj
 .debug_aranges
                0x00000b60       0x38 CMakeFiles/PicoLED.dir/C_/Users/Steve/Documents/Pico/pico-sdk/src/rp2_common/pico_mem_ops/mem_ops_aeabi.S.obj
 .debug_aranges
                0x00000b98       0x28 CMakeFiles/PicoLED.dir/C_/Users/Steve/Documents/Pico/pico-sdk/src/rp2_common/pico_standard_link/crt0.S.obj
 .debug_aranges
                0x00000bc0       0x18 CMakeFiles/PicoLED.dir/C_/Users/Steve/Documents/Pico/pico-sdk/src/rp2_common/pico_standard_link/binary_info.c.obj
 .debug_aranges
                0x00000bd8       0xd0 CMakeFiles/PicoLED.dir/C_/Users/Steve/Documents/Pico/pico-sdk/src/rp2_common/pico_stdio/stdio.c.obj
 .debug_aranges
                0x00000ca8       0x48 CMakeFiles/PicoLED.dir/C_/Users/Steve/Documents/Pico/pico-sdk/src/rp2_common/pico_stdio_uart/stdio_uart.c.obj
 .debug_aranges
                0x00000cf0       0x30 CMakeFiles/PicoLED.dir/C_/Users/Steve/Documents/Pico/pico-sdk/src/rp2_common/pico_unique_id/unique_id.c.obj

.debug_ranges   0x00000000     0x2f38
 .debug_ranges  0x00000000       0xa8 CMakeFiles/PicoLED.dir/PicoLED.cpp.obj
 .debug_ranges  0x000000a8      0x150 CMakeFiles/PicoLED.dir/C_/Users/Steve/Documents/Pico/pico-sdk/src/rp2_common/hardware_gpio/gpio.c.obj
 .debug_ranges  0x000001f8       0xd8 CMakeFiles/PicoLED.dir/C_/Users/Steve/Documents/Pico/pico-sdk/src/rp2_common/hardware_claim/claim.c.obj
 .debug_ranges  0x000002d0       0x18 CMakeFiles/PicoLED.dir/C_/Users/Steve/Documents/Pico/pico-sdk/src/rp2_common/pico_platform/platform.c.obj
 .debug_ranges  0x000002e8       0xf0 CMakeFiles/PicoLED.dir/C_/Users/Steve/Documents/Pico/pico-sdk/src/rp2_common/hardware_sync/sync.c.obj
 .debug_ranges  0x000003d8      0x400 CMakeFiles/PicoLED.dir/C_/Users/Steve/Documents/Pico/pico-sdk/src/rp2_common/hardware_irq/irq.c.obj
 .debug_ranges  0x000007d8       0x10 CMakeFiles/PicoLED.dir/C_/Users/Steve/Documents/Pico/pico-sdk/src/common/pico_sync/lock_core.c.obj
 .debug_ranges  0x000007e8      0xba0 CMakeFiles/PicoLED.dir/C_/Users/Steve/Documents/Pico/pico-sdk/src/common/pico_time/time.c.obj
 .debug_ranges  0x00001388      0x320 CMakeFiles/PicoLED.dir/C_/Users/Steve/Documents/Pico/pico-sdk/src/rp2_common/hardware_timer/timer.c.obj
 .debug_ranges  0x000016a8      0x248 CMakeFiles/PicoLED.dir/C_/Users/Steve/Documents/Pico/pico-sdk/src/common/pico_util/pheap.c.obj
 .debug_ranges  0x000018f0      0xab8 CMakeFiles/PicoLED.dir/C_/Users/Steve/Documents/Pico/pico-sdk/src/common/pico_sync/mutex.c.obj
 .debug_ranges  0x000023a8       0xf8 CMakeFiles/PicoLED.dir/C_/Users/Steve/Documents/Pico/pico-sdk/src/rp2_common/hardware_uart/uart.c.obj